#
# There is insufficient memory for the Java Runtime Environment to continue.
# Native memory allocation (malloc) failed to allocate 192384 bytes. Error detail: Chunk::new
# Possible reasons:
#   The system is out of physical RAM or swap space
#   This process is running with CompressedOops enabled, and the Java Heap may be blocking the growth of the native heap
# Possible solutions:
#   Reduce memory load on the system
#   Increase physical memory or swap space
#   Check if swap backing store is full
#   Decrease Java heap size (-Xmx/-Xms)
#   Decrease number of Java threads
#   Decrease Java thread stack sizes (-Xss)
#   Set larger code cache with -XX:ReservedCodeCacheSize=
#   JVM is running with Unscaled Compressed Oops mode in which the Java heap is
#     placed in the first 4GB address space. The Java Heap base address is the
#     maximum limit for the native heap growth. Please use -XX:HeapBaseMinAddress
#     to set the Java Heap base and to place the Java Heap above 4GB virtual address.
# This output file may be truncated or incomplete.
#
#  Out of Memory Error (arena.cpp:168), pid=20816, tid=21376
#
# JRE version: OpenJDK Runtime Environment Temurin-21.0.10+7 (21.0.10+7) (build 21.0.10+7-LTS)
# Java VM: OpenJDK 64-Bit Server VM Temurin-21.0.10+7 (21.0.10+7-LTS, mixed mode, sharing, tiered, compressed oops, compressed class ptrs, parallel gc, windows-amd64)
# No core dump will be written. Minidumps are not enabled by default on client versions of Windows
#

---------------  S U M M A R Y ------------

Command Line: --add-modules=ALL-SYSTEM --add-opens=java.base/java.util=ALL-UNNAMED --add-opens=java.base/java.lang=ALL-UNNAMED --add-opens=java.base/sun.nio.fs=ALL-UNNAMED -Declipse.application=org.eclipse.jdt.ls.core.id1 -Dosgi.bundles.defaultStartLevel=4 -Declipse.product=org.eclipse.jdt.ls.core.product -Djava.import.generatesMetadataFilesAtProjectRoot=false -DDetectVMInstallationsJob.disabled=true -Dfile.encoding=utf8 -XX:+UseParallelGC -XX:GCTimeRatio=4 -XX:AdaptiveSizePolicyWeight=90 -Dsun.zip.disableMemoryMapping=true -Xmx2G -Xms100m -Xlog:disable -javaagent:c:\Users\lequa\.antigravity\extensions\redhat.java-1.54.0-win32-x64\lombok\lombok-1.18.39-4050.jar -XX:+HeapDumpOnOutOfMemoryError -XX:HeapDumpPath=c:\Users\lequa\AppData\Roaming\Antigravity\User\workspaceStorage\a5b70fa8f2d224bbf0d0530f3c5eba22\redhat.java -Daether.dependencyCollector.impl=bf c:\Users\lequa\.antigravity\extensions\redhat.java-1.54.0-win32-x64\server\plugins\org.eclipse.equinox.launcher_1.7.100.v20251111-0406.jar -configuration c:\Users\lequa\AppData\Roaming\Antigravity\User\globalStorage\redhat.java\1.54.0\config_win -data c:\Users\lequa\AppData\Roaming\Antigravity\User\workspaceStorage\a5b70fa8f2d224bbf0d0530f3c5eba22\redhat.java\jdt_ws --pipe=\\.\pipe\lsp-1b66af8c91498e7cae43b95b7f3d3cb3-sock

Host: 11th Gen Intel(R) Core(TM) i5-1135G7 @ 2.40GHz, 8 cores, 7G,  Windows 11 , 64 bit Build 22621 (10.0.22621.5415)
Time: Tue Jun  2 10:13:43 2026 SE Asia Standard Time elapsed time: 10.219344 seconds (0d 0h 0m 10s)

---------------  T H R E A D  ---------------

Current thread (0x0000018ec0c46170):  JavaThread "C2 CompilerThread0" daemon [_thread_in_native, id=21376, stack(0x0000003689600000,0x0000003689700000) (1024K)]


Current CompileTask:
C2:10219 2029       4       java.util.zip.ZipFile::getZipEntry (322 bytes)

Stack: [0x0000003689600000,0x0000003689700000]
Native frames: (J=compiled Java code, j=interpreted, Vv=VM code, C=native code)
V  [jvm.dll+0x6d7a39]
V  [jvm.dll+0x8b4b26]
V  [jvm.dll+0x8b70de]
V  [jvm.dll+0x8b77c3]
V  [jvm.dll+0x284346]
V  [jvm.dll+0xc66ed]
V  [jvm.dll+0xc6c31]
V  [jvm.dll+0x3bec3b]
V  [jvm.dll+0x1e3d62]
V  [jvm.dll+0x24c6b3]
V  [jvm.dll+0x24bb40]
V  [jvm.dll+0x1cb34e]
V  [jvm.dll+0x25b85d]
V  [jvm.dll+0x259dea]
V  [jvm.dll+0x3f857e]
V  [jvm.dll+0x85f59d]
V  [jvm.dll+0x6d626d]
C  [ucrtbase.dll+0x29333]
C  [KERNEL32.DLL+0x1259d]
C  [ntdll.dll+0x5af78]


---------------  P R O C E S S  ---------------

Threads class SMR info:
_java_thread_list=0x0000018f081a1eb0, length=15, elements={
0x0000018eaa1c7df0, 0x0000018ec0c393a0, 0x0000018ec0c3a2d0, 0x0000018ec0c3d4b0,
0x0000018ec0c3e780, 0x0000018ec0c434c0, 0x0000018ec0c45330, 0x0000018ec0c46170,
0x0000018f035f74e0, 0x0000018f03835820, 0x0000018f03892900, 0x0000018f083f1500,
0x0000018f086adef0, 0x0000018f0866b200, 0x0000018f0866bb40
}

Java Threads: ( => current thread )
  0x0000018eaa1c7df0 JavaThread "main"                              [_thread_blocked, id=20684, stack(0x0000003688c00000,0x0000003688d00000) (1024K)]
  0x0000018ec0c393a0 JavaThread "Reference Handler"          daemon [_thread_blocked, id=21180, stack(0x0000003689000000,0x0000003689100000) (1024K)]
  0x0000018ec0c3a2d0 JavaThread "Finalizer"                  daemon [_thread_blocked, id=20508, stack(0x0000003689100000,0x0000003689200000) (1024K)]
  0x0000018ec0c3d4b0 JavaThread "Signal Dispatcher"          daemon [_thread_blocked, id=18764, stack(0x0000003689200000,0x0000003689300000) (1024K)]
  0x0000018ec0c3e780 JavaThread "Attach Listener"            daemon [_thread_blocked, id=8680, stack(0x0000003689300000,0x0000003689400000) (1024K)]
  0x0000018ec0c434c0 JavaThread "Service Thread"             daemon [_thread_blocked, id=20712, stack(0x0000003689400000,0x0000003689500000) (1024K)]
  0x0000018ec0c45330 JavaThread "Monitor Deflation Thread"   daemon [_thread_blocked, id=21316, stack(0x0000003689500000,0x0000003689600000) (1024K)]
=>0x0000018ec0c46170 JavaThread "C2 CompilerThread0"         daemon [_thread_in_native, id=21376, stack(0x0000003689600000,0x0000003689700000) (1024K)]
  0x0000018f035f74e0 JavaThread "C1 CompilerThread0"         daemon [_thread_blocked, id=21416, stack(0x0000003689700000,0x0000003689800000) (1024K)]
  0x0000018f03835820 JavaThread "Common-Cleaner"             daemon [_thread_blocked, id=18992, stack(0x0000003689800000,0x0000003689900000) (1024K)]
  0x0000018f03892900 JavaThread "Notification Thread"        daemon [_thread_blocked, id=21476, stack(0x0000003689900000,0x0000003689a00000) (1024K)]
  0x0000018f083f1500 JavaThread "Active Thread: Equinox Container: 69cde822-637d-4244-8fcf-84344c076307"        [_thread_blocked, id=1916, stack(0x000000368a000000,0x000000368a100000) (1024K)]
  0x0000018f086adef0 JavaThread "Refresh Thread: Equinox Container: 69cde822-637d-4244-8fcf-84344c076307" daemon [_thread_blocked, id=21132, stack(0x000000368a200000,0x000000368a300000) (1024K)]
  0x0000018f0866b200 JavaThread "Framework Event Dispatcher: Equinox Container: 69cde822-637d-4244-8fcf-84344c076307" daemon [_thread_blocked, id=16312, stack(0x000000368a300000,0x000000368a400000) (1024K)]
  0x0000018f0866bb40 JavaThread "Start Level: Equinox Container: 69cde822-637d-4244-8fcf-84344c076307" daemon [_thread_in_native, id=20652, stack(0x000000368a400000,0x000000368a500000) (1024K)]
Total: 15

Other Threads:
  0x0000018eaa248a90 VMThread "VM Thread"                           [id=21200, stack(0x0000003688f00000,0x0000003689000000) (1024K)]
  0x0000018eaa2354b0 WatcherThread "VM Periodic Task Thread"        [id=21208, stack(0x0000003688e00000,0x0000003688f00000) (1024K)]
  0x0000018eaa1e7ba0 WorkerThread "GC Thread#0"                     [id=20516, stack(0x0000003688d00000,0x0000003688e00000) (1024K)]
  0x0000018f080073d0 WorkerThread "GC Thread#1"                     [id=21000, stack(0x0000003689a00000,0x0000003689b00000) (1024K)]
  0x0000018f0800d140 WorkerThread "GC Thread#2"                     [id=13732, stack(0x0000003689b00000,0x0000003689c00000) (1024K)]
  0x0000018f0800d4f0 WorkerThread "GC Thread#3"                     [id=21456, stack(0x0000003689c00000,0x0000003689d00000) (1024K)]
  0x0000018f08007e90 WorkerThread "GC Thread#4"                     [id=21192, stack(0x0000003689d00000,0x0000003689e00000) (1024K)]
  0x0000018f08008240 WorkerThread "GC Thread#5"                     [id=20048, stack(0x0000003689e00000,0x0000003689f00000) (1024K)]
  0x0000018f080085f0 WorkerThread "GC Thread#6"                     [id=21236, stack(0x0000003689f00000,0x000000368a000000) (1024K)]
  0x0000018f082cabc0 WorkerThread "GC Thread#7"                     [id=18184, stack(0x000000368a100000,0x000000368a200000) (1024K)]
Total: 10

Threads with active compile tasks:
C2 CompilerThread0  10630 2029       4       java.util.zip.ZipFile::getZipEntry (322 bytes)
Total: 1

VM state: not at safepoint (normal execution)

VM Mutex/Monitor currently owned by a thread: None

Heap address: 0x0000000080000000, size: 2048 MB, Compressed Oops mode: 32-bit

CDS archive(s) mapped at: [0x0000018ec1000000-0x0000018ec1ba0000-0x0000018ec1ba0000), size 12189696, SharedBaseAddress: 0x0000018ec1000000, ArchiveRelocationMode: 1.
Compressed class space mapped at: 0x0000018ec2000000-0x0000018f02000000, reserved size: 1073741824
Narrow klass base: 0x0000018ec1000000, Narrow klass shift: 0, Narrow klass range: 0x100000000

GC Precious Log:
 CardTable entry size: 512
 CPUs: 8 total, 8 available
 Memory: 7834M
 Large Page Support: Disabled
 NUMA Support: Disabled
 Compressed Oops: Enabled (32-bit)
 Alignments: Space 512K, Generation 512K, Heap 2M
 Heap Min Capacity: 100M
 Heap Initial Capacity: 100M
 Heap Max Capacity: 2G
 Pre-touch: Disabled
 Parallel Workers: 8

Heap:
 PSYoungGen      total 29696K, used 23214K [0x00000000d5580000, 0x00000000d7680000, 0x0000000100000000)
  eden space 25600K, 74% used [0x00000000d5580000,0x00000000d6832040,0x00000000d6e80000)
  from space 4096K, 99% used [0x00000000d7280000,0x00000000d7679820,0x00000000d7680000)
  to   space 4096K, 0% used [0x00000000d6e80000,0x00000000d6e80000,0x00000000d7280000)
 ParOldGen       total 68608K, used 2037K [0x0000000080000000, 0x0000000084300000, 0x00000000d5580000)
  object space 68608K, 2% used [0x0000000080000000,0x00000000801fd658,0x0000000084300000)
 Metaspace       used 9391K, committed 9728K, reserved 1114112K
  class space    used 1003K, committed 1152K, reserved 1048576K

Card table byte_map: [0x0000018ea9b40000,0x0000018ea9f50000] _byte_map_base: 0x0000018ea9740000

Marking Bits: (ParMarkBitMap*) 0x00007ff8ebeb3450
 Begin Bits: [0x0000018ebc650000, 0x0000018ebe650000)
 End Bits:   [0x0000018ebe650000, 0x0000018ec0650000)

Polling page: 0x0000018ea8030000

Metaspace:

Usage:
  Non-class:      8.19 MB used.
      Class:   1003.82 KB used.
       Both:      9.17 MB used.

Virtual space:
  Non-class space:       64.00 MB reserved,       8.38 MB ( 13%) committed,  1 nodes.
      Class space:        1.00 GB reserved,       1.12 MB ( <1%) committed,  1 nodes.
             Both:        1.06 GB reserved,       9.50 MB ( <1%) committed. 

Chunk freelists:
   Non-Class:  6.83 MB
       Class:  14.79 MB
        Both:  21.61 MB

MaxMetaspaceSize: unlimited
CompressedClassSpaceSize: 1.00 GB
Initial GC threshold: 21.00 MB
Current GC threshold: 21.00 MB
CDS: on
 - commit_granule_bytes: 65536.
 - commit_granule_words: 8192.
 - virtual_space_node_default_size: 8388608.
 - enlarge_chunks_in_place: 1.
 - use_allocation_guard: 0.


Internal statistics:

num_allocs_failed_limit: 0.
num_arena_births: 256.
num_arena_deaths: 0.
num_vsnodes_births: 2.
num_vsnodes_deaths: 0.
num_space_committed: 152.
num_space_uncommitted: 0.
num_chunks_returned_to_freelist: 0.
num_chunks_taken_from_freelist: 505.
num_chunk_merges: 0.
num_chunk_splits: 320.
num_chunks_enlarged: 209.
num_inconsistent_stats: 0.

CodeHeap 'non-profiled nmethods': size=120000Kb used=861Kb max_used=861Kb free=119138Kb
 bounds [0x0000018eb4e70000, 0x0000018eb50e0000, 0x0000018ebc3a0000]
CodeHeap 'profiled nmethods': size=120000Kb used=3832Kb max_used=3832Kb free=116167Kb
 bounds [0x0000018ead3a0000, 0x0000018ead760000, 0x0000018eb48d0000]
CodeHeap 'non-nmethods': size=5760Kb used=1239Kb max_used=1253Kb free=4520Kb
 bounds [0x0000018eb48d0000, 0x0000018eb4b40000, 0x0000018eb4e70000]
CodeCache: size=245760Kb, used=5932Kb, max_used=5946Kb, free=239825Kb
 total_blobs=2555, nmethods=2062, adapters=399, full_count=0
Compilation: enabled, stopped_count=0, restarted_count=0

Compilation events (20 events):
Event: 10.177 Thread 0x0000018f035f74e0 nmethod 2022 0x0000018ead743310 code [0x0000018ead743560, 0x0000018ead743c10]
Event: 10.179 Thread 0x0000018f035f74e0 2024       3       java.util.HashSet::iterator (13 bytes)
Event: 10.179 Thread 0x0000018f035f74e0 nmethod 2024 0x0000018ead743f10 code [0x0000018ead7440e0, 0x0000018ead744378]
Event: 10.183 Thread 0x0000018f035f74e0 2025       3       org.eclipse.osgi.util.ManifestElement::readLine (122 bytes)
Event: 10.184 Thread 0x0000018f035f74e0 nmethod 2025 0x0000018ead744490 code [0x0000018ead744760, 0x0000018ead7457b8]
Event: 10.185 Thread 0x0000018f035f74e0 2026       3       java.lang.StringBuilder::append (6 bytes)
Event: 10.185 Thread 0x0000018f035f74e0 nmethod 2026 0x0000018ead745b90 code [0x0000018ead745d40, 0x0000018ead745ef0]
Event: 10.188 Thread 0x0000018ec0c46170 2027       4       java.util.zip.ZipFile::ensureOpen (40 bytes)
Event: 10.188 Thread 0x0000018f035f74e0 2028       3       java.lang.AbstractStringBuilder::<init> (63 bytes)
Event: 10.189 Thread 0x0000018f035f74e0 nmethod 2028 0x0000018ead746010 code [0x0000018ead746220, 0x0000018ead746848]
Event: 10.189 Thread 0x0000018ec0c46170 nmethod 2027 0x0000018eb4f45e10 code [0x0000018eb4f45fa0, 0x0000018eb4f46078]
Event: 10.189 Thread 0x0000018ec0c46170 2029       4       java.util.zip.ZipFile::getZipEntry (322 bytes)
Event: 10.199 Thread 0x0000018f035f74e0 2038       3       java.lang.invoke.DirectMethodHandle$Holder::newInvokeSpecial (21 bytes)
Event: 10.199 Thread 0x0000018f035f74e0 nmethod 2038 0x0000018ead746a90 code [0x0000018ead746c80, 0x0000018ead747400]
Event: 10.199 Thread 0x0000018f035f74e0 2039       1       org.eclipse.osgi.internal.loader.EquinoxClassLoader::getClasspathManager (5 bytes)
Event: 10.199 Thread 0x0000018f035f74e0 nmethod 2039 0x0000018eb4f46190 code [0x0000018eb4f46320, 0x0000018eb4f463e8]
Event: 10.207 Thread 0x0000018f035f74e0 2040   !   3       org.eclipse.osgi.storage.bundlefile.CloseableBundleFile::lockOpen (113 bytes)
Event: 10.209 Thread 0x0000018f035f74e0 nmethod 2040 0x0000018ead747590 code [0x0000018ead747860, 0x0000018ead748978]
Event: 10.209 Thread 0x0000018f035f74e0 2041   !   3       org.eclipse.osgi.storage.bundlefile.CloseableBundleFile::internalOpen (118 bytes)
Event: 10.212 Thread 0x0000018f035f74e0 nmethod 2041 0x0000018ead749010 code [0x0000018ead749400, 0x0000018ead74acf8]

GC Heap History (4 events):
Event: 3.785 GC heap before
{Heap before GC invocations=1 (full 0):
 PSYoungGen      total 29696K, used 25600K [0x00000000d5580000, 0x00000000d7680000, 0x0000000100000000)
  eden space 25600K, 100% used [0x00000000d5580000,0x00000000d6e80000,0x00000000d6e80000)
  from space 4096K, 0% used [0x00000000d7280000,0x00000000d7280000,0x00000000d7680000)
  to   space 4096K, 0% used [0x00000000d6e80000,0x00000000d6e80000,0x00000000d7280000)
 ParOldGen       total 68608K, used 0K [0x0000000080000000, 0x0000000084300000, 0x00000000d5580000)
  object space 68608K, 0% used [0x0000000080000000,0x0000000080000000,0x0000000084300000)
 Metaspace       used 4343K, committed 4608K, reserved 1114112K
  class space    used 473K, committed 576K, reserved 1048576K
}
Event: 3.801 GC heap after
{Heap after GC invocations=1 (full 0):
 PSYoungGen      total 29696K, used 3303K [0x00000000d5580000, 0x00000000d7680000, 0x0000000100000000)
  eden space 25600K, 0% used [0x00000000d5580000,0x00000000d5580000,0x00000000d6e80000)
  from space 4096K, 80% used [0x00000000d6e80000,0x00000000d71b9e98,0x00000000d7280000)
  to   space 4096K, 0% used [0x00000000d7280000,0x00000000d7280000,0x00000000d7680000)
 ParOldGen       total 68608K, used 0K [0x0000000080000000, 0x0000000084300000, 0x00000000d5580000)
  object space 68608K, 0% used [0x0000000080000000,0x0000000080000000,0x0000000084300000)
 Metaspace       used 4343K, committed 4608K, reserved 1114112K
  class space    used 473K, committed 576K, reserved 1048576K
}
Event: 9.521 GC heap before
{Heap before GC invocations=2 (full 0):
 PSYoungGen      total 29696K, used 28903K [0x00000000d5580000, 0x00000000d7680000, 0x0000000100000000)
  eden space 25600K, 100% used [0x00000000d5580000,0x00000000d6e80000,0x00000000d6e80000)
  from space 4096K, 80% used [0x00000000d6e80000,0x00000000d71b9e98,0x00000000d7280000)
  to   space 4096K, 0% used [0x00000000d7280000,0x00000000d7280000,0x00000000d7680000)
 ParOldGen       total 68608K, used 0K [0x0000000080000000, 0x0000000084300000, 0x00000000d5580000)
  object space 68608K, 0% used [0x0000000080000000,0x0000000080000000,0x0000000084300000)
 Metaspace       used 7978K, committed 8256K, reserved 1114112K
  class space    used 829K, committed 960K, reserved 1048576K
}
Event: 9.529 GC heap after
{Heap after GC invocations=2 (full 0):
 PSYoungGen      total 29696K, used 4070K [0x00000000d5580000, 0x00000000d7680000, 0x0000000100000000)
  eden space 25600K, 0% used [0x00000000d5580000,0x00000000d5580000,0x00000000d6e80000)
  from space 4096K, 99% used [0x00000000d7280000,0x00000000d7679820,0x00000000d7680000)
  to   space 4096K, 0% used [0x00000000d6e80000,0x00000000d6e80000,0x00000000d7280000)
 ParOldGen       total 68608K, used 2037K [0x0000000080000000, 0x0000000084300000, 0x00000000d5580000)
  object space 68608K, 2% used [0x0000000080000000,0x00000000801fd658,0x0000000084300000)
 Metaspace       used 7978K, committed 8256K, reserved 1114112K
  class space    used 829K, committed 960K, reserved 1048576K
}

Dll operation events (9 events):
Event: 0.076 Loaded shared library c:\Users\lequa\.antigravity\extensions\redhat.java-1.54.0-win32-x64\jre\21.0.10-win32-x86_64\bin\java.dll
Event: 0.343 Loaded shared library c:\Users\lequa\.antigravity\extensions\redhat.java-1.54.0-win32-x64\jre\21.0.10-win32-x86_64\bin\zip.dll
Event: 0.457 Loaded shared library C:\Users\lequa\.antigravity\extensions\redhat.java-1.54.0-win32-x64\jre\21.0.10-win32-x86_64\bin\instrument.dll
Event: 0.482 Loaded shared library C:\Users\lequa\.antigravity\extensions\redhat.java-1.54.0-win32-x64\jre\21.0.10-win32-x86_64\bin\net.dll
Event: 0.496 Loaded shared library C:\Users\lequa\.antigravity\extensions\redhat.java-1.54.0-win32-x64\jre\21.0.10-win32-x86_64\bin\nio.dll
Event: 0.505 Loaded shared library C:\Users\lequa\.antigravity\extensions\redhat.java-1.54.0-win32-x64\jre\21.0.10-win32-x86_64\bin\zip.dll
Event: 0.541 Loaded shared library C:\Users\lequa\.antigravity\extensions\redhat.java-1.54.0-win32-x64\jre\21.0.10-win32-x86_64\bin\jimage.dll
Event: 0.953 Loaded shared library c:\Users\lequa\.antigravity\extensions\redhat.java-1.54.0-win32-x64\jre\21.0.10-win32-x86_64\bin\verify.dll
Event: 9.793 Loaded shared library C:\Users\lequa\AppData\Roaming\Antigravity\User\globalStorage\redhat.java\1.54.0\config_win\org.eclipse.equinox.launcher\org.eclipse.equinox.launcher.win32.win32.x86_64_1.3.0.v20260203-2149\eclipse_11919.dll

Deoptimization events (20 events):
Event: 10.016 Thread 0x0000018f0866bb40 Uncommon trap: trap_request=0xffffffde fr.pc=0x0000018eb4f25fac relative=0x0000000000000acc
Event: 10.016 Thread 0x0000018f0866bb40 Uncommon trap: reason=class_check action=maybe_recompile pc=0x0000018eb4f25fac method=java.util.HashMap.putVal(ILjava/lang/Object;Ljava/lang/Object;ZZ)Ljava/lang/Object; @ 91 c2
Event: 10.016 Thread 0x0000018f0866bb40 DEOPT PACKING pc=0x0000018eb4f25fac sp=0x000000368a4fe2b0
Event: 10.016 Thread 0x0000018f0866bb40 DEOPT UNPACKING pc=0x0000018eb4926da2 sp=0x000000368a4fe1d8 mode 2
Event: 10.129 Thread 0x0000018f0866bb40 Uncommon trap: trap_request=0xffffff45 fr.pc=0x0000018eb4eac774 relative=0x0000000000000054
Event: 10.129 Thread 0x0000018f0866bb40 Uncommon trap: reason=unstable_if action=reinterpret pc=0x0000018eb4eac774 method=java.lang.CharacterData.of(I)Ljava/lang/CharacterData; @ 4 c2
Event: 10.129 Thread 0x0000018f0866bb40 DEOPT PACKING pc=0x0000018eb4eac774 sp=0x000000368a4fd5e0
Event: 10.129 Thread 0x0000018f0866bb40 DEOPT UNPACKING pc=0x0000018eb4926da2 sp=0x000000368a4fd578 mode 2
Event: 10.156 Thread 0x0000018f0866bb40 Uncommon trap: trap_request=0xffffffde fr.pc=0x0000018eb4f43b64 relative=0x0000000000000304
Event: 10.156 Thread 0x0000018f0866bb40 Uncommon trap: reason=class_check action=maybe_recompile pc=0x0000018eb4f43b64 method=java.util.regex.Pattern$BmpCharPropertyGreedy.match(Ljava/util/regex/Matcher;ILjava/lang/CharSequence;)Z @ 26 c2
Event: 10.156 Thread 0x0000018f0866bb40 DEOPT PACKING pc=0x0000018eb4f43b64 sp=0x000000368a4fdd70
Event: 10.156 Thread 0x0000018f0866bb40 DEOPT UNPACKING pc=0x0000018eb4926da2 sp=0x000000368a4fdd08 mode 2
Event: 10.156 Thread 0x0000018f0866bb40 Uncommon trap: trap_request=0xffffffde fr.pc=0x0000018eb4f43b64 relative=0x0000000000000304
Event: 10.156 Thread 0x0000018f0866bb40 Uncommon trap: reason=class_check action=maybe_recompile pc=0x0000018eb4f43b64 method=java.util.regex.Pattern$BmpCharPropertyGreedy.match(Ljava/util/regex/Matcher;ILjava/lang/CharSequence;)Z @ 26 c2
Event: 10.156 Thread 0x0000018f0866bb40 DEOPT PACKING pc=0x0000018eb4f43b64 sp=0x000000368a4fdd70
Event: 10.156 Thread 0x0000018f0866bb40 DEOPT UNPACKING pc=0x0000018eb4926da2 sp=0x000000368a4fdd08 mode 2
Event: 10.179 Thread 0x0000018f0866bb40 Uncommon trap: trap_request=0xffffff45 fr.pc=0x0000018eb4f40fc8 relative=0x00000000000009e8
Event: 10.179 Thread 0x0000018f0866bb40 Uncommon trap: reason=unstable_if action=reinterpret pc=0x0000018eb4f40fc8 method=java.util.concurrent.ConcurrentHashMap.putVal(Ljava/lang/Object;Ljava/lang/Object;Z)Ljava/lang/Object; @ 148 c2
Event: 10.179 Thread 0x0000018f0866bb40 DEOPT PACKING pc=0x0000018eb4f40fc8 sp=0x000000368a4fe290
Event: 10.179 Thread 0x0000018f0866bb40 DEOPT UNPACKING pc=0x0000018eb4926da2 sp=0x000000368a4fe200 mode 2

Classes loaded (20 events):
Event: 10.089 Loading class sun/util/logging/resources/logging_en
Event: 10.089 Loading class sun/util/logging/resources/logging_en done
Event: 10.089 Loading class sun/util/logging/resources/logging_en
Event: 10.089 Loading class sun/util/logging/resources/logging_en done
Event: 10.090 Loading class sun/util/logging/resources/logging_en_US
Event: 10.090 Loading class sun/util/logging/resources/logging_en_US done
Event: 10.090 Loading class sun/util/logging/resources/logging_en_US
Event: 10.090 Loading class sun/util/logging/resources/logging_en_US done
Event: 10.096 Loading class java/util/Formatter$DateTime
Event: 10.096 Loading class java/util/Formatter$DateTime done
Event: 10.096 Loading class java/util/Formatter$FixedString
Event: 10.096 Loading class java/util/Formatter$FixedString done
Event: 10.097 Loading class java/time/ZonedDateTime$1
Event: 10.097 Loading class java/time/ZonedDateTime$1 done
Event: 10.105 Loading class jdk/internal/module/ModulePatcher$PatchedModuleReader
Event: 10.106 Loading class jdk/internal/module/ModulePatcher$PatchedModuleReader done
Event: 10.121 Loading class sun/text/resources/cldr/FormatData_en
Event: 10.123 Loading class sun/text/resources/cldr/FormatData_en done
Event: 10.123 Loading class sun/text/resources/cldr/FormatData_en_US
Event: 10.123 Loading class sun/text/resources/cldr/FormatData_en_US done

Classes unloaded (0 events):
No events

Classes redefined (0 events):
No events

Internal exceptions (20 events):
Event: 4.283 Thread 0x0000018eaa1c7df0 Implicit null exception at 0x0000018eb4ecbda9 to 0x0000018eb4ecc648
Event: 4.284 Thread 0x0000018eaa1c7df0 Implicit null exception at 0x0000018eb4ed4f9a to 0x0000018eb4ed51a0
Event: 4.284 Thread 0x0000018eaa1c7df0 Exception <a 'java/lang/NoSuchMethodError'{0x00000000d5736338}: 'void java.lang.invoke.DirectMethodHandle$Holder.invokeStatic(java.lang.Object, java.lang.Object, java.lang.Object, java.lang.Object)'> (0x00000000d5736338) 
thrown [s\src\hotspot\share\interpreter\linkResolver.cpp, line 773]
Event: 4.286 Thread 0x0000018eaa1c7df0 Implicit null exception at 0x0000018eb4ed819a to 0x0000018eb4ed83a4
Event: 4.286 Thread 0x0000018eaa1c7df0 Implicit null exception at 0x0000018eb4ed01bd to 0x0000018eb4ed0241
Event: 4.845 Thread 0x0000018eaa1c7df0 Exception <a 'java/lang/NoSuchMethodError'{0x00000000d59e24d8}: 'void java.lang.invoke.DirectMethodHandle$Holder.invokeSpecial(java.lang.Object, java.lang.Object, java.lang.Object)'> (0x00000000d59e24d8) 
thrown [s\src\hotspot\share\interpreter\linkResolver.cpp, line 773]
Event: 7.234 Thread 0x0000018eaa1c7df0 Exception <a 'java/lang/NoSuchMethodError'{0x00000000d646a7f8}: 'int java.lang.invoke.DirectMethodHandle$Holder.invokeVirtual(java.lang.Object, java.lang.Object)'> (0x00000000d646a7f8) 
thrown [s\src\hotspot\share\interpreter\linkResolver.cpp, line 773]
Event: 8.031 Thread 0x0000018eaa1c7df0 Exception <a 'java/lang/NoSuchMethodError'{0x00000000d65f2828}: 'int java.lang.invoke.DirectMethodHandle$Holder.invokeStaticInit(java.lang.Object, java.lang.Object, java.lang.Object, java.lang.Object)'> (0x00000000d65f2828) 
thrown [s\src\hotspot\share\interpreter\linkResolver.cpp, line 773]
Event: 8.032 Thread 0x0000018eaa1c7df0 Exception <a 'java/lang/IncompatibleClassChangeError'{0x00000000d65fac30}: Found class java.lang.Object, but interface was expected> (0x00000000d65fac30) 
thrown [s\src\hotspot\share\interpreter\linkResolver.cpp, line 840]
Event: 8.033 Thread 0x0000018eaa1c7df0 Exception <a 'java/lang/NoSuchMethodError'{0x00000000d6601ae0}: 'void java.lang.invoke.DirectMethodHandle$Holder.invokeStaticInit(java.lang.Object, java.lang.Object)'> (0x00000000d6601ae0) 
thrown [s\src\hotspot\share\interpreter\linkResolver.cpp, line 773]
Event: 8.034 Thread 0x0000018eaa1c7df0 Exception <a 'java/lang/NoSuchMethodError'{0x00000000d660b5b8}: 'int java.lang.invoke.DirectMethodHandle$Holder.invokeStaticInit(java.lang.Object, java.lang.Object)'> (0x00000000d660b5b8) 
thrown [s\src\hotspot\share\interpreter\linkResolver.cpp, line 773]
Event: 8.142 Thread 0x0000018eaa1c7df0 Exception <a 'java/lang/NoSuchMethodError'{0x00000000d687c718}: 'java.lang.Object java.lang.invoke.DirectMethodHandle$Holder.newInvokeSpecial(java.lang.Object, int, java.lang.Object)'> (0x00000000d687c718) 
thrown [s\src\hotspot\share\interpreter\linkResolver.cpp, line 773]
Event: 8.213 Thread 0x0000018eaa1c7df0 Exception <a 'java/lang/ClassNotFoundException'{0x00000000d6a9a118}: sun/net/www/protocol/plurl/Handler> (0x00000000d6a9a118) 
thrown [s\src\hotspot\share\classfile\systemDictionary.cpp, line 312]
Event: 8.213 Thread 0x0000018eaa1c7df0 Exception <a 'java/lang/ClassNotFoundException'{0x00000000d6a9af98}: sun/net/www/protocol/plurl/Handler> (0x00000000d6a9af98) 
thrown [s\src\hotspot\share\classfile\systemDictionary.cpp, line 312]
Event: 9.776 Thread 0x0000018eaa1c7df0 Exception <a 'java/lang/UnsatisfiedLinkError'{0x00000000d566efd8}: 'void org.eclipse.equinox.launcher.JNIBridge._update_splash()'> (0x00000000d566efd8) 
thrown [s\src\hotspot\share\prims\nativeLookup.cpp, line 415]
Event: 9.839 Thread 0x0000018f086adef0 Exception <a 'java/lang/NoSuchMethodError'{0x00000000d58e6ca8}: 'void java.lang.invoke.DirectMethodHandle$Holder.invokeInterface(java.lang.Object, java.lang.Object, java.lang.Object)'> (0x00000000d58e6ca8) 
thrown [s\src\hotspot\share\interpreter\linkResolver.cpp, line 773]
Event: 10.002 Thread 0x0000018f0866bb40 Exception <a 'java/lang/NoSuchMethodError'{0x00000000d5cb6268}: 'java.lang.Object java.lang.invoke.DirectMethodHandle$Holder.newInvokeSpecial(java.lang.Object, java.lang.Object, int, java.lang.Object)'> (0x00000000d5cb6268) 
thrown [s\src\hotspot\share\interpreter\linkResolver.cpp, line 773]
Event: 10.004 Thread 0x0000018f0866bb40 Exception <a 'java/lang/NoSuchMethodError'{0x00000000d5cba098}: 'java.lang.Object java.lang.invoke.DirectMethodHandle$Holder.invokeSpecial(java.lang.Object, java.lang.Object, java.lang.Object, int, java.lang.Object)'> (0x00000000d5cba098) 
thrown [s\src\hotspot\share\interpreter\linkResolver.cpp, line 773]
Event: 10.039 Thread 0x0000018f0866bb40 Exception <a 'java/lang/NoClassDefFoundError'{0x00000000d5d61488}: jakarta/servlet/ServletContainerInitializer> (0x00000000d5d61488) 
thrown [s\src\hotspot\share\classfile\systemDictionary.cpp, line 301]
Event: 10.087 Thread 0x0000018f0866bb40 Exception <a 'java/lang/ClassNotFoundException'{0x00000000d5ecd7d0}: sun/util/logging/resources/spi/loggingProvider> (0x00000000d5ecd7d0) 
thrown [s\src\hotspot\share\classfile\systemDictionary.cpp, line 312]

ZGC Phase Switch (0 events):
No events

VM Operations (20 events):
Event: 8.067 Executing non-safepoint VM operation: HandshakeAllThreads (Deoptimize)
Event: 8.067 Executing non-safepoint VM operation: HandshakeAllThreads (Deoptimize) done
Event: 8.110 Executing non-safepoint VM operation: HandshakeAllThreads (Deoptimize)
Event: 8.110 Executing non-safepoint VM operation: HandshakeAllThreads (Deoptimize) done
Event: 8.181 Executing non-safepoint VM operation: HandshakeAllThreads (Deoptimize)
Event: 8.181 Executing non-safepoint VM operation: HandshakeAllThreads (Deoptimize) done
Event: 8.205 Executing non-safepoint VM operation: HandshakeAllThreads (Deoptimize)
Event: 8.205 Executing non-safepoint VM operation: HandshakeAllThreads (Deoptimize) done
Event: 9.210 Executing safepoint VM operation: Cleanup
Event: 9.210 Executing safepoint VM operation: Cleanup done
Event: 9.521 Executing safepoint VM operation: ParallelGCFailedAllocation (Allocation Failure)
Event: 9.529 Executing safepoint VM operation: ParallelGCFailedAllocation (Allocation Failure) done
Event: 10.062 Executing non-safepoint VM operation: HandshakeAllThreads (Deoptimize)
Event: 10.062 Executing non-safepoint VM operation: HandshakeAllThreads (Deoptimize) done
Event: 10.107 Executing non-safepoint VM operation: HandshakeAllThreads (Deoptimize)
Event: 10.107 Executing non-safepoint VM operation: HandshakeAllThreads (Deoptimize) done
Event: 10.130 Executing non-safepoint VM operation: HandshakeAllThreads (Deoptimize)
Event: 10.130 Executing non-safepoint VM operation: HandshakeAllThreads (Deoptimize) done
Event: 10.178 Executing non-safepoint VM operation: HandshakeAllThreads (Deoptimize)
Event: 10.179 Executing non-safepoint VM operation: HandshakeAllThreads (Deoptimize) done

Memory protections (0 events):
No events

Nmethod flushes (0 events):
No events

Events (15 events):
Event: 0.141 Thread 0x0000018eaa1c7df0 Thread added: 0x0000018eaa1c7df0
Event: 0.192 Thread 0x0000018eaa1c7df0 Thread added: 0x0000018ec0c393a0
Event: 0.193 Thread 0x0000018eaa1c7df0 Thread added: 0x0000018ec0c3a2d0
Event: 0.193 Thread 0x0000018eaa1c7df0 Thread added: 0x0000018ec0c3d4b0
Event: 0.193 Thread 0x0000018eaa1c7df0 Thread added: 0x0000018ec0c3e780
Event: 0.193 Thread 0x0000018eaa1c7df0 Thread added: 0x0000018ec0c434c0
Event: 0.193 Thread 0x0000018eaa1c7df0 Thread added: 0x0000018ec0c45330
Event: 0.193 Thread 0x0000018eaa1c7df0 Thread added: 0x0000018ec0c46170
Event: 0.215 Thread 0x0000018eaa1c7df0 Thread added: 0x0000018f035f74e0
Event: 0.467 Thread 0x0000018eaa1c7df0 Thread added: 0x0000018f03835820
Event: 1.559 Thread 0x0000018eaa1c7df0 Thread added: 0x0000018f03892900
Event: 8.047 Thread 0x0000018eaa1c7df0 Thread added: 0x0000018f083f1500
Event: 9.774 Thread 0x0000018eaa1c7df0 Thread added: 0x0000018f086adef0
Event: 9.842 Thread 0x0000018f086adef0 Thread added: 0x0000018f0866b200
Event: 9.859 Thread 0x0000018eaa1c7df0 Thread added: 0x0000018f0866bb40


Dynamic libraries:
0x00007ff788320000 - 0x00007ff78832e000 	c:\Users\lequa\.antigravity\extensions\redhat.java-1.54.0-win32-x64\jre\21.0.10-win32-x86_64\bin\java.exe
0x00007ff9c1e50000 - 0x00007ff9c2068000 	C:\WINDOWS\SYSTEM32\ntdll.dll
0x00007ff9c08b0000 - 0x00007ff9c0974000 	C:\WINDOWS\System32\KERNEL32.DLL
0x00007ff9bef60000 - 0x00007ff9bf333000 	C:\WINDOWS\System32\KERNELBASE.dll
0x00007ff9bf7b0000 - 0x00007ff9bf8c1000 	C:\WINDOWS\System32\ucrtbase.dll
0x00007ff96d330000 - 0x00007ff96d348000 	c:\Users\lequa\.antigravity\extensions\redhat.java-1.54.0-win32-x64\jre\21.0.10-win32-x86_64\bin\jli.dll
0x00007ff9c1750000 - 0x00007ff9c1902000 	C:\WINDOWS\System32\USER32.dll
0x00007ff9bfa40000 - 0x00007ff9bfa66000 	C:\WINDOWS\System32\win32u.dll
0x00007ff9bfbd0000 - 0x00007ff9bfbf9000 	C:\WINDOWS\System32\GDI32.dll
0x00007ff9bf340000 - 0x00007ff9bf45b000 	C:\WINDOWS\System32\gdi32full.dll
0x00007ff9bf710000 - 0x00007ff9bf7aa000 	C:\WINDOWS\System32\msvcp_win.dll
0x00007ff974820000 - 0x00007ff97483e000 	c:\Users\lequa\.antigravity\extensions\redhat.java-1.54.0-win32-x64\jre\21.0.10-win32-x86_64\bin\VCRUNTIME140.dll
0x00007ff9a6b10000 - 0x00007ff9a6dac000 	C:\WINDOWS\WinSxS\amd64_microsoft.windows.common-controls_6595b64144ccf1df_6.0.22621.6060_none_2712eda17382d24b\COMCTL32.dll
0x00007ff9c1910000 - 0x00007ff9c19b7000 	C:\WINDOWS\System32\msvcrt.dll
0x00007ff9c0af0000 - 0x00007ff9c0b21000 	C:\WINDOWS\System32\IMM32.DLL
0x0000000063910000 - 0x000000006391d000 	D:\360\Total Security\safemon\SafeWrapper.dll
0x00007ff9c0c40000 - 0x00007ff9c0cf1000 	C:\WINDOWS\System32\ADVAPI32.dll
0x00007ff9c1a90000 - 0x00007ff9c1b38000 	C:\WINDOWS\System32\sechost.dll
0x00007ff9bf8d0000 - 0x00007ff9bf8f8000 	C:\WINDOWS\System32\bcrypt.dll
0x00007ff9c1b50000 - 0x00007ff9c1c68000 	C:\WINDOWS\System32\RPCRT4.dll
0x00007ff9b4750000 - 0x00007ff9b4855000 	D:\360\Total Security\safemon\libzdtp64.dll
0x00007ff9c0eb0000 - 0x00007ff9c174c000 	C:\WINDOWS\System32\SHELL32.dll
0x00007ff9bf460000 - 0x00007ff9bf59f000 	C:\WINDOWS\System32\wintypes.dll
0x00007ff9bfdf0000 - 0x00007ff9c0181000 	C:\WINDOWS\System32\combase.dll
0x00007ff9bfc70000 - 0x00007ff9bfcd9000 	C:\WINDOWS\System32\SHLWAPI.dll
0x00007ff9be910000 - 0x00007ff9be91a000 	C:\WINDOWS\SYSTEM32\VERSION.dll
0x00007ff99f250000 - 0x00007ff99f25c000 	c:\Users\lequa\.antigravity\extensions\redhat.java-1.54.0-win32-x64\jre\21.0.10-win32-x86_64\bin\vcruntime140_1.dll
0x00007ff91c8b0000 - 0x00007ff91c93d000 	c:\Users\lequa\.antigravity\extensions\redhat.java-1.54.0-win32-x64\jre\21.0.10-win32-x86_64\bin\msvcp140.dll
0x00007ff8eb1f0000 - 0x00007ff8ebf91000 	c:\Users\lequa\.antigravity\extensions\redhat.java-1.54.0-win32-x64\jre\21.0.10-win32-x86_64\bin\server\jvm.dll
0x00007ff9bfce0000 - 0x00007ff9bfd51000 	C:\WINDOWS\System32\WS2_32.dll
0x00007ff9bee30000 - 0x00007ff9bee7d000 	C:\WINDOWS\SYSTEM32\POWRPROF.dll
0x00007ff9b44f0000 - 0x00007ff9b4524000 	C:\WINDOWS\SYSTEM32\WINMM.dll
0x00007ff9bee10000 - 0x00007ff9bee23000 	C:\WINDOWS\SYSTEM32\UMPDC.dll
0x00007ff9bde90000 - 0x00007ff9bdea8000 	C:\WINDOWS\SYSTEM32\kernel.appcore.dll
0x00007ff99e2d0000 - 0x00007ff99e2da000 	c:\Users\lequa\.antigravity\extensions\redhat.java-1.54.0-win32-x64\jre\21.0.10-win32-x86_64\bin\jimage.dll
0x00007ff9bc8b0000 - 0x00007ff9bcae3000 	C:\WINDOWS\SYSTEM32\DBGHELP.DLL
0x00007ff9bfaf0000 - 0x00007ff9bfbc8000 	C:\WINDOWS\System32\OLEAUT32.dll
0x00007ff9a0790000 - 0x00007ff9a07c2000 	C:\WINDOWS\SYSTEM32\dbgcore.DLL
0x00007ff9bfa70000 - 0x00007ff9bfaeb000 	C:\WINDOWS\System32\bcryptPrimitives.dll
0x00007ff9854b0000 - 0x00007ff9854bf000 	c:\Users\lequa\.antigravity\extensions\redhat.java-1.54.0-win32-x64\jre\21.0.10-win32-x86_64\bin\instrument.dll
0x00007ff9653e0000 - 0x00007ff965400000 	c:\Users\lequa\.antigravity\extensions\redhat.java-1.54.0-win32-x64\jre\21.0.10-win32-x86_64\bin\java.dll
0x00007ff9bcda0000 - 0x00007ff9bd6ba000 	C:\WINDOWS\SYSTEM32\windows.storage.dll
0x00007ff9c0b30000 - 0x00007ff9c0c34000 	C:\WINDOWS\System32\SHCORE.dll
0x00007ff9bee90000 - 0x00007ff9beeb5000 	C:\WINDOWS\SYSTEM32\profapi.dll
0x00007ff9653c0000 - 0x00007ff9653d8000 	c:\Users\lequa\.antigravity\extensions\redhat.java-1.54.0-win32-x64\jre\21.0.10-win32-x86_64\bin\zip.dll
0x00007ff97c1d0000 - 0x00007ff97c1e0000 	C:\Users\lequa\.antigravity\extensions\redhat.java-1.54.0-win32-x64\jre\21.0.10-win32-x86_64\bin\net.dll
0x00007ff9b6780000 - 0x00007ff9b68ac000 	C:\WINDOWS\SYSTEM32\WINHTTP.dll
0x00007ff9be360000 - 0x00007ff9be3c9000 	C:\WINDOWS\system32\mswsock.dll
0x00007ff960c70000 - 0x00007ff960c86000 	C:\Users\lequa\.antigravity\extensions\redhat.java-1.54.0-win32-x64\jre\21.0.10-win32-x86_64\bin\nio.dll
0x00007ff979c10000 - 0x00007ff979c20000 	c:\Users\lequa\.antigravity\extensions\redhat.java-1.54.0-win32-x64\jre\21.0.10-win32-x86_64\bin\verify.dll
0x00007ff95e370000 - 0x00007ff95e3b5000 	C:\Users\lequa\AppData\Roaming\Antigravity\User\globalStorage\redhat.java\1.54.0\config_win\org.eclipse.equinox.launcher\org.eclipse.equinox.launcher.win32.win32.x86_64_1.3.0.v20260203-2149\eclipse_11919.dll
0x00007ff9c0d00000 - 0x00007ff9c0ea1000 	C:\WINDOWS\System32\ole32.dll

JVMTI agents:
c:\Users\lequa\.antigravity\extensions\redhat.java-1.54.0-win32-x64\lombok\lombok-1.18.39-4050.jar path:c:\Users\lequa\.antigravity\extensions\redhat.java-1.54.0-win32-x64\jre\21.0.10-win32-x86_64\bin\instrument.dll, loaded, initialized, instrumentlib options:none

dbghelp: loaded successfully - version: 4.0.5 - missing functions: none
symbol engine: initialized successfully - sym options: 0x614 - pdb path: .;c:\Users\lequa\.antigravity\extensions\redhat.java-1.54.0-win32-x64\jre\21.0.10-win32-x86_64\bin;C:\WINDOWS\SYSTEM32;C:\WINDOWS\WinSxS\amd64_microsoft.windows.common-controls_6595b64144ccf1df_6.0.22621.6060_none_2712eda17382d24b;D:\360\Total Security\safemon;c:\Users\lequa\.antigravity\extensions\redhat.java-1.54.0-win32-x64\jre\21.0.10-win32-x86_64\bin\server;C:\Users\lequa\AppData\Roaming\Antigravity\User\globalStorage\redhat.java\1.54.0\config_win\org.eclipse.equinox.launcher\org.eclipse.equinox.launcher.win32.win32.x86_64_1.3.0.v20260203-2149

VM Arguments:
jvm_args: --add-modules=ALL-SYSTEM --add-opens=java.base/java.util=ALL-UNNAMED --add-opens=java.base/java.lang=ALL-UNNAMED --add-opens=java.base/sun.nio.fs=ALL-UNNAMED -Declipse.application=org.eclipse.jdt.ls.core.id1 -Dosgi.bundles.defaultStartLevel=4 -Declipse.product=org.eclipse.jdt.ls.core.product -Djava.import.generatesMetadataFilesAtProjectRoot=false -DDetectVMInstallationsJob.disabled=true -Dfile.encoding=utf8 -XX:+UseParallelGC -XX:GCTimeRatio=4 -XX:AdaptiveSizePolicyWeight=90 -Dsun.zip.disableMemoryMapping=true -Xmx2G -Xms100m -Xlog:disable -javaagent:c:\Users\lequa\.antigravity\extensions\redhat.java-1.54.0-win32-x64\lombok\lombok-1.18.39-4050.jar -XX:+HeapDumpOnOutOfMemoryError -XX:HeapDumpPath=c:\Users\lequa\AppData\Roaming\Antigravity\User\workspaceStorage\a5b70fa8f2d224bbf0d0530f3c5eba22\redhat.java -Daether.dependencyCollector.impl=bf 
java_command: c:\Users\lequa\.antigravity\extensions\redhat.java-1.54.0-win32-x64\server\plugins\org.eclipse.equinox.launcher_1.7.100.v20251111-0406.jar -configuration c:\Users\lequa\AppData\Roaming\Antigravity\User\globalStorage\redhat.java\1.54.0\config_win -data c:\Users\lequa\AppData\Roaming\Antigravity\User\workspaceStorage\a5b70fa8f2d224bbf0d0530f3c5eba22\redhat.java\jdt_ws --pipe=\\.\pipe\lsp-1b66af8c91498e7cae43b95b7f3d3cb3-sock
java_class_path (initial): c:\Users\lequa\.antigravity\extensions\redhat.java-1.54.0-win32-x64\server\plugins\org.eclipse.equinox.launcher_1.7.100.v20251111-0406.jar
Launcher Type: SUN_STANDARD

[Global flags]
    uintx AdaptiveSizePolicyWeight                 = 90                                        {product} {command line}
     intx CICompilerCount                          = 4                                         {product} {ergonomic}
    uintx GCTimeRatio                              = 4                                         {product} {command line}
     bool HeapDumpOnOutOfMemoryError               = true                                   {manageable} {command line}
    ccstr HeapDumpPath                             = c:\Users\lequa\AppData\Roaming\Antigravity\User\workspaceStorage\a5b70fa8f2d224bbf0d0530f3c5eba22\redhat.java         {manageable} {command line}
   size_t InitialHeapSize                          = 104857600                                 {product} {command line}
   size_t MaxHeapSize                              = 2147483648                                {product} {command line}
   size_t MaxNewSize                               = 715653120                                 {product} {ergonomic}
   size_t MinHeapDeltaBytes                        = 524288                                    {product} {ergonomic}
   size_t MinHeapSize                              = 104857600                                 {product} {command line}
   size_t NewSize                                  = 34603008                                  {product} {ergonomic}
    uintx NonNMethodCodeHeapSize                   = 5839372                                {pd product} {ergonomic}
    uintx NonProfiledCodeHeapSize                  = 122909434                              {pd product} {ergonomic}
   size_t OldSize                                  = 70254592                                  {product} {ergonomic}
    uintx ProfiledCodeHeapSize                     = 122909434                              {pd product} {ergonomic}
    uintx ReservedCodeCacheSize                    = 251658240                              {pd product} {ergonomic}
     bool SegmentedCodeCache                       = true                                      {product} {ergonomic}
   size_t SoftMaxHeapSize                          = 2147483648                             {manageable} {ergonomic}
     bool UseCompressedOops                        = true                           {product lp64_product} {ergonomic}
     bool UseLargePagesIndividualAllocation        = false                                  {pd product} {ergonomic}
     bool UseParallelGC                            = true                                      {product} {command line}

Logging:
Log output configuration:
 #0: stdout all=off uptime,level,tags foldmultilines=false
 #1: stderr all=off uptime,level,tags foldmultilines=false

Release file:
JAVA_VERSION="21.0.10" 
MODULES="java.base java.compiler java.datatransfer java.xml java.prefs java.desktop java.instrument java.logging java.management java.security.sasl java.naming java.rmi java.management.rmi java.net.http java.scripting java.security.jgss java.transaction.xa java.sql java.sql.rowset java.xml.crypto java.se java.smartcardio jdk.accessibility jdk.internal.jvmstat jdk.attach jdk.charsets jdk.internal.opt jdk.zipfs jdk.compiler jdk.crypto.ec jdk.crypto.cryptoki jdk.crypto.mscapi jdk.dynalink jdk.internal.ed jdk.editpad jdk.hotspot.agent jdk.httpserver jdk.internal.le jdk.internal.vm.ci jdk.internal.vm.compiler jdk.internal.vm.compiler.management jdk.jartool jdk.javadoc jdk.jcmd jdk.management jdk.management.agent jdk.jconsole jdk.jdeps jdk.jdwp.agent jdk.jdi jdk.jfr jdk.jshell jdk.jsobject jdk.jstatd jdk.localedata jdk.management.jfr jdk.naming.dns jdk.naming.rmi jdk.net jdk.nio.mapmode jdk.random jdk.sctp jdk.security.auth jdk.security.jgss jdk.unsupported jdk.unsupported.desktop jdk.xml.dom" 

Environment Variables:
JAVA_HOME=D:\Java\jdk-21
PATH=C:\Program Files\Volta\;D:\Eclipse Adoptium\jdk-21.0.9.10-hotspot\bin;C:\Program Files\BraveSoftware\Brave-Browser\Application;C:\Program Files\Common Files\Oracle\Java\javapath;C:\Program Files\Python39\Scripts\;C:\Program Files\Python39\;C:\WINDOWS\system32;C:\WINDOWS;C:\WINDOWS\System32\Wbem;C:\WINDOWS\System32\WindowsPowerShell\v1.0\;C:\WINDOWS\System32\OpenSSH\;D:\Git\cmd;D:\MinGW\bin;C:\Program Files\HP\HP One Agent;C:\Program Files\Git\cmd;C:\Program Files\Microsoft SQL Server\Client SDK\ODBC\170\Tools\Binn\;C:\Program Files\dotnet\;C:\msys64\mingw64\bin;D:\JetBrains\IntelliJ IDEA Community Edition 2023.3.3\bin;D:\PyCharm 2024.2\bin;C:\Users\lequ;D:\Java\jdk-21\bin;C:\Users\lequa\Downloads\apache-maven-3.9.9\bin;D:\MinGW\bin;C:\Program Files\Microsoft SQL Server\170\DTS\Binn\;D:\cursor\resources\app\bin;D:\apache-maven-3.9.12-bin\apache-maven-3.9.12\bin;C:\Program Files\Cloudflare\Cloudflare WARP\;C:\Program Files\Docker\Docker\resources\bin;C:\Program Files\nodejs\;C:\Users\lequa\AppData\Local\Programs\Python\Python314\Scripts\;C:\Users\lequa\AppData\Local\Programs\Python\Python314\;d:\AppData\Local\Programs\cursor\resources\app\codeBin;C:\Users\lequa\AppData\Local\Volta\bin;D:\Python313\Scripts\;D:\Python313\;C:\msys64\mingw64\bin;D:\JetBrains\IntelliJ IDEA Community Edition 2023.3.3\bin;D:\JetBrains\PyCharm 2025.1.3.1\bin;C:\Users\lequa\AppData\Local\Muse Hub\lib;D:\JetBrains\IntelliJ IDEA 2025.3.1\bin;D:\JetBrains\WebStorm 2024.2.3\bin;D:\JetBrains\JetBrains Rider 2024.2.7\bin;C:\Users\lequa\.dotnet\tools;C:\Users\lequa\AppData\Local\Python\bin;D:\Antigravity\bin;C:\Users\lequa\AppData\Local\Programs\Microsoft VS Code\bin;D:\Programs\cursor\resources\app\bin;D:\AppData\Local\Programs\Kiro\bin;C:\Users\lequa\AppData\Roaming\npm;C:\Users\lequa\AppData\Local\JetBrains\Toolbox\scripts;
USERNAME=lequa
OS=Windows_NT
PROCESSOR_IDENTIFIER=Intel64 Family 6 Model 140 Stepping 1, GenuineIntel
TMP=C:\Users\lequa\AppData\Local\Temp
TEMP=C:\Users\lequa\AppData\Local\Temp




Periodic native trim disabled

---------------  S Y S T E M  ---------------

OS:
 Windows 11 , 64 bit Build 22621 (10.0.22621.5415)
OS uptime: 0 days 0:34 hours
Hyper-V role detected

CPU: total 8 (initial active 8) (4 cores per cpu, 2 threads per core) family 6 model 140 stepping 1 microcode 0xb4, cx8, cmov, fxsr, ht, mmx, 3dnowpref, sse, sse2, sse3, ssse3, sse4.1, sse4.2, popcnt, lzcnt, tsc, tscinvbit, avx, avx2, aes, erms, clmul, bmi1, bmi2, adx, avx512f, avx512dq, avx512cd, avx512bw, avx512vl, sha, fma, vzeroupper, avx512_vpopcntdq, avx512_vpclmulqdq, avx512_vaes, avx512_vnni, clflush, clflushopt, clwb, avx512_vbmi2, avx512_vbmi, hv, rdtscp, rdpid, fsrm, gfni, avx512_bitalg, f16c, cet_ibt, cet_ss, avx512_ifma
Processor Information for the first 8 processors :
  Max Mhz: 2401, Current Mhz: 2400, Mhz Limit: 2376

Memory: 4k page, system-wide physical 7834M (272M free)
TotalPageFile size 17056M (AvailPageFile size 268M)
current process WorkingSet (physical memory assigned to process): 97M, peak: 97M
current process commit charge ("private bytes"): 242M, peak: 242M

vm_info: OpenJDK 64-Bit Server VM (21.0.10+7-LTS) for windows-amd64 JRE (21.0.10+7-LTS), built on 2026-01-20T00:00:00Z by "admin" with MS VC++ 17.12 (VS2022)

END.
