#
# There is insufficient memory for the Java Runtime Environment to continue.
# Native memory allocation (malloc) failed to allocate 32744 bytes for Chunk::new
# Possible reasons:
#   The system is out of physical RAM or swap space
#   The process is running with CompressedOops enabled, and the Java Heap may be blocking the growth of the native heap
# Possible solutions:
#   Reduce memory load on the system
#   Increase physical memory or swap space
#   Check if swap backing store is full
#   Decrease Java heap size (-Xmx/-Xms)
#   Decrease number of Java threads
#   Decrease Java thread stack sizes (-Xss)
#   Set larger code cache with -XX:ReservedCodeCacheSize=
#   JVM is running with Unscaled Compressed Oops mode in which the Java heap is
#     placed in the first 4GB address space. The Java Heap base address is the
#     maximum limit for the native heap growth. Please use -XX:HeapBaseMinAddress
#     to set the Java Heap base and to place the Java Heap above 4GB virtual address.
# This output file may be truncated or incomplete.
#
#  Out of Memory Error (arena.cpp:168), pid=10352, tid=9952
#
# JRE version: Java(TM) SE Runtime Environment (21.0.7+8) (build 21.0.7+8-LTS-245)
# Java VM: Java HotSpot(TM) 64-Bit Server VM (21.0.7+8-LTS-245, mixed mode, emulated-client, sharing, tiered, compressed oops, compressed class ptrs, g1 gc, windows-amd64)
# No core dump will be written. Minidumps are not enabled by default on client versions of Windows
#

---------------  S U M M A R Y ------------

Command Line: -XX:TieredStopAtLevel=1 vn.hcmute.edu.dp.nhom10.backend.BackendApplication

Host: 11th Gen Intel(R) Core(TM) i5-1135G7 @ 2.40GHz, 8 cores, 7G,  Windows 11 , 64 bit Build 22621 (10.0.22621.5415)
Time: Fri Jun 26 05:56:10 2026 SE Asia Standard Time elapsed time: 2862.573158 seconds (0d 0h 47m 42s)

---------------  T H R E A D  ---------------

Current thread (0x00000259dbec1790):  JavaThread "C1 CompilerThread1" daemon [_thread_in_native, id=9952, stack(0x000000850ac00000,0x000000850ad00000) (1024K)]


Current CompileTask:
C1:2862573 24909       1       org.postgresql.shaded.com.ongres.stringprep.Tables::bidirectionalPropertyL (4565 bytes)

Stack: [0x000000850ac00000,0x000000850ad00000]
Native frames: (J=compiled Java code, j=interpreted, Vv=VM code, C=native code)
V  [jvm.dll+0x6cae19]
V  [jvm.dll+0x855741]
V  [jvm.dll+0x857c6e]
V  [jvm.dll+0x858343]
V  [jvm.dll+0x27e0b6]
V  [jvm.dll+0xc4ecd]
V  [jvm.dll+0xc5403]
V  [jvm.dll+0x13e4de]
V  [jvm.dll+0x13d877]
V  [jvm.dll+0x19818d]
V  [jvm.dll+0x198a56]
V  [jvm.dll+0x153873]
V  [jvm.dll+0x1530b8]
V  [jvm.dll+0x153304]
V  [jvm.dll+0x152736]
V  [jvm.dll+0x15450d]
V  [jvm.dll+0x255819]
V  [jvm.dll+0x253daa]
V  [jvm.dll+0x3eebb6]
V  [jvm.dll+0x7ffa1b]
V  [jvm.dll+0x6c94fd]
C  [ucrtbase.dll+0x29333]
C  [KERNEL32.DLL+0x1259d]
C  [ntdll.dll+0x5af78]


---------------  P R O C E S S  ---------------

Threads class SMR info:
_java_thread_list=0x00000259db8f17a0, length=19, elements={
0x00000259fe8de4e0, 0x00000259fe8df490, 0x00000259fe8e06a0, 0x00000259fe8e26d0,
0x00000259fe8e7760, 0x00000259fe8f16e0, 0x00000259fe8f5a40, 0x000002598c440a10,
0x000002598c441230, 0x00000259d2a2d9d0, 0x00000259d5defdf0, 0x00000259d5b6fd60,
0x00000259dbf939d0, 0x00000259dbf93340, 0x00000259d5ded000, 0x00000259d5dee3b0,
0x00000259db8956a0, 0x00000259dc545cb0, 0x00000259dbec1790
}

Java Threads: ( => current thread )
  0x00000259fe8de4e0 JavaThread "Reference Handler"          daemon [_thread_blocked, id=16336, stack(0x000000850a500000,0x000000850a600000) (1024K)]
  0x00000259fe8df490 JavaThread "Finalizer"                  daemon [_thread_blocked, id=1404, stack(0x000000850a600000,0x000000850a700000) (1024K)]
  0x00000259fe8e06a0 JavaThread "Signal Dispatcher"          daemon [_thread_blocked, id=644, stack(0x000000850a700000,0x000000850a800000) (1024K)]
  0x00000259fe8e26d0 JavaThread "Attach Listener"            daemon [_thread_blocked, id=8272, stack(0x000000850a800000,0x000000850a900000) (1024K)]
  0x00000259fe8e7760 JavaThread "Service Thread"             daemon [_thread_blocked, id=8280, stack(0x000000850a900000,0x000000850aa00000) (1024K)]
  0x00000259fe8f16e0 JavaThread "Monitor Deflation Thread"   daemon [_thread_blocked, id=10336, stack(0x000000850aa00000,0x000000850ab00000) (1024K)]
  0x00000259fe8f5a40 JavaThread "C1 CompilerThread0"         daemon [_thread_blocked, id=9852, stack(0x000000850ab00000,0x000000850ac00000) (1024K)]
  0x000002598c440a10 JavaThread "Notification Thread"        daemon [_thread_blocked, id=15240, stack(0x000000850ae00000,0x000000850af00000) (1024K)]
  0x000002598c441230 JavaThread "Common-Cleaner"             daemon [_thread_blocked, id=15236, stack(0x000000850af00000,0x000000850b000000) (1024K)]
  0x00000259d2a2d9d0 JavaThread "Cleaner-0"                  daemon [_thread_blocked, id=14376, stack(0x000000850bc00000,0x000000850bd00000) (1024K)]
  0x00000259d5defdf0 JavaThread "Jndi-Dns-address-change-listener" daemon [_thread_in_native, id=14272, stack(0x000000850c600000,0x000000850c700000) (1024K)]
  0x00000259d5b6fd60 JavaThread "DestroyJavaVM"                     [_thread_blocked, id=15152, stack(0x0000008509d00000,0x0000008509e00000) (1024K)]
  0x00000259dbf939d0 JavaThread "File Watcher"               daemon [_thread_blocked, id=15552, stack(0x0000008509b00000,0x0000008509c00000) (1024K)]
  0x00000259dbf93340 JavaThread "HttpClient-2-SelectorManager" daemon [_thread_in_native, id=980, stack(0x000000850c100000,0x000000850c200000) (1024K)]
  0x00000259d5ded000 JavaThread "ForkJoinPool.commonPool-worker-9" daemon [_thread_blocked, id=10056, stack(0x000000850c400000,0x000000850c500000) (1024K)]
  0x00000259d5dee3b0 JavaThread "ForkJoinPool.commonPool-worker-11" daemon [_thread_blocked, id=11872, stack(0x000000850c700000,0x000000850c800000) (1024K)]
  0x00000259db8956a0 JavaThread "Thread-6"                          [_thread_blocked, id=17572, stack(0x0000008509a00000,0x0000008509b00000) (1024K)]
  0x00000259dc545cb0 JavaThread "restartedMain"                     [_thread_in_native, id=20336, stack(0x000000850b000000,0x000000850b100000) (1024K)]
=>0x00000259dbec1790 JavaThread "C1 CompilerThread1"         daemon [_thread_in_native, id=9952, stack(0x000000850ac00000,0x000000850ad00000) (1024K)]
Total: 19

Other Threads:
  0x00000259fe8c6710 VMThread "VM Thread"                           [id=15144, stack(0x000000850a400000,0x000000850a500000) (1024K)]
  0x000002598c2f1920 WatcherThread "VM Periodic Task Thread"        [id=15148, stack(0x000000850a300000,0x000000850a400000) (1024K)]
  0x00000259fac1f8e0 WorkerThread "GC Thread#0"                     [id=10232, stack(0x0000008509e00000,0x0000008509f00000) (1024K)]
  0x000002598ceb83a0 WorkerThread "GC Thread#1"                     [id=8696, stack(0x000000850b100000,0x000000850b200000) (1024K)]
  0x00000259d2370120 WorkerThread "GC Thread#2"                     [id=8692, stack(0x000000850b200000,0x000000850b300000) (1024K)]
  0x00000259d2379730 WorkerThread "GC Thread#3"                     [id=15264, stack(0x000000850b300000,0x000000850b400000) (1024K)]
  0x00000259d2379ad0 WorkerThread "GC Thread#4"                     [id=15260, stack(0x000000850b400000,0x000000850b500000) (1024K)]
  0x000002598ce9bd00 WorkerThread "GC Thread#5"                     [id=5416, stack(0x000000850b500000,0x000000850b600000) (1024K)]
  0x00000259d25d7a40 WorkerThread "GC Thread#6"                     [id=14412, stack(0x000000850b800000,0x000000850b900000) (1024K)]
  0x00000259d25d7de0 WorkerThread "GC Thread#7"                     [id=13188, stack(0x000000850b900000,0x000000850ba00000) (1024K)]
  0x00000259fac2fdc0 ConcurrentGCThread "G1 Main Marker"            [id=15080, stack(0x0000008509f00000,0x000000850a000000) (1024K)]
  0x00000259fac30a70 WorkerThread "G1 Conc#0"                       [id=10252, stack(0x000000850a000000,0x000000850a100000) (1024K)]
  0x00000259d27f8190 WorkerThread "G1 Conc#1"                       [id=9820, stack(0x000000850bb00000,0x000000850bc00000) (1024K)]
  0x00000259fe7eaa20 ConcurrentGCThread "G1 Refine#0"               [id=15084, stack(0x000000850a100000,0x000000850a200000) (1024K)]
  0x00000259fe7ee6a0 ConcurrentGCThread "G1 Service"                [id=7172, stack(0x000000850a200000,0x000000850a300000) (1024K)]
Total: 15

Threads with active compile tasks:
C1 CompilerThread1  2862672 24909       1       org.postgresql.shaded.com.ongres.stringprep.Tables::bidirectionalPropertyL (4565 bytes)
Total: 1

VM state: not at safepoint (normal execution)

VM Mutex/Monitor currently owned by a thread: None

Heap address: 0x0000000085800000, size: 1960 MB, Compressed Oops mode: 32-bit

CDS archive(s) mapped at: [0x000002598d000000-0x000002598dc90000-0x000002598dc90000), size 13172736, SharedBaseAddress: 0x000002598d000000, ArchiveRelocationMode: 1.
Compressed class space mapped at: 0x000002598e000000-0x00000259ce000000, reserved size: 1073741824
Narrow klass base: 0x000002598d000000, Narrow klass shift: 0, Narrow klass range: 0x100000000

GC Precious Log:
 CardTable entry size: 512
 Card Set container configuration: InlinePtr #cards 5 size 8 Array Of Cards #cards 12 size 40 Howl #buckets 4 coarsen threshold 1843 Howl Bitmap #cards 512 size 80 coarsen threshold 460 Card regions per heap region 1 cards per card region 2048
 CPUs: 8 total, 8 available
 Memory: 7834M
 Large Page Support: Disabled
 NUMA Support: Disabled
 Compressed Oops: Enabled (32-bit)
 Heap Region Size: 1M
 Heap Min Capacity: 8M
 Heap Initial Capacity: 124M
 Heap Max Capacity: 1960M
 Pre-touch: Disabled
 Parallel Workers: 8
 Concurrent Workers: 2
 Concurrent Refinement Workers: 8
 Periodic GC: Disabled

Heap:
 garbage-first heap   total 225280K, used 108604K [0x0000000085800000, 0x0000000100000000)
  region size 1024K, 45 young (46080K), 12 survivors (12288K)
 Metaspace       used 143030K, committed 144320K, reserved 1179648K
  class space    used 19808K, committed 20480K, reserved 1048576K

Heap Regions: E=young(eden), S=young(survivor), O=old, HS=humongous(starts), HC=humongous(continues), CS=collection set, F=free, TAMS=top-at-mark-start, PB=parsable bottom
|   0|0x0000000085800000, 0x0000000085900000, 0x0000000085900000|100%|HS|  |TAMS 0x0000000085800000| PB 0x0000000085800000| Complete 
|   1|0x0000000085900000, 0x0000000085a00000, 0x0000000085a00000|100%|HS|  |TAMS 0x0000000085900000| PB 0x0000000085900000| Complete 
|   2|0x0000000085a00000, 0x0000000085b00000, 0x0000000085b00000|100%| O|  |TAMS 0x0000000085a00000| PB 0x0000000085a00000| Untracked 
|   3|0x0000000085b00000, 0x0000000085c00000, 0x0000000085c00000|100%| O|  |TAMS 0x0000000085b00000| PB 0x0000000085b00000| Untracked 
|   4|0x0000000085c00000, 0x0000000085cfffd8, 0x0000000085d00000| 99%| O|  |TAMS 0x0000000085c00000| PB 0x0000000085c00000| Untracked 
|   5|0x0000000085d00000, 0x0000000085e00000, 0x0000000085e00000|100%| O|  |TAMS 0x0000000085d00000| PB 0x0000000085d00000| Untracked 
|   6|0x0000000085e00000, 0x0000000085f00000, 0x0000000085f00000|100%| O|  |TAMS 0x0000000085e00000| PB 0x0000000085e00000| Untracked 
|   7|0x0000000085f00000, 0x0000000086000000, 0x0000000086000000|100%| O|  |TAMS 0x0000000085f00000| PB 0x0000000085f00000| Untracked 
|   8|0x0000000086000000, 0x00000000860ffff8, 0x0000000086100000| 99%| O|  |TAMS 0x0000000086000000| PB 0x0000000086000000| Untracked 
|   9|0x0000000086100000, 0x0000000086200000, 0x0000000086200000|100%| O|  |TAMS 0x0000000086100000| PB 0x0000000086100000| Untracked 
|  10|0x0000000086200000, 0x00000000862fff98, 0x0000000086300000| 99%| O|  |TAMS 0x0000000086200000| PB 0x0000000086200000| Untracked 
|  11|0x0000000086300000, 0x00000000863ffff8, 0x0000000086400000| 99%| O|  |TAMS 0x0000000086300000| PB 0x0000000086300000| Untracked 
|  12|0x0000000086400000, 0x00000000864fffb8, 0x0000000086500000| 99%| O|  |TAMS 0x0000000086400000| PB 0x0000000086400000| Untracked 
|  13|0x0000000086500000, 0x00000000865ffff8, 0x0000000086600000| 99%| O|  |TAMS 0x0000000086500000| PB 0x0000000086500000| Untracked 
|  14|0x0000000086600000, 0x00000000866fffa0, 0x0000000086700000| 99%| O|  |TAMS 0x0000000086600000| PB 0x0000000086600000| Untracked 
|  15|0x0000000086700000, 0x00000000867fffe8, 0x0000000086800000| 99%| O|  |TAMS 0x0000000086700000| PB 0x0000000086700000| Untracked 
|  16|0x0000000086800000, 0x00000000868fffd0, 0x0000000086900000| 99%| O|  |TAMS 0x0000000086800000| PB 0x0000000086800000| Untracked 
|  17|0x0000000086900000, 0x00000000869ffff0, 0x0000000086a00000| 99%| O|  |TAMS 0x0000000086900000| PB 0x0000000086900000| Untracked 
|  18|0x0000000086a00000, 0x0000000086b00000, 0x0000000086b00000|100%| O|  |TAMS 0x0000000086a00000| PB 0x0000000086a00000| Untracked 
|  19|0x0000000086b00000, 0x0000000086bffff0, 0x0000000086c00000| 99%| O|  |TAMS 0x0000000086b00000| PB 0x0000000086b00000| Untracked 
|  20|0x0000000086c00000, 0x0000000086d00000, 0x0000000086d00000|100%| O|  |TAMS 0x0000000086c00000| PB 0x0000000086c00000| Untracked 
|  21|0x0000000086d00000, 0x0000000086dfffe0, 0x0000000086e00000| 99%| O|  |TAMS 0x0000000086d00000| PB 0x0000000086d00000| Untracked 
|  22|0x0000000086e00000, 0x0000000086f00000, 0x0000000086f00000|100%| O|  |TAMS 0x0000000086e00000| PB 0x0000000086e00000| Untracked 
|  23|0x0000000086f00000, 0x0000000086ffffe8, 0x0000000087000000| 99%| O|  |TAMS 0x0000000086f00000| PB 0x0000000086f00000| Untracked 
|  24|0x0000000087000000, 0x0000000087100000, 0x0000000087100000|100%| O|  |TAMS 0x0000000087000000| PB 0x0000000087000000| Untracked 
|  25|0x0000000087100000, 0x00000000871fffe8, 0x0000000087200000| 99%| O|  |TAMS 0x0000000087100000| PB 0x0000000087100000| Untracked 
|  26|0x0000000087200000, 0x00000000872ffff0, 0x0000000087300000| 99%| O|  |TAMS 0x0000000087200000| PB 0x0000000087200000| Untracked 
|  27|0x0000000087300000, 0x00000000873ffff8, 0x0000000087400000| 99%| O|  |TAMS 0x0000000087300000| PB 0x0000000087300000| Untracked 
|  28|0x0000000087400000, 0x00000000874ffff0, 0x0000000087500000| 99%| O|  |TAMS 0x0000000087400000| PB 0x0000000087400000| Untracked 
|  29|0x0000000087500000, 0x0000000087600000, 0x0000000087600000|100%| O|  |TAMS 0x0000000087500000| PB 0x0000000087500000| Untracked 
|  30|0x0000000087600000, 0x00000000876ffff8, 0x0000000087700000| 99%| O|  |TAMS 0x0000000087600000| PB 0x0000000087600000| Untracked 
|  31|0x0000000087700000, 0x00000000877ffff0, 0x0000000087800000| 99%| O|  |TAMS 0x0000000087700000| PB 0x0000000087700000| Untracked 
|  32|0x0000000087800000, 0x00000000878fffd0, 0x0000000087900000| 99%| O|  |TAMS 0x0000000087800000| PB 0x0000000087800000| Untracked 
|  33|0x0000000087900000, 0x00000000879fffb0, 0x0000000087a00000| 99%| O|  |TAMS 0x0000000087900000| PB 0x0000000087900000| Untracked 
|  34|0x0000000087a00000, 0x0000000087b00000, 0x0000000087b00000|100%| O|  |TAMS 0x0000000087a00000| PB 0x0000000087a00000| Untracked 
|  35|0x0000000087b00000, 0x0000000087bfffb8, 0x0000000087c00000| 99%| O|  |TAMS 0x0000000087b00000| PB 0x0000000087b00000| Untracked 
|  36|0x0000000087c00000, 0x0000000087d00000, 0x0000000087d00000|100%| O|  |TAMS 0x0000000087c00000| PB 0x0000000087c00000| Untracked 
|  37|0x0000000087d00000, 0x0000000087dfffe8, 0x0000000087e00000| 99%| O|  |TAMS 0x0000000087d00000| PB 0x0000000087d00000| Untracked 
|  38|0x0000000087e00000, 0x0000000087f00000, 0x0000000087f00000|100%| O|  |TAMS 0x0000000087e00000| PB 0x0000000087e00000| Untracked 
|  39|0x0000000087f00000, 0x0000000087ffffd8, 0x0000000088000000| 99%| O|  |TAMS 0x0000000087f00000| PB 0x0000000087f00000| Untracked 
|  40|0x0000000088000000, 0x00000000880fff60, 0x0000000088100000| 99%| O|  |TAMS 0x0000000088000000| PB 0x0000000088000000| Untracked 
|  41|0x0000000088100000, 0x0000000088200000, 0x0000000088200000|100%| O|  |TAMS 0x0000000088100000| PB 0x0000000088100000| Untracked 
|  42|0x0000000088200000, 0x00000000882fffd8, 0x0000000088300000| 99%| O|  |TAMS 0x0000000088200000| PB 0x0000000088200000| Untracked 
|  43|0x0000000088300000, 0x00000000883ffff0, 0x0000000088400000| 99%| O|  |TAMS 0x0000000088300000| PB 0x0000000088300000| Untracked 
|  44|0x0000000088400000, 0x0000000088500000, 0x0000000088500000|100%| O|  |TAMS 0x0000000088400000| PB 0x0000000088400000| Untracked 
|  45|0x0000000088500000, 0x00000000885ffff0, 0x0000000088600000| 99%| O|  |TAMS 0x0000000088500000| PB 0x0000000088500000| Untracked 
|  46|0x0000000088600000, 0x00000000886ffff8, 0x0000000088700000| 99%| O|  |TAMS 0x0000000088600000| PB 0x0000000088600000| Untracked 
|  47|0x0000000088700000, 0x00000000887fffc8, 0x0000000088800000| 99%| O|  |TAMS 0x0000000088700000| PB 0x0000000088700000| Untracked 
|  48|0x0000000088800000, 0x0000000088900000, 0x0000000088900000|100%| O|  |TAMS 0x0000000088800000| PB 0x0000000088800000| Untracked 
|  49|0x0000000088900000, 0x0000000088a00000, 0x0000000088a00000|100%| O|  |TAMS 0x0000000088900000| PB 0x0000000088900000| Untracked 
|  50|0x0000000088a00000, 0x0000000088afffe8, 0x0000000088b00000| 99%| O|  |TAMS 0x0000000088a00000| PB 0x0000000088a00000| Untracked 
|  51|0x0000000088b00000, 0x0000000088c00000, 0x0000000088c00000|100%| O|  |TAMS 0x0000000088b00000| PB 0x0000000088b00000| Untracked 
|  52|0x0000000088c00000, 0x0000000088d00000, 0x0000000088d00000|100%| O|  |TAMS 0x0000000088c00000| PB 0x0000000088c00000| Untracked 
|  53|0x0000000088d00000, 0x0000000088dffff0, 0x0000000088e00000| 99%| O|  |TAMS 0x0000000088d00000| PB 0x0000000088d00000| Untracked 
|  54|0x0000000088e00000, 0x0000000088effe80, 0x0000000088f00000| 99%| O|  |TAMS 0x0000000088e00000| PB 0x0000000088e00000| Untracked 
|  55|0x0000000088f00000, 0x0000000088ffffe8, 0x0000000089000000| 99%| O|  |TAMS 0x0000000088f00000| PB 0x0000000088f00000| Untracked 
|  56|0x0000000089000000, 0x00000000890ffbe8, 0x0000000089100000| 99%| O|  |TAMS 0x0000000089000000| PB 0x0000000089000000| Untracked 
|  57|0x0000000089100000, 0x00000000891ec250, 0x0000000089200000| 92%| O|  |TAMS 0x0000000089100000| PB 0x0000000089100000| Untracked 
|  58|0x0000000089200000, 0x000000008927c340, 0x0000000089300000| 48%| O|  |TAMS 0x0000000089200000| PB 0x0000000089200000| Untracked 
|  59|0x0000000089300000, 0x0000000089384fd8, 0x0000000089400000| 51%| O|  |TAMS 0x0000000089300000| PB 0x0000000089300000| Untracked 
|  60|0x0000000089400000, 0x0000000089500000, 0x0000000089500000|100%| O|  |TAMS 0x0000000089400000| PB 0x0000000089400000| Untracked 
|  61|0x0000000089500000, 0x0000000089593558, 0x0000000089600000| 57%| O|  |TAMS 0x0000000089500000| PB 0x0000000089500000| Untracked 
|  62|0x0000000089600000, 0x0000000089700000, 0x0000000089700000|100%| O|  |TAMS 0x0000000089600000| PB 0x0000000089600000| Untracked 
|  63|0x0000000089700000, 0x0000000089721230, 0x0000000089800000| 12%| O|Cm|TAMS 0x0000000089700000| PB 0x0000000089700000| Complete 
|  64|0x0000000089800000, 0x000000008982cc08, 0x0000000089900000| 17%| O|  |TAMS 0x0000000089800000| PB 0x0000000089800000| Untracked 
|  65|0x0000000089900000, 0x0000000089900000, 0x0000000089a00000|  0%| F|  |TAMS 0x0000000089900000| PB 0x0000000089900000| Untracked 
|  66|0x0000000089a00000, 0x0000000089a00000, 0x0000000089b00000|  0%| F|  |TAMS 0x0000000089a00000| PB 0x0000000089a00000| Untracked 
|  67|0x0000000089b00000, 0x0000000089b00000, 0x0000000089c00000|  0%| F|  |TAMS 0x0000000089b00000| PB 0x0000000089b00000| Untracked 
|  68|0x0000000089c00000, 0x0000000089c00000, 0x0000000089d00000|  0%| F|  |TAMS 0x0000000089c00000| PB 0x0000000089c00000| Untracked 
|  69|0x0000000089d00000, 0x0000000089d41178, 0x0000000089e00000| 25%| O|  |TAMS 0x0000000089d00000| PB 0x0000000089d00000| Untracked 
|  70|0x0000000089e00000, 0x0000000089e00000, 0x0000000089f00000|  0%| F|  |TAMS 0x0000000089e00000| PB 0x0000000089e00000| Untracked 
|  71|0x0000000089f00000, 0x0000000089f00000, 0x000000008a000000|  0%| F|  |TAMS 0x0000000089f00000| PB 0x0000000089f00000| Untracked 
|  72|0x000000008a000000, 0x000000008a000000, 0x000000008a100000|  0%| F|  |TAMS 0x000000008a000000| PB 0x000000008a000000| Untracked 
|  73|0x000000008a100000, 0x000000008a100000, 0x000000008a200000|  0%| F|  |TAMS 0x000000008a100000| PB 0x000000008a100000| Untracked 
|  74|0x000000008a200000, 0x000000008a200000, 0x000000008a300000|  0%| F|  |TAMS 0x000000008a200000| PB 0x000000008a200000| Untracked 
|  75|0x000000008a300000, 0x000000008a300000, 0x000000008a400000|  0%| F|  |TAMS 0x000000008a300000| PB 0x000000008a300000| Untracked 
|  76|0x000000008a400000, 0x000000008a500000, 0x000000008a500000|100%| S|CS|TAMS 0x000000008a400000| PB 0x000000008a400000| Complete 
|  77|0x000000008a500000, 0x000000008a600000, 0x000000008a600000|100%| S|CS|TAMS 0x000000008a500000| PB 0x000000008a500000| Complete 
|  78|0x000000008a600000, 0x000000008a700000, 0x000000008a700000|100%| S|CS|TAMS 0x000000008a600000| PB 0x000000008a600000| Complete 
|  79|0x000000008a700000, 0x000000008a800000, 0x000000008a800000|100%| S|CS|TAMS 0x000000008a700000| PB 0x000000008a700000| Complete 
|  80|0x000000008a800000, 0x000000008a900000, 0x000000008a900000|100%| S|CS|TAMS 0x000000008a800000| PB 0x000000008a800000| Complete 
|  81|0x000000008a900000, 0x000000008aa00000, 0x000000008aa00000|100%| S|CS|TAMS 0x000000008a900000| PB 0x000000008a900000| Complete 
|  82|0x000000008aa00000, 0x000000008ab00000, 0x000000008ab00000|100%| S|CS|TAMS 0x000000008aa00000| PB 0x000000008aa00000| Complete 
|  83|0x000000008ab00000, 0x000000008ac00000, 0x000000008ac00000|100%| S|CS|TAMS 0x000000008ab00000| PB 0x000000008ab00000| Complete 
|  84|0x000000008ac00000, 0x000000008ad00000, 0x000000008ad00000|100%| S|CS|TAMS 0x000000008ac00000| PB 0x000000008ac00000| Complete 
|  85|0x000000008ad00000, 0x000000008ae00000, 0x000000008ae00000|100%| S|CS|TAMS 0x000000008ad00000| PB 0x000000008ad00000| Complete 
|  86|0x000000008ae00000, 0x000000008af00000, 0x000000008af00000|100%| S|CS|TAMS 0x000000008ae00000| PB 0x000000008ae00000| Complete 
|  87|0x000000008af00000, 0x000000008b000000, 0x000000008b000000|100%| S|CS|TAMS 0x000000008af00000| PB 0x000000008af00000| Complete 
|  88|0x000000008b000000, 0x000000008b000000, 0x000000008b100000|  0%| F|  |TAMS 0x000000008b000000| PB 0x000000008b000000| Untracked 
|  89|0x000000008b100000, 0x000000008b100000, 0x000000008b200000|  0%| F|  |TAMS 0x000000008b100000| PB 0x000000008b100000| Untracked 
|  90|0x000000008b200000, 0x000000008b200000, 0x000000008b300000|  0%| F|  |TAMS 0x000000008b200000| PB 0x000000008b200000| Untracked 
|  91|0x000000008b300000, 0x000000008b300000, 0x000000008b400000|  0%| F|  |TAMS 0x000000008b300000| PB 0x000000008b300000| Untracked 
|  92|0x000000008b400000, 0x000000008b400000, 0x000000008b500000|  0%| F|  |TAMS 0x000000008b400000| PB 0x000000008b400000| Untracked 
|  93|0x000000008b500000, 0x000000008b500000, 0x000000008b600000|  0%| F|  |TAMS 0x000000008b500000| PB 0x000000008b500000| Untracked 
|  94|0x000000008b600000, 0x000000008b600000, 0x000000008b700000|  0%| F|  |TAMS 0x000000008b600000| PB 0x000000008b600000| Untracked 
|  95|0x000000008b700000, 0x000000008b700000, 0x000000008b800000|  0%| F|  |TAMS 0x000000008b700000| PB 0x000000008b700000| Untracked 
|  96|0x000000008b800000, 0x000000008b800000, 0x000000008b900000|  0%| F|  |TAMS 0x000000008b800000| PB 0x000000008b800000| Untracked 
|  97|0x000000008b900000, 0x000000008b900000, 0x000000008ba00000|  0%| F|  |TAMS 0x000000008b900000| PB 0x000000008b900000| Untracked 
|  98|0x000000008ba00000, 0x000000008ba00000, 0x000000008bb00000|  0%| F|  |TAMS 0x000000008ba00000| PB 0x000000008ba00000| Untracked 
|  99|0x000000008bb00000, 0x000000008bb00000, 0x000000008bc00000|  0%| F|  |TAMS 0x000000008bb00000| PB 0x000000008bb00000| Untracked 
| 100|0x000000008bc00000, 0x000000008bc00000, 0x000000008bd00000|  0%| F|  |TAMS 0x000000008bc00000| PB 0x000000008bc00000| Untracked 
| 101|0x000000008bd00000, 0x000000008bd00000, 0x000000008be00000|  0%| F|  |TAMS 0x000000008bd00000| PB 0x000000008bd00000| Untracked 
| 102|0x000000008be00000, 0x000000008be00000, 0x000000008bf00000|  0%| F|  |TAMS 0x000000008be00000| PB 0x000000008be00000| Untracked 
| 103|0x000000008bf00000, 0x000000008bf00000, 0x000000008c000000|  0%| F|  |TAMS 0x000000008bf00000| PB 0x000000008bf00000| Untracked 
| 104|0x000000008c000000, 0x000000008c000000, 0x000000008c100000|  0%| F|  |TAMS 0x000000008c000000| PB 0x000000008c000000| Untracked 
| 105|0x000000008c100000, 0x000000008c100000, 0x000000008c200000|  0%| F|  |TAMS 0x000000008c100000| PB 0x000000008c100000| Untracked 
| 106|0x000000008c200000, 0x000000008c200000, 0x000000008c300000|  0%| F|  |TAMS 0x000000008c200000| PB 0x000000008c200000| Untracked 
| 107|0x000000008c300000, 0x000000008c300000, 0x000000008c400000|  0%| F|  |TAMS 0x000000008c300000| PB 0x000000008c300000| Untracked 
| 108|0x000000008c400000, 0x000000008c400000, 0x000000008c500000|  0%| F|  |TAMS 0x000000008c400000| PB 0x000000008c400000| Untracked 
| 109|0x000000008c500000, 0x000000008c500000, 0x000000008c600000|  0%| F|  |TAMS 0x000000008c500000| PB 0x000000008c500000| Untracked 
| 110|0x000000008c600000, 0x000000008c600000, 0x000000008c700000|  0%| F|  |TAMS 0x000000008c600000| PB 0x000000008c600000| Untracked 
| 111|0x000000008c700000, 0x000000008c700000, 0x000000008c800000|  0%| F|  |TAMS 0x000000008c700000| PB 0x000000008c700000| Untracked 
| 112|0x000000008c800000, 0x000000008c800000, 0x000000008c900000|  0%| F|  |TAMS 0x000000008c800000| PB 0x000000008c800000| Untracked 
| 113|0x000000008c900000, 0x000000008c900000, 0x000000008ca00000|  0%| F|  |TAMS 0x000000008c900000| PB 0x000000008c900000| Untracked 
| 114|0x000000008ca00000, 0x000000008ca00000, 0x000000008cb00000|  0%| F|  |TAMS 0x000000008ca00000| PB 0x000000008ca00000| Untracked 
| 115|0x000000008cb00000, 0x000000008cb00000, 0x000000008cc00000|  0%| F|  |TAMS 0x000000008cb00000| PB 0x000000008cb00000| Untracked 
| 116|0x000000008cc00000, 0x000000008cc00000, 0x000000008cd00000|  0%| F|  |TAMS 0x000000008cc00000| PB 0x000000008cc00000| Untracked 
| 117|0x000000008cd00000, 0x000000008cd00000, 0x000000008ce00000|  0%| F|  |TAMS 0x000000008cd00000| PB 0x000000008cd00000| Untracked 
| 118|0x000000008ce00000, 0x000000008ce00000, 0x000000008cf00000|  0%| F|  |TAMS 0x000000008ce00000| PB 0x000000008ce00000| Untracked 
| 119|0x000000008cf00000, 0x000000008cf00000, 0x000000008d000000|  0%| F|  |TAMS 0x000000008cf00000| PB 0x000000008cf00000| Untracked 
| 120|0x000000008d000000, 0x000000008d000000, 0x000000008d100000|  0%| F|  |TAMS 0x000000008d000000| PB 0x000000008d000000| Untracked 
| 121|0x000000008d100000, 0x000000008d100000, 0x000000008d200000|  0%| F|  |TAMS 0x000000008d100000| PB 0x000000008d100000| Untracked 
| 122|0x000000008d200000, 0x000000008d200000, 0x000000008d300000|  0%| F|  |TAMS 0x000000008d200000| PB 0x000000008d200000| Untracked 
| 123|0x000000008d300000, 0x000000008d300000, 0x000000008d400000|  0%| F|  |TAMS 0x000000008d300000| PB 0x000000008d300000| Untracked 
| 124|0x000000008d400000, 0x000000008d400000, 0x000000008d500000|  0%| F|  |TAMS 0x000000008d400000| PB 0x000000008d400000| Untracked 
| 125|0x000000008d500000, 0x000000008d500000, 0x000000008d600000|  0%| F|  |TAMS 0x000000008d500000| PB 0x000000008d500000| Untracked 
| 126|0x000000008d600000, 0x000000008d600000, 0x000000008d700000|  0%| F|  |TAMS 0x000000008d600000| PB 0x000000008d600000| Untracked 
| 127|0x000000008d700000, 0x000000008d700000, 0x000000008d800000|  0%| F|  |TAMS 0x000000008d700000| PB 0x000000008d700000| Untracked 
| 128|0x000000008d800000, 0x000000008d800000, 0x000000008d900000|  0%| F|  |TAMS 0x000000008d800000| PB 0x000000008d800000| Untracked 
| 129|0x000000008d900000, 0x000000008d900000, 0x000000008da00000|  0%| F|  |TAMS 0x000000008d900000| PB 0x000000008d900000| Untracked 
| 130|0x000000008da00000, 0x000000008da00000, 0x000000008db00000|  0%| F|  |TAMS 0x000000008da00000| PB 0x000000008da00000| Untracked 
| 131|0x000000008db00000, 0x000000008db00000, 0x000000008dc00000|  0%| F|  |TAMS 0x000000008db00000| PB 0x000000008db00000| Untracked 
| 132|0x000000008dc00000, 0x000000008dc00000, 0x000000008dd00000|  0%| F|  |TAMS 0x000000008dc00000| PB 0x000000008dc00000| Untracked 
| 133|0x000000008dd00000, 0x000000008dd00000, 0x000000008de00000|  0%| F|  |TAMS 0x000000008dd00000| PB 0x000000008dd00000| Untracked 
| 134|0x000000008de00000, 0x000000008de00000, 0x000000008df00000|  0%| F|  |TAMS 0x000000008de00000| PB 0x000000008de00000| Untracked 
| 135|0x000000008df00000, 0x000000008df00000, 0x000000008e000000|  0%| F|  |TAMS 0x000000008df00000| PB 0x000000008df00000| Untracked 
| 136|0x000000008e000000, 0x000000008e000000, 0x000000008e100000|  0%| F|  |TAMS 0x000000008e000000| PB 0x000000008e000000| Untracked 
| 137|0x000000008e100000, 0x000000008e100000, 0x000000008e200000|  0%| F|  |TAMS 0x000000008e100000| PB 0x000000008e100000| Untracked 
| 138|0x000000008e200000, 0x000000008e200000, 0x000000008e300000|  0%| F|  |TAMS 0x000000008e200000| PB 0x000000008e200000| Untracked 
| 139|0x000000008e300000, 0x000000008e300000, 0x000000008e400000|  0%| F|  |TAMS 0x000000008e300000| PB 0x000000008e300000| Untracked 
| 140|0x000000008e400000, 0x000000008e400000, 0x000000008e500000|  0%| F|  |TAMS 0x000000008e400000| PB 0x000000008e400000| Untracked 
| 141|0x000000008e500000, 0x000000008e500000, 0x000000008e600000|  0%| F|  |TAMS 0x000000008e500000| PB 0x000000008e500000| Untracked 
| 142|0x000000008e600000, 0x000000008e600000, 0x000000008e700000|  0%| F|  |TAMS 0x000000008e600000| PB 0x000000008e600000| Untracked 
| 143|0x000000008e700000, 0x000000008e700000, 0x000000008e800000|  0%| F|  |TAMS 0x000000008e700000| PB 0x000000008e700000| Untracked 
| 144|0x000000008e800000, 0x000000008e800000, 0x000000008e900000|  0%| F|  |TAMS 0x000000008e800000| PB 0x000000008e800000| Untracked 
| 145|0x000000008e900000, 0x000000008e900000, 0x000000008ea00000|  0%| F|  |TAMS 0x000000008e900000| PB 0x000000008e900000| Untracked 
| 146|0x000000008ea00000, 0x000000008ea00000, 0x000000008eb00000|  0%| F|  |TAMS 0x000000008ea00000| PB 0x000000008ea00000| Untracked 
| 147|0x000000008eb00000, 0x000000008eb00000, 0x000000008ec00000|  0%| F|  |TAMS 0x000000008eb00000| PB 0x000000008eb00000| Untracked 
| 148|0x000000008ec00000, 0x000000008ec00000, 0x000000008ed00000|  0%| F|  |TAMS 0x000000008ec00000| PB 0x000000008ec00000| Untracked 
| 149|0x000000008ed00000, 0x000000008ed00000, 0x000000008ee00000|  0%| F|  |TAMS 0x000000008ed00000| PB 0x000000008ed00000| Untracked 
| 150|0x000000008ee00000, 0x000000008ee00000, 0x000000008ef00000|  0%| F|  |TAMS 0x000000008ee00000| PB 0x000000008ee00000| Untracked 
| 151|0x000000008ef00000, 0x000000008ef00000, 0x000000008f000000|  0%| F|  |TAMS 0x000000008ef00000| PB 0x000000008ef00000| Untracked 
| 152|0x000000008f000000, 0x000000008f000000, 0x000000008f100000|  0%| F|  |TAMS 0x000000008f000000| PB 0x000000008f000000| Untracked 
| 153|0x000000008f100000, 0x000000008f100000, 0x000000008f200000|  0%| F|  |TAMS 0x000000008f100000| PB 0x000000008f100000| Untracked 
| 154|0x000000008f200000, 0x000000008f200000, 0x000000008f300000|  0%| F|  |TAMS 0x000000008f200000| PB 0x000000008f200000| Untracked 
| 155|0x000000008f300000, 0x000000008f300000, 0x000000008f400000|  0%| F|  |TAMS 0x000000008f300000| PB 0x000000008f300000| Untracked 
| 156|0x000000008f400000, 0x000000008f400000, 0x000000008f500000|  0%| F|  |TAMS 0x000000008f400000| PB 0x000000008f400000| Untracked 
| 157|0x000000008f500000, 0x000000008f500000, 0x000000008f600000|  0%| F|  |TAMS 0x000000008f500000| PB 0x000000008f500000| Untracked 
| 158|0x000000008f600000, 0x000000008f600000, 0x000000008f700000|  0%| F|  |TAMS 0x000000008f600000| PB 0x000000008f600000| Untracked 
| 159|0x000000008f700000, 0x000000008f700000, 0x000000008f800000|  0%| F|  |TAMS 0x000000008f700000| PB 0x000000008f700000| Untracked 
| 160|0x000000008f800000, 0x000000008f800000, 0x000000008f900000|  0%| F|  |TAMS 0x000000008f800000| PB 0x000000008f800000| Untracked 
| 161|0x000000008f900000, 0x000000008f900000, 0x000000008fa00000|  0%| F|  |TAMS 0x000000008f900000| PB 0x000000008f900000| Untracked 
| 162|0x000000008fa00000, 0x000000008fa00000, 0x000000008fb00000|  0%| F|  |TAMS 0x000000008fa00000| PB 0x000000008fa00000| Untracked 
| 163|0x000000008fb00000, 0x000000008fb00000, 0x000000008fc00000|  0%| F|  |TAMS 0x000000008fb00000| PB 0x000000008fb00000| Untracked 
| 164|0x000000008fc00000, 0x000000008fc00000, 0x000000008fd00000|  0%| F|  |TAMS 0x000000008fc00000| PB 0x000000008fc00000| Untracked 
| 165|0x000000008fd00000, 0x000000008fd00000, 0x000000008fe00000|  0%| F|  |TAMS 0x000000008fd00000| PB 0x000000008fd00000| Untracked 
| 166|0x000000008fe00000, 0x000000008fe00000, 0x000000008ff00000|  0%| F|  |TAMS 0x000000008fe00000| PB 0x000000008fe00000| Untracked 
| 167|0x000000008ff00000, 0x000000008ff00000, 0x0000000090000000|  0%| F|  |TAMS 0x000000008ff00000| PB 0x000000008ff00000| Untracked 
| 168|0x0000000090000000, 0x0000000090000000, 0x0000000090100000|  0%| F|  |TAMS 0x0000000090000000| PB 0x0000000090000000| Untracked 
| 169|0x0000000090100000, 0x0000000090100000, 0x0000000090200000|  0%| F|  |TAMS 0x0000000090100000| PB 0x0000000090100000| Untracked 
| 170|0x0000000090200000, 0x0000000090200000, 0x0000000090300000|  0%| F|  |TAMS 0x0000000090200000| PB 0x0000000090200000| Untracked 
| 171|0x0000000090300000, 0x0000000090300000, 0x0000000090400000|  0%| F|  |TAMS 0x0000000090300000| PB 0x0000000090300000| Untracked 
| 172|0x0000000090400000, 0x0000000090400000, 0x0000000090500000|  0%| F|  |TAMS 0x0000000090400000| PB 0x0000000090400000| Untracked 
| 173|0x0000000090500000, 0x0000000090500000, 0x0000000090600000|  0%| F|  |TAMS 0x0000000090500000| PB 0x0000000090500000| Untracked 
| 174|0x0000000090600000, 0x0000000090600000, 0x0000000090700000|  0%| F|  |TAMS 0x0000000090600000| PB 0x0000000090600000| Untracked 
| 175|0x0000000090700000, 0x0000000090700000, 0x0000000090800000|  0%| F|  |TAMS 0x0000000090700000| PB 0x0000000090700000| Untracked 
| 176|0x0000000090800000, 0x0000000090800000, 0x0000000090900000|  0%| F|  |TAMS 0x0000000090800000| PB 0x0000000090800000| Untracked 
| 177|0x0000000090900000, 0x0000000090900000, 0x0000000090a00000|  0%| F|  |TAMS 0x0000000090900000| PB 0x0000000090900000| Untracked 
| 178|0x0000000090a00000, 0x0000000090a00000, 0x0000000090b00000|  0%| F|  |TAMS 0x0000000090a00000| PB 0x0000000090a00000| Untracked 
| 179|0x0000000090b00000, 0x0000000090b00000, 0x0000000090c00000|  0%| F|  |TAMS 0x0000000090b00000| PB 0x0000000090b00000| Untracked 
| 180|0x0000000090c00000, 0x0000000090c00000, 0x0000000090d00000|  0%| F|  |TAMS 0x0000000090c00000| PB 0x0000000090c00000| Untracked 
| 181|0x0000000090d00000, 0x0000000090d00000, 0x0000000090e00000|  0%| F|  |TAMS 0x0000000090d00000| PB 0x0000000090d00000| Untracked 
| 182|0x0000000090e00000, 0x0000000090e00000, 0x0000000090f00000|  0%| F|  |TAMS 0x0000000090e00000| PB 0x0000000090e00000| Untracked 
| 183|0x0000000090f00000, 0x0000000090f00000, 0x0000000091000000|  0%| F|  |TAMS 0x0000000090f00000| PB 0x0000000090f00000| Untracked 
| 184|0x0000000091000000, 0x0000000091000000, 0x0000000091100000|  0%| F|  |TAMS 0x0000000091000000| PB 0x0000000091000000| Untracked 
| 185|0x0000000091100000, 0x0000000091100000, 0x0000000091200000|  0%| F|  |TAMS 0x0000000091100000| PB 0x0000000091100000| Untracked 
| 186|0x0000000091200000, 0x0000000091200000, 0x0000000091300000|  0%| F|  |TAMS 0x0000000091200000| PB 0x0000000091200000| Untracked 
| 187|0x0000000091300000, 0x00000000913af628, 0x0000000091400000| 68%| E|  |TAMS 0x0000000091300000| PB 0x0000000091300000| Complete 
| 188|0x0000000091400000, 0x0000000091500000, 0x0000000091500000|100%| E|CS|TAMS 0x0000000091400000| PB 0x0000000091400000| Complete 
| 189|0x0000000091500000, 0x0000000091600000, 0x0000000091600000|100%| E|CS|TAMS 0x0000000091500000| PB 0x0000000091500000| Complete 
| 190|0x0000000091600000, 0x0000000091700000, 0x0000000091700000|100%| E|CS|TAMS 0x0000000091600000| PB 0x0000000091600000| Complete 
| 191|0x0000000091700000, 0x0000000091800000, 0x0000000091800000|100%| E|CS|TAMS 0x0000000091700000| PB 0x0000000091700000| Complete 
| 192|0x0000000091800000, 0x0000000091900000, 0x0000000091900000|100%| E|CS|TAMS 0x0000000091800000| PB 0x0000000091800000| Complete 
| 193|0x0000000091900000, 0x0000000091a00000, 0x0000000091a00000|100%| E|CS|TAMS 0x0000000091900000| PB 0x0000000091900000| Complete 
| 194|0x0000000091a00000, 0x0000000091b00000, 0x0000000091b00000|100%| E|CS|TAMS 0x0000000091a00000| PB 0x0000000091a00000| Complete 
| 195|0x0000000091b00000, 0x0000000091c00000, 0x0000000091c00000|100%| E|CS|TAMS 0x0000000091b00000| PB 0x0000000091b00000| Complete 
| 196|0x0000000091c00000, 0x0000000091d00000, 0x0000000091d00000|100%| E|CS|TAMS 0x0000000091c00000| PB 0x0000000091c00000| Complete 
| 197|0x0000000091d00000, 0x0000000091e00000, 0x0000000091e00000|100%| E|CS|TAMS 0x0000000091d00000| PB 0x0000000091d00000| Complete 
| 198|0x0000000091e00000, 0x0000000091f00000, 0x0000000091f00000|100%| E|CS|TAMS 0x0000000091e00000| PB 0x0000000091e00000| Complete 
| 199|0x0000000091f00000, 0x0000000092000000, 0x0000000092000000|100%| E|CS|TAMS 0x0000000091f00000| PB 0x0000000091f00000| Complete 
| 200|0x0000000092000000, 0x0000000092100000, 0x0000000092100000|100%| E|CS|TAMS 0x0000000092000000| PB 0x0000000092000000| Complete 
| 201|0x0000000092100000, 0x0000000092200000, 0x0000000092200000|100%| E|CS|TAMS 0x0000000092100000| PB 0x0000000092100000| Complete 
| 202|0x0000000092200000, 0x0000000092300000, 0x0000000092300000|100%| E|CS|TAMS 0x0000000092200000| PB 0x0000000092200000| Complete 
| 203|0x0000000092300000, 0x0000000092400000, 0x0000000092400000|100%| E|CS|TAMS 0x0000000092300000| PB 0x0000000092300000| Complete 
| 204|0x0000000092400000, 0x0000000092500000, 0x0000000092500000|100%| E|CS|TAMS 0x0000000092400000| PB 0x0000000092400000| Complete 
| 205|0x0000000092500000, 0x0000000092600000, 0x0000000092600000|100%| E|CS|TAMS 0x0000000092500000| PB 0x0000000092500000| Complete 
| 206|0x0000000092600000, 0x0000000092700000, 0x0000000092700000|100%| E|CS|TAMS 0x0000000092600000| PB 0x0000000092600000| Complete 
| 207|0x0000000092700000, 0x0000000092800000, 0x0000000092800000|100%| E|CS|TAMS 0x0000000092700000| PB 0x0000000092700000| Complete 
| 208|0x0000000092800000, 0x0000000092900000, 0x0000000092900000|100%| E|CS|TAMS 0x0000000092800000| PB 0x0000000092800000| Complete 
| 209|0x0000000092900000, 0x0000000092a00000, 0x0000000092a00000|100%| E|CS|TAMS 0x0000000092900000| PB 0x0000000092900000| Complete 
| 210|0x0000000092a00000, 0x0000000092b00000, 0x0000000092b00000|100%| E|CS|TAMS 0x0000000092a00000| PB 0x0000000092a00000| Complete 
| 211|0x0000000092b00000, 0x0000000092c00000, 0x0000000092c00000|100%| E|CS|TAMS 0x0000000092b00000| PB 0x0000000092b00000| Complete 
| 212|0x0000000092c00000, 0x0000000092d00000, 0x0000000092d00000|100%| E|CS|TAMS 0x0000000092c00000| PB 0x0000000092c00000| Complete 
| 213|0x0000000092d00000, 0x0000000092e00000, 0x0000000092e00000|100%| E|CS|TAMS 0x0000000092d00000| PB 0x0000000092d00000| Complete 
| 214|0x0000000092e00000, 0x0000000092f00000, 0x0000000092f00000|100%| E|CS|TAMS 0x0000000092e00000| PB 0x0000000092e00000| Complete 
| 215|0x0000000092f00000, 0x0000000093000000, 0x0000000093000000|100%| E|CS|TAMS 0x0000000092f00000| PB 0x0000000092f00000| Complete 
| 216|0x0000000093000000, 0x0000000093100000, 0x0000000093100000|100%| E|CS|TAMS 0x0000000093000000| PB 0x0000000093000000| Complete 
| 217|0x0000000093100000, 0x0000000093200000, 0x0000000093200000|100%| E|CS|TAMS 0x0000000093100000| PB 0x0000000093100000| Complete 
| 218|0x0000000093200000, 0x0000000093300000, 0x0000000093300000|100%| E|CS|TAMS 0x0000000093200000| PB 0x0000000093200000| Complete 
| 219|0x0000000093300000, 0x0000000093400000, 0x0000000093400000|100%| E|CS|TAMS 0x0000000093300000| PB 0x0000000093300000| Complete 

Card table byte_map: [0x00000259fe130000,0x00000259fe510000] _byte_map_base: 0x00000259fdd04000

Marking Bits: (CMBitMap*) 0x00000259fac1ffe0
 Bits: [0x00000259883d0000, 0x000002598a270000)

Polling page: 0x00000259f8ac0000

Metaspace:

Usage:
  Non-class:    120.33 MB used.
      Class:     19.34 MB used.
       Both:    139.68 MB used.

Virtual space:
  Non-class space:      128.00 MB reserved,     120.94 MB ( 94%) committed,  2 nodes.
      Class space:        1.00 GB reserved,      20.00 MB (  2%) committed,  1 nodes.
             Both:        1.12 GB reserved,     140.94 MB ( 12%) committed. 

Chunk freelists:
   Non-Class:  6.14 MB
       Class:  12.03 MB
        Both:  18.17 MB

MaxMetaspaceSize: unlimited
CompressedClassSpaceSize: 1.00 GB
Initial GC threshold: 21.00 MB
Current GC threshold: 234.81 MB
CDS: on
 - commit_granule_bytes: 65536.
 - commit_granule_words: 8192.
 - virtual_space_node_default_size: 8388608.
 - enlarge_chunks_in_place: 1.
 - use_allocation_guard: 0.


Internal statistics:

num_allocs_failed_limit: 6.
num_arena_births: 3814.
num_arena_deaths: 2222.
num_vsnodes_births: 3.
num_vsnodes_deaths: 0.
num_space_committed: 2255.
num_space_uncommitted: 0.
num_chunks_returned_to_freelist: 2665.
num_chunks_taken_from_freelist: 10692.
num_chunk_merges: 727.
num_chunk_splits: 6384.
num_chunks_enlarged: 4550.
num_inconsistent_stats: 0.

CodeCache: size=49152Kb used=25162Kb max_used=27285Kb free=23989Kb
 bounds [0x00000259fac40000, 0x00000259fc740000, 0x00000259fdc40000]
 total_blobs=14178 nmethods=13299 adapters=800
 compilation: enabled
              stopped_count=0, restarted_count=0
 full_count=0

Compilation events (20 events):
Event: 2862.438 Thread 0x00000259fe8f5a40 24900       1       com.sun.crypto.provider.GaloisCounterMode::<init> (61 bytes)
Event: 2862.441 Thread 0x00000259dbec1790 nmethod 24899 0x00000259fc1c9390 code [0x00000259fc1c9540, 0x00000259fc1c9688]
Event: 2862.441 Thread 0x00000259fe8f5a40 nmethod 24900 0x00000259fc1c8f10 code [0x00000259fc1c90c0, 0x00000259fc1c9348]
Event: 2862.441 Thread 0x00000259dbec1790 24901   !   1       sun.security.ssl.SSLTrafficKeyDerivation$T13TrafficKeyDerivation::deriveKey (84 bytes)
Event: 2862.441 Thread 0x00000259fe8f5a40 24902       1       sun.security.ssl.SSLTrafficKeyDerivation$KeySchedule::valueOf (10 bytes)
Event: 2862.442 Thread 0x00000259fe8f5a40 nmethod 24902 0x00000259fc03e090 code [0x00000259fc03e240, 0x00000259fc03e348]
Event: 2862.442 Thread 0x00000259fe8f5a40 24903   !   1       sun.security.ssl.SSLTrafficKeyDerivation$T13TrafficKeyDerivation::createHkdfInfo (46 bytes)
Event: 2862.443 Thread 0x00000259dbec1790 nmethod 24901 0x00000259fb8ade90 code [0x00000259fb8ae0a0, 0x00000259fb8ae468]
Event: 2862.445 Thread 0x00000259fe8f5a40 nmethod 24903 0x00000259fb8ace10 code [0x00000259fb8ad060, 0x00000259fb8ad790]
Event: 2862.445 Thread 0x00000259fe8f5a40 24904       1       sun.security.ssl.SSLTrafficKeyDerivation$KeySchedule::getAlgorithm (19 bytes)
Event: 2862.445 Thread 0x00000259fe8f5a40 nmethod 24904 0x00000259fc03dd10 code [0x00000259fc03dea0, 0x00000259fc03df88]
Event: 2862.469 Thread 0x00000259fe8f5a40 24905       1       sun.security.ssl.ContentType::values (10 bytes)
Event: 2862.469 Thread 0x00000259dbec1790 24907       1       sun.security.ssl.ContentType::valueOf (39 bytes)
Event: 2862.470 Thread 0x00000259fe8f5a40 nmethod 24905 0x00000259fc03d810 code [0x00000259fc03d9c0, 0x00000259fc03dad0]
Event: 2862.470 Thread 0x00000259fe8f5a40 24906       1       sun.security.ssl.TransportContext::dispatch (352 bytes)
Event: 2862.470 Thread 0x00000259dbec1790 nmethod 24907 0x00000259fb8ac990 code [0x00000259fb8acb40, 0x00000259fb8accd8]
Event: 2862.472 Thread 0x00000259fe8f5a40 nmethod 24906 0x00000259fbd7b390 code [0x00000259fbd7b760, 0x00000259fbd7c630]
Event: 2862.501 Thread 0x00000259dbec1790 24908       1       org.postgresql.shaded.com.ongres.stringprep.Stringprep$$Lambda/0x000002598e812140::test (5 bytes)
Event: 2862.502 Thread 0x00000259dbec1790 nmethod 24908 0x00000259fb8ac510 code [0x00000259fb8ac6c0, 0x00000259fb8ac7a0]
Event: 2862.502 Thread 0x00000259dbec1790 24909       1       org.postgresql.shaded.com.ongres.stringprep.Tables::bidirectionalPropertyL (4565 bytes)

GC Heap History (20 events):
Event: 2543.436 GC heap before
{Heap before GC invocations=64 (full 1):
 garbage-first heap   total 215040K, used 189038K [0x0000000085800000, 0x0000000100000000)
  region size 1024K, 123 young (125952K), 10 survivors (10240K)
 Metaspace       used 138510K, committed 139648K, reserved 1179648K
  class space    used 19420K, committed 19904K, reserved 1048576K
}
Event: 2543.452 GC heap after
{Heap after GC invocations=65 (full 1):
 garbage-first heap   total 215040K, used 78705K [0x0000000085800000, 0x0000000100000000)
  region size 1024K, 7 young (7168K), 7 survivors (7168K)
 Metaspace       used 138510K, committed 139648K, reserved 1179648K
  class space    used 19420K, committed 19904K, reserved 1048576K
}
Event: 2543.460 GC heap before
{Heap before GC invocations=65 (full 1):
 garbage-first heap   total 215040K, used 78705K [0x0000000085800000, 0x0000000100000000)
  region size 1024K, 8 young (8192K), 7 survivors (7168K)
 Metaspace       used 138522K, committed 139648K, reserved 1179648K
  class space    used 19422K, committed 19904K, reserved 1048576K
}
Event: 2543.465 GC heap after
{Heap after GC invocations=66 (full 1):
 garbage-first heap   total 215040K, used 78795K [0x0000000085800000, 0x0000000100000000)
  region size 1024K, 7 young (7168K), 7 survivors (7168K)
 Metaspace       used 138522K, committed 139648K, reserved 1179648K
  class space    used 19422K, committed 19904K, reserved 1048576K
}
Event: 2546.079 GC heap before
{Heap before GC invocations=67 (full 1):
 garbage-first heap   total 215040K, used 193483K [0x0000000085800000, 0x0000000100000000)
  region size 1024K, 119 young (121856K), 7 survivors (7168K)
 Metaspace       used 139431K, committed 140544K, reserved 1179648K
  class space    used 19497K, committed 19968K, reserved 1048576K
}
Event: 2546.087 GC heap after
{Heap after GC invocations=68 (full 1):
 garbage-first heap   total 215040K, used 84161K [0x0000000085800000, 0x0000000100000000)
  region size 1024K, 12 young (12288K), 12 survivors (12288K)
 Metaspace       used 139431K, committed 140544K, reserved 1179648K
  class space    used 19497K, committed 19968K, reserved 1048576K
}
Event: 2547.225 GC heap before
{Heap before GC invocations=68 (full 1):
 garbage-first heap   total 215040K, used 188609K [0x0000000085800000, 0x0000000100000000)
  region size 1024K, 114 young (116736K), 12 survivors (12288K)
 Metaspace       used 141348K, committed 142592K, reserved 1179648K
  class space    used 19679K, committed 20224K, reserved 1048576K
}
Event: 2547.237 GC heap after
{Heap after GC invocations=69 (full 1):
 garbage-first heap   total 258048K, used 88471K [0x0000000085800000, 0x0000000100000000)
  region size 1024K, 11 young (11264K), 11 survivors (11264K)
 Metaspace       used 141348K, committed 142592K, reserved 1179648K
  class space    used 19679K, committed 20224K, reserved 1048576K
}
Event: 2552.330 GC heap before
{Heap before GC invocations=69 (full 1):
 garbage-first heap   total 258048K, used 229783K [0x0000000085800000, 0x0000000100000000)
  region size 1024K, 149 young (152576K), 11 survivors (11264K)
 Metaspace       used 142181K, committed 143680K, reserved 1179648K
  class space    used 19804K, committed 20480K, reserved 1048576K
}
Event: 2552.341 GC heap after
{Heap after GC invocations=70 (full 1):
 garbage-first heap   total 258048K, used 92317K [0x0000000085800000, 0x0000000100000000)
  region size 1024K, 15 young (15360K), 15 survivors (15360K)
 Metaspace       used 142181K, committed 143680K, reserved 1179648K
  class space    used 19804K, committed 20480K, reserved 1048576K
}
Event: 2643.033 GC heap before
{Heap before GC invocations=71 (full 1):
 garbage-first heap   total 258048K, used 225437K [0x0000000085800000, 0x0000000100000000)
  region size 1024K, 145 young (148480K), 15 survivors (15360K)
 Metaspace       used 141877K, committed 143680K, reserved 1179648K
  class space    used 19732K, committed 20480K, reserved 1048576K
}
Event: 2643.041 GC heap after
{Heap after GC invocations=72 (full 1):
 garbage-first heap   total 258048K, used 91962K [0x0000000085800000, 0x0000000100000000)
  region size 1024K, 9 young (9216K), 9 survivors (9216K)
 Metaspace       used 141877K, committed 143680K, reserved 1179648K
  class space    used 19732K, committed 20480K, reserved 1048576K
}
Event: 2716.162 GC heap before
{Heap before GC invocations=72 (full 1):
 garbage-first heap   total 258048K, used 215866K [0x0000000085800000, 0x0000000100000000)
  region size 1024K, 132 young (135168K), 9 survivors (9216K)
 Metaspace       used 142267K, committed 143744K, reserved 1179648K
  class space    used 19783K, committed 20480K, reserved 1048576K
}
Event: 2716.168 GC heap after
{Heap after GC invocations=73 (full 1):
 garbage-first heap   total 258048K, used 95714K [0x0000000085800000, 0x0000000100000000)
  region size 1024K, 13 young (13312K), 13 survivors (13312K)
 Metaspace       used 142267K, committed 143744K, reserved 1179648K
  class space    used 19783K, committed 20480K, reserved 1048576K
}
Event: 2824.827 GC heap before
{Heap before GC invocations=74 (full 1):
 garbage-first heap   total 258048K, used 227810K [0x0000000085800000, 0x0000000100000000)
  region size 1024K, 142 young (145408K), 13 survivors (13312K)
 Metaspace       used 142113K, committed 143744K, reserved 1179648K
  class space    used 19744K, committed 20480K, reserved 1048576K
}
Event: 2825.024 GC heap after
{Heap after GC invocations=75 (full 1):
 garbage-first heap   total 258048K, used 93016K [0x0000000085800000, 0x0000000100000000)
  region size 1024K, 7 young (7168K), 7 survivors (7168K)
 Metaspace       used 142113K, committed 143744K, reserved 1179648K
  class space    used 19744K, committed 20480K, reserved 1048576K
}
Event: 2857.059 GC heap before
{Heap before GC invocations=75 (full 1):
 garbage-first heap   total 258048K, used 144216K [0x0000000085800000, 0x0000000100000000)
  region size 1024K, 58 young (59392K), 7 survivors (7168K)
 Metaspace       used 142118K, committed 143744K, reserved 1179648K
  class space    used 19745K, committed 20480K, reserved 1048576K
}
Event: 2857.545 GC heap after
{Heap after GC invocations=76 (full 2):
 garbage-first heap   total 225280K, used 63548K [0x0000000085800000, 0x0000000100000000)
  region size 1024K, 0 young (0K), 0 survivors (0K)
 Metaspace       used 141492K, committed 143744K, reserved 1179648K
  class space    used 19607K, committed 20480K, reserved 1048576K
}
Event: 2860.483 GC heap before
{Heap before GC invocations=76 (full 2):
 garbage-first heap   total 225280K, used 197692K [0x0000000085800000, 0x0000000100000000)
  region size 1024K, 132 young (135168K), 0 survivors (0K)
 Metaspace       used 142955K, committed 144256K, reserved 1179648K
  class space    used 19789K, committed 20480K, reserved 1048576K
}
Event: 2860.496 GC heap after
{Heap after GC invocations=77 (full 2):
 garbage-first heap   total 225280K, used 75836K [0x0000000085800000, 0x0000000100000000)
  region size 1024K, 12 young (12288K), 12 survivors (12288K)
 Metaspace       used 142955K, committed 144256K, reserved 1179648K
  class space    used 19789K, committed 20480K, reserved 1048576K
}

Dll operation events (9 events):
Event: 0.011 Loaded shared library D:\Java\jdk-21\bin\java.dll
Event: 0.241 Loaded shared library D:\Java\jdk-21\bin\net.dll
Event: 0.244 Loaded shared library D:\Java\jdk-21\bin\nio.dll
Event: 0.247 Loaded shared library D:\Java\jdk-21\bin\zip.dll
Event: 0.356 Loaded shared library D:\Java\jdk-21\bin\jimage.dll
Event: 0.690 Loaded shared library D:\Java\jdk-21\bin\management.dll
Event: 0.695 Loaded shared library D:\Java\jdk-21\bin\management_ext.dll
Event: 1.757 Loaded shared library D:\Java\jdk-21\bin\sunmscapi.dll
Event: 6.826 Loaded shared library D:\Java\jdk-21\bin\extnet.dll

Deoptimization events (4 events):
Event: 8.844 Thread 0x00000259d23e4860 DEOPT PACKING pc=0x00000259fba0df5c sp=0x000000850b7f8ff0
Event: 8.844 Thread 0x00000259d23e4860 DEOPT UNPACKING pc=0x00000259fac988e2 sp=0x000000850b7f8488 mode 0
Event: 12.908 Thread 0x00000259d23e4860 DEOPT PACKING pc=0x00000259fb291761 sp=0x000000850b7fa2f0
Event: 12.908 Thread 0x00000259d23e4860 DEOPT UNPACKING pc=0x00000259fac988e2 sp=0x000000850b7f97f8 mode 3

Classes loaded (20 events):
Event: 2324.615 Loading class java/util/zip/DeflaterOutputStream
Event: 2324.615 Loading class java/util/zip/DeflaterOutputStream done
Event: 2324.617 Loading class java/util/zip/GZIPOutputStream
Event: 2324.618 Loading class java/util/zip/GZIPOutputStream done
Event: 2324.872 Loading class java/time/format/DateTimeParseContext
Event: 2324.872 Loading class java/time/format/DateTimeParseContext done
Event: 2324.873 Loading class java/time/format/Parsed
Event: 2324.873 Loading class java/time/format/Parsed done
Event: 2518.458 Loading class javax/management/NotificationBroadcasterSupport$WildcardListenerInfo
Event: 2518.461 Loading class javax/management/NotificationBroadcasterSupport$WildcardListenerInfo done
Event: 2529.556 Loading class java/lang/ref/Finalizer$2
Event: 2529.566 Loading class java/util/LinkedList$LLSpliterator
Event: 2529.577 Loading class java/lang/ref/Finalizer$2 done
Event: 2529.578 Loading class java/lang/ref/Finalizer$1
Event: 2529.591 Loading class java/lang/ref/Finalizer$1 done
Event: 2529.625 Loading class java/util/LinkedList$LLSpliterator done
Event: 2535.890 Loading class java/time/DurationEditor
Event: 2535.890 Loading class java/time/DurationEditor done
Event: 2860.370 Loading class java/time/DurationEditor
Event: 2860.371 Loading class java/time/DurationEditor done

Classes unloaded (20 events):
Event: 2857.151 Thread 0x00000259fe8c6710 Unloading class 0x000002598f3b2c00 'jdk/internal/reflect/GeneratedSerializationConstructorAccessor85'
Event: 2857.151 Thread 0x00000259fe8c6710 Unloading class 0x000002598f3b2800 'jdk/internal/reflect/GeneratedSerializationConstructorAccessor84'
Event: 2857.151 Thread 0x00000259fe8c6710 Unloading class 0x000002598f3b2000 'jdk/internal/reflect/GeneratedSerializationConstructorAccessor83'
Event: 2857.151 Thread 0x00000259fe8c6710 Unloading class 0x000002598f3b1c00 'jdk/internal/reflect/GeneratedSerializationConstructorAccessor82'
Event: 2857.151 Thread 0x00000259fe8c6710 Unloading class 0x000002598f3b1400 'java/lang/invoke/LambdaForm$MH+0x000002598f3b1400'
Event: 2857.151 Thread 0x00000259fe8c6710 Unloading class 0x000002598f3b0c00 'jdk/internal/reflect/GeneratedSerializationConstructorAccessor81'
Event: 2857.151 Thread 0x00000259fe8c6710 Unloading class 0x000002598f3b0000 'java/lang/invoke/LambdaForm$MH+0x000002598f3b0000'
Event: 2857.151 Thread 0x00000259fe8c6710 Unloading class 0x000002598f3abc00 'java/lang/invoke/LambdaForm$MH+0x000002598f3abc00'
Event: 2857.151 Thread 0x00000259fe8c6710 Unloading class 0x000002598f3ab800 'java/lang/invoke/LambdaForm$MH+0x000002598f3ab800'
Event: 2857.151 Thread 0x00000259fe8c6710 Unloading class 0x000002598f3ab400 'java/lang/invoke/LambdaForm$MH+0x000002598f3ab400'
Event: 2857.151 Thread 0x00000259fe8c6710 Unloading class 0x000002598f3ab000 'java/lang/invoke/LambdaForm$MH+0x000002598f3ab000'
Event: 2857.151 Thread 0x00000259fe8c6710 Unloading class 0x000002598f3aac00 'java/lang/invoke/LambdaForm$MH+0x000002598f3aac00'
Event: 2857.151 Thread 0x00000259fe8c6710 Unloading class 0x000002598f3aa400 'java/lang/invoke/LambdaForm$MH+0x000002598f3aa400'
Event: 2857.151 Thread 0x00000259fe8c6710 Unloading class 0x000002598f3aa000 'java/lang/invoke/LambdaForm$MH+0x000002598f3aa000'
Event: 2857.151 Thread 0x00000259fe8c6710 Unloading class 0x000002598f34cc00 'java/lang/invoke/LambdaForm$MH+0x000002598f34cc00'
Event: 2857.151 Thread 0x00000259fe8c6710 Unloading class 0x000002598f34bc00 'java/lang/invoke/LambdaForm$DMH+0x000002598f34bc00'
Event: 2857.151 Thread 0x00000259fe8c6710 Unloading class 0x000002598f349000 'java/lang/invoke/LambdaForm$MH+0x000002598f349000'
Event: 2857.151 Thread 0x00000259fe8c6710 Unloading class 0x000002598f347c00 'java/lang/invoke/LambdaForm$MH+0x000002598f347c00'
Event: 2857.151 Thread 0x00000259fe8c6710 Unloading class 0x000002598f342400 'java/lang/invoke/LambdaForm$MH+0x000002598f342400'
Event: 2857.151 Thread 0x00000259fe8c6710 Unloading class 0x000002598f313800 'java/lang/invoke/LambdaForm$MH+0x000002598f313800'

Classes redefined (0 events):
No events

Internal exceptions (20 events):
Event: 2712.617 Thread 0x00000259d4f9ef70 Exception <a 'java/lang/NoSuchMethodError'{0x000000008e535890}: static Lvn/hcmute/edu/dp/nhom10/backend/dto/response/ProductGridResponse;.<clinit>()V> (0x000000008e535890) 
thrown [s\open\src\hotspot\share\prims\jni.cpp, line 1111]
Event: 2715.865 Thread 0x00000259d4f9f600 Exception <a 'java/lang/NoSuchMethodError'{0x000000008dd121d0}: 'java.lang.Object java.lang.invoke.DelegatingMethodHandle$Holder.reinvoke_L(java.lang.Object, java.lang.Object, java.lang.Object, java.lang.Object, java.lang.Object, java.lang.Object, java.lang.Object, java.lang.Object, java.lang.Object, int, int)'> (0x000000008dd121d0) 
thrown [s\open\src\hotspot\share\interpreter\linkResolver.cpp, line 773]
Event: 2715.915 Thread 0x00000259d4f9f600 Exception <a 'java/lang/NoSuchMethodError'{0x000000008dd32758}: 'java.lang.Object java.lang.invoke.DelegatingMethodHandle$Holder.reinvoke_L(java.lang.Object, java.lang.Object, java.lang.Object, int, int)'> (0x000000008dd32758) 
thrown [s\open\src\hotspot\share\interpreter\linkResolver.cpp, line 773]
Event: 2716.006 Thread 0x00000259d4f9d530 Exception <a 'java/lang/NoSuchMethodError'{0x000000008db24048}: 'java.lang.Object java.lang.invoke.DelegatingMethodHandle$Holder.reinvoke_L(java.lang.Object, java.lang.Object, int, int, java.lang.Object, java.lang.Object, java.lang.Object)'> (0x000000008db24048) 
thrown [s\open\src\hotspot\share\interpreter\linkResolver.cpp, line 773]
Event: 2716.143 Thread 0x00000259d4f9d530 Exception <a 'java/lang/IncompatibleClassChangeError'{0x000000008d95f930}: Found class java.lang.Object, but interface was expected> (0x000000008d95f930) 
thrown [s\open\src\hotspot\share\interpreter\linkResolver.cpp, line 840]
Event: 2716.143 Thread 0x00000259d4f9d530 Exception <a 'java/lang/IncompatibleClassChangeError'{0x000000008d961f60}: Found class java.lang.Object, but interface was expected> (0x000000008d961f60) 
thrown [s\open\src\hotspot\share\interpreter\linkResolver.cpp, line 840]
Event: 2716.144 Thread 0x00000259d4f9d530 Exception <a 'java/lang/IncompatibleClassChangeError'{0x000000008d970cc8}: Found class java.lang.Object, but interface was expected> (0x000000008d970cc8) 
thrown [s\open\src\hotspot\share\interpreter\linkResolver.cpp, line 840]
Event: 2716.145 Thread 0x00000259d4f9d530 Exception <a 'java/lang/IncompatibleClassChangeError'{0x000000008d9802f0}: Found class java.lang.Object, but interface was expected> (0x000000008d9802f0) 
thrown [s\open\src\hotspot\share\interpreter\linkResolver.cpp, line 840]
Event: 2721.836 Thread 0x00000259dc11f4c0 Exception <a 'java/lang/NoSuchMethodError'{0x00000000948d3b10}: 'java.lang.Object java.lang.invoke.DelegatingMethodHandle$Holder.reinvoke_L(java.lang.Object, java.lang.Object, java.lang.Object, java.lang.Object, java.lang.Object, int, int, java.lang.Object, java.lang.Object)'> (0x00000000948d3b10) 
thrown [s\open\src\hotspot\share\interpreter\linkResolver.cpp, line 773]
Event: 2731.110 Thread 0x00000259d4f9f600 Exception <a 'java/lang/NoSuchMethodError'{0x00000000935b0d78}: 'java.lang.Object java.lang.invoke.DirectMethodHandle$Holder.invokeVirtual(java.lang.Object, java.lang.Object, int, int, java.lang.Object)'> (0x00000000935b0d78) 
thrown [s\open\src\hotspot\share\interpreter\linkResolver.cpp, line 773]
Event: 2731.110 Thread 0x00000259d4f9f600 Exception <a 'java/lang/NoSuchMethodError'{0x00000000935b8890}: 'java.lang.Object java.lang.invoke.DelegatingMethodHandle$Holder.reinvoke_L(java.lang.Object, java.lang.Object, int, int, java.lang.Object)'> (0x00000000935b8890) 
thrown [s\open\src\hotspot\share\interpreter\linkResolver.cpp, line 773]
Event: 2856.450 Thread 0x00000259d5b01450 Exception <a 'java/lang/InterruptedException'{0x0000000092443510}: sleep interrupted> (0x0000000092443510) 
thrown [s\open\src\hotspot\share\prims\jvm.cpp, line 3074]
Event: 2856.463 Thread 0x00000259dbf92cb0 Exception <a 'java/lang/InterruptedException'{0x00000000935000c0}: sleep interrupted> (0x00000000935000c0) 
thrown [s\open\src\hotspot\share\prims\jvm.cpp, line 3074]
Event: 2857.050 Thread 0x00000259d598b6a0 Exception <a 'java/lang/InterruptedException'{0x00000000921a1ad0}: sleep interrupted> (0x00000000921a1ad0) 
thrown [s\open\src\hotspot\share\prims\jvm.cpp, line 3074]
Event: 2857.718 Thread 0x00000259dc545cb0 Exception <a 'sun/nio/fs/WindowsException'{0x000000009310a438}> (0x000000009310a438) 
thrown [s\open\src\hotspot\share\prims\jni.cpp, line 520]
Event: 2859.333 Thread 0x00000259dc545cb0 Exception <a 'java/lang/NoSuchMethodError'{0x000000009037a7f0}: 'void java.lang.invoke.DelegatingMethodHandle$Holder.reinvoke_L(java.lang.Object, java.lang.Object, int)'> (0x000000009037a7f0) 
thrown [s\open\src\hotspot\share\interpreter\linkResolver.cpp, line 773]
Event: 2860.559 Thread 0x00000259dc545cb0 Exception <a 'java/lang/NoSuchMethodError'{0x0000000093027cf0}: 'int java.lang.invoke.DirectMethodHandle$Holder.invokeVirtual(java.lang.Object, java.lang.Object, java.lang.Object, java.lang.Object)'> (0x0000000093027cf0) 
thrown [s\open\src\hotspot\share\interpreter\linkResolver.cpp, line 773]
Event: 2860.560 Thread 0x00000259dc545cb0 Exception <a 'java/lang/NoSuchMethodError'{0x000000009302b2c8}: 'int java.lang.invoke.DelegatingMethodHandle$Holder.reinvoke_L(java.lang.Object, java.lang.Object, java.lang.Object, java.lang.Object)'> (0x000000009302b2c8) 
thrown [s\open\src\hotspot\share\interpreter\linkResolver.cpp, line 773]
Event: 2860.709 Thread 0x00000259dc545cb0 Exception <a 'java/io/FileNotFoundException'{0x00000000930a1d10}> (0x00000000930a1d10) 
thrown [s\open\src\hotspot\share\prims\jni.cpp, line 520]
Event: 2861.688 Thread 0x00000259dc545cb0 Exception <a 'java/lang/NoSuchMethodError'{0x0000000092488080}: 'void java.lang.invoke.DelegatingMethodHandle$Holder.reinvoke_L(java.lang.Object, java.lang.Object, long)'> (0x0000000092488080) 
thrown [s\open\src\hotspot\share\interpreter\linkResolver.cpp, line 773]

ZGC Phase Switch (0 events):
No events

VM Operations (20 events):
Event: 2824.813 Executing VM operation: G1CollectForAllocation (G1 Evacuation Pause)
Event: 2825.024 Executing VM operation: G1CollectForAllocation (G1 Evacuation Pause) done
Event: 2854.307 Executing VM operation: Cleanup
Event: 2854.307 Executing VM operation: Cleanup done
Event: 2856.333 Executing VM operation: Cleanup
Event: 2856.333 Executing VM operation: Cleanup done
Event: 2857.059 Executing VM operation: G1CollectFull (System.gc())
Event: 2857.545 Executing VM operation: G1CollectFull (System.gc()) done
Event: 2858.551 Executing VM operation: Cleanup
Event: 2858.551 Executing VM operation: Cleanup done
Event: 2859.555 Executing VM operation: Cleanup
Event: 2859.555 Executing VM operation: Cleanup done
Event: 2860.483 Executing VM operation: G1CollectForAllocation (G1 Evacuation Pause)
Event: 2860.496 Executing VM operation: G1CollectForAllocation (G1 Evacuation Pause) done
Event: 2860.580 Executing VM operation: G1PauseRemark
Event: 2860.589 Executing VM operation: G1PauseRemark done
Event: 2860.616 Executing VM operation: G1PauseCleanup
Event: 2860.617 Executing VM operation: G1PauseCleanup done
Event: 2861.627 Executing VM operation: Cleanup
Event: 2861.643 Executing VM operation: Cleanup done

Events (20 events):
Event: 2857.479 Thread 0x00000259fe8c6710 flushing nmethod 0x00000259fc31ba90
Event: 2857.479 Thread 0x00000259fe8c6710 flushing nmethod 0x00000259fc31be10
Event: 2857.479 Thread 0x00000259fe8c6710 flushing nmethod 0x00000259fc31c110
Event: 2857.479 Thread 0x00000259fe8c6710 flushing nmethod 0x00000259fc31c790
Event: 2857.479 Thread 0x00000259fe8c6710 flushing nmethod 0x00000259fc334a90
Event: 2857.479 Thread 0x00000259fe8c6710 flushing nmethod 0x00000259fc337810
Event: 2857.479 Thread 0x00000259fe8c6710 flushing nmethod 0x00000259fc33df10
Event: 2857.479 Thread 0x00000259fe8c6710 flushing nmethod 0x00000259fc35c710
Event: 2857.479 Thread 0x00000259fe8c6710 flushing nmethod 0x00000259fc35ca10
Event: 2857.479 Thread 0x00000259fe8c6710 flushing nmethod 0x00000259fc35cd10
Event: 2857.479 Thread 0x00000259fe8c6710 flushing nmethod 0x00000259fc35d310
Event: 2857.479 Thread 0x00000259fe8c6710 flushing nmethod 0x00000259fc35e210
Event: 2857.479 Thread 0x00000259fe8c6710 flushing nmethod 0x00000259fc35e610
Event: 2857.545 Thread 0x00000259dc545620 Thread exited: 0x00000259dc545620
Event: 2857.546 Thread 0x00000259dc548410 Thread added: 0x00000259dc548410
Event: 2857.547 Thread 0x00000259dc548410 Thread exited: 0x00000259dc548410
Event: 2857.547 Thread 0x00000259dc545cb0 Thread added: 0x00000259dc545cb0
Event: 2857.817 Thread 0x00000259dbec1790 Thread added: 0x00000259dbec1790
Event: 2859.014 Thread 0x00000259d5b752b0 Thread added: 0x00000259d5b752b0
Event: 2859.025 Thread 0x00000259d5b752b0 Thread exited: 0x00000259d5b752b0


Dynamic libraries:
0x00007ff622210000 - 0x00007ff622220000 	D:\Java\jdk-21\bin\java.exe
0x00007fff93b70000 - 0x00007fff93d88000 	C:\WINDOWS\SYSTEM32\ntdll.dll
0x00007fff92030000 - 0x00007fff920f4000 	C:\WINDOWS\System32\KERNEL32.DLL
0x00007fff90ea0000 - 0x00007fff91273000 	C:\WINDOWS\System32\KERNELBASE.dll
0x00007fff91280000 - 0x00007fff91391000 	C:\WINDOWS\System32\ucrtbase.dll
0x00007fff6b480000 - 0x00007fff6b49b000 	D:\Java\jdk-21\bin\VCRUNTIME140.dll
0x00007fff868b0000 - 0x00007fff868c9000 	D:\Java\jdk-21\bin\jli.dll
0x00007fff92210000 - 0x00007fff922c1000 	C:\WINDOWS\System32\ADVAPI32.dll
0x00007fff91e30000 - 0x00007fff91ed7000 	C:\WINDOWS\System32\msvcrt.dll
0x00007fff92a10000 - 0x00007fff92ab8000 	C:\WINDOWS\System32\sechost.dll
0x00007fff91500000 - 0x00007fff91528000 	C:\WINDOWS\System32\bcrypt.dll
0x00007fff939e0000 - 0x00007fff93af8000 	C:\WINDOWS\System32\RPCRT4.dll
0x00007fff918d0000 - 0x00007fff91a82000 	C:\WINDOWS\System32\USER32.dll
0x00007fff90d00000 - 0x00007fff90d26000 	C:\WINDOWS\System32\win32u.dll
0x00007fff918a0000 - 0x00007fff918c9000 	C:\WINDOWS\System32\GDI32.dll
0x00007fff91530000 - 0x00007fff9164b000 	C:\WINDOWS\System32\gdi32full.dll
0x00007fff91460000 - 0x00007fff914fa000 	C:\WINDOWS\System32\msvcp_win.dll
0x00007fff7d470000 - 0x00007fff7d70c000 	C:\WINDOWS\WinSxS\amd64_microsoft.windows.common-controls_6595b64144ccf1df_6.0.22621.6060_none_2712eda17382d24b\COMCTL32.dll
0x00007fff90630000 - 0x00007fff9063a000 	C:\WINDOWS\SYSTEM32\VERSION.dll
0x00007fff927c0000 - 0x00007fff927f1000 	C:\WINDOWS\System32\IMM32.DLL
0x0000000066280000 - 0x000000006628d000 	D:\360\Total Security\safemon\SafeWrapper.dll
0x00007fff85e50000 - 0x00007fff85f55000 	D:\360\Total Security\safemon\libzdtp64.dll
0x00007fff93140000 - 0x00007fff939dc000 	C:\WINDOWS\System32\SHELL32.dll
0x00007fff91650000 - 0x00007fff9178f000 	C:\WINDOWS\System32\wintypes.dll
0x00007fff91a90000 - 0x00007fff91e21000 	C:\WINDOWS\System32\combase.dll
0x00007fff92100000 - 0x00007fff92169000 	C:\WINDOWS\System32\SHLWAPI.dll
0x00007fff6e270000 - 0x00007fff6e27c000 	D:\Java\jdk-21\bin\vcruntime140_1.dll
0x00007fff59240000 - 0x00007fff592ce000 	D:\Java\jdk-21\bin\msvcp140.dll
0x00007fff01c90000 - 0x00007fff029aa000 	D:\Java\jdk-21\bin\server\jvm.dll
0x00007fff91820000 - 0x00007fff91891000 	C:\WINDOWS\System32\WS2_32.dll
0x00007fff90b50000 - 0x00007fff90b9d000 	C:\WINDOWS\SYSTEM32\POWRPROF.dll
0x00007fff86870000 - 0x00007fff868a4000 	C:\WINDOWS\SYSTEM32\WINMM.dll
0x00007fff90b30000 - 0x00007fff90b43000 	C:\WINDOWS\SYSTEM32\UMPDC.dll
0x00007fff8fbb0000 - 0x00007fff8fbc8000 	C:\WINDOWS\SYSTEM32\kernel.appcore.dll
0x00007fff6d830000 - 0x00007fff6d83a000 	D:\Java\jdk-21\bin\jimage.dll
0x00007fff8e5d0000 - 0x00007fff8e803000 	C:\WINDOWS\SYSTEM32\DBGHELP.DLL
0x00007fff91f50000 - 0x00007fff92028000 	C:\WINDOWS\System32\OLEAUT32.dll
0x00007fff6e220000 - 0x00007fff6e252000 	C:\WINDOWS\SYSTEM32\dbgcore.DLL
0x00007fff91790000 - 0x00007fff9180b000 	C:\WINDOWS\System32\bcryptPrimitives.dll
0x00007fff6d110000 - 0x00007fff6d12f000 	D:\Java\jdk-21\bin\java.dll
0x00007fff8eac0000 - 0x00007fff8f3da000 	C:\WINDOWS\SYSTEM32\windows.storage.dll
0x00007fff92340000 - 0x00007fff92444000 	C:\WINDOWS\System32\SHCORE.dll
0x00007fff90bb0000 - 0x00007fff90bd5000 	C:\WINDOWS\SYSTEM32\profapi.dll
0x00007fff6d100000 - 0x00007fff6d110000 	D:\Java\jdk-21\bin\net.dll
0x00007fff88f10000 - 0x00007fff8903c000 	C:\WINDOWS\SYSTEM32\WINHTTP.dll
0x00007fff90070000 - 0x00007fff900d9000 	C:\WINDOWS\system32\mswsock.dll
0x00007fff6d0e0000 - 0x00007fff6d0f6000 	D:\Java\jdk-21\bin\nio.dll
0x00007fff6b460000 - 0x00007fff6b478000 	D:\Java\jdk-21\bin\zip.dll
0x00007fff6b450000 - 0x00007fff6b45a000 	D:\Java\jdk-21\bin\management.dll
0x00007fff59200000 - 0x00007fff5920b000 	D:\Java\jdk-21\bin\management_ext.dll
0x00007fff91810000 - 0x00007fff91818000 	C:\WINDOWS\System32\PSAPI.DLL
0x00007fff6ce80000 - 0x00007fff6ce8e000 	D:\Java\jdk-21\bin\sunmscapi.dll
0x00007fff90d30000 - 0x00007fff90e98000 	C:\WINDOWS\System32\CRYPT32.dll
0x00007fff904c0000 - 0x00007fff904ee000 	C:\WINDOWS\SYSTEM32\ncrypt.dll
0x00007fff90480000 - 0x00007fff904b7000 	C:\WINDOWS\SYSTEM32\NTASN1.dll
0x00007fff90310000 - 0x00007fff9032b000 	C:\WINDOWS\SYSTEM32\CRYPTSP.dll
0x00007fff8fb10000 - 0x00007fff8fb47000 	C:\WINDOWS\system32\rsaenh.dll
0x00007fff90110000 - 0x00007fff90138000 	C:\WINDOWS\SYSTEM32\USERENV.dll
0x00007fff90280000 - 0x00007fff9028c000 	C:\WINDOWS\SYSTEM32\CRYPTBASE.dll
0x00007fff8f640000 - 0x00007fff8f66d000 	C:\WINDOWS\SYSTEM32\IPHLPAPI.DLL
0x00007fff92170000 - 0x00007fff92179000 	C:\WINDOWS\System32\NSI.dll
0x00007fff8f6b0000 - 0x00007fff8f7a8000 	C:\WINDOWS\SYSTEM32\DNSAPI.dll
0x0000000066270000 - 0x000000006627b000 	C:\Program Files\National Instruments\Shared\mDNS Responder\nimdnsNSP.dll
0x0000000066250000 - 0x0000000066261000 	C:\WINDOWS\SYSTEM32\nimdnsResponder.dll
0x00007fff858c0000 - 0x00007fff858ca000 	C:\Windows\System32\rasadhlp.dll
0x00007fff86220000 - 0x00007fff862a4000 	C:\WINDOWS\System32\fwpuclnt.dll
0x00007fff6cd20000 - 0x00007fff6cd29000 	D:\Java\jdk-21\bin\extnet.dll
0x00007fff48e60000 - 0x00007fff48e68000 	C:\WINDOWS\system32\wshunix.dll
0x00007fff63190000 - 0x00007fff631a7000 	C:\WINDOWS\system32\napinsp.dll
0x00007fff5e600000 - 0x00007fff5e61b000 	C:\WINDOWS\system32\pnrpnsp.dll
0x00007fff5e6f0000 - 0x00007fff5e701000 	C:\WINDOWS\System32\winrnr.dll
0x00007fff85fb0000 - 0x00007fff85fc5000 	C:\WINDOWS\system32\wshbth.dll
0x00007fff5e6c0000 - 0x00007fff5e6e1000 	C:\WINDOWS\system32\nlansp_c.dll
0x00007fff88530000 - 0x00007fff88549000 	C:\WINDOWS\SYSTEM32\dhcpcsvc6.DLL
0x00007fff877d0000 - 0x00007fff877ef000 	C:\WINDOWS\SYSTEM32\dhcpcsvc.DLL

dbghelp: loaded successfully - version: 4.0.5 - missing functions: none
symbol engine: initialized successfully - sym options: 0x614 - pdb path: .;D:\Java\jdk-21\bin;C:\WINDOWS\SYSTEM32;C:\WINDOWS\WinSxS\amd64_microsoft.windows.common-controls_6595b64144ccf1df_6.0.22621.6060_none_2712eda17382d24b;D:\360\Total Security\safemon;D:\Java\jdk-21\bin\server;C:\Program Files\National Instruments\Shared\mDNS Responder

VM Arguments:
jvm_args: -XX:TieredStopAtLevel=1 
java_command: vn.hcmute.edu.dp.nhom10.backend.BackendApplication
java_class_path (initial): D:\Workspace\Nam3_Ky2_Dot2\DesignPattern\BaoCaoCuoiKy\ClothingStore\backend\target\classes;C:\Users\lequa\.m2\repository\ch\qos\logback\logback-classic\1.5.32\logback-classic-1.5.32.jar;C:\Users\lequa\.m2\repository\ch\qos\logback\logback-core\1.5.32\logback-core-1.5.32.jar;C:\Users\lequa\.m2\repository\org\apache\logging\log4j\log4j-to-slf4j\2.25.4\log4j-to-slf4j-2.25.4.jar;C:\Users\lequa\.m2\repository\org\apache\logging\log4j\log4j-api\2.25.4\log4j-api-2.25.4.jar;C:\Users\lequa\.m2\repository\org\slf4j\jul-to-slf4j\2.0.17\jul-to-slf4j-2.0.17.jar;C:\Users\lequa\.m2\repository\jakarta\annotation\jakarta.annotation-api\3.0.0\jakarta.annotation-api-3.0.0.jar;C:\Users\lequa\.m2\repository\org\yaml\snakeyaml\2.5\snakeyaml-2.5.jar;C:\Users\lequa\.m2\repository\org\springframework\boot\spring-boot-micrometer-metrics\4.0.6\spring-boot-micrometer-metrics-4.0.6.jar;C:\Users\lequa\.m2\repository\org\springframework\boot\spring-boot-micrometer-observation\4.0.6\spring-boot-micrometer-observation-4.0.6.jar;C:\Users\lequa\.m2\repository\org\springframework\boot\spring-boot-actuator-autoconfigure\4.0.6\spring-boot-actuator-autoconfigure-4.0.6.jar;C:\Users\lequa\.m2\repository\org\springframework\boot\spring-boot-actuator\4.0.6\spring-boot-actuator-4.0.6.jar;C:\Users\lequa\.m2\repository\org\springframework\boot\spring-boot-health\4.0.6\spring-boot-health-4.0.6.jar;C:\Users\lequa\.m2\repository\io\micrometer\micrometer-observation\1.16.5\micrometer-observation-1.16.5.jar;C:\Users\lequa\.m2\repository\org\jspecify\jspecify\1.0.0\jspecify-1.0.0.jar;C:\Users\lequa\.m2\repository\io\micrometer\micrometer-commons\1.16.5\micrometer-commons-1.16.5.jar;C:\Users\lequa\.m2\repository\io\micrometer\micrometer-jakarta9\1.16.5\micrometer-jakarta9-1.16.5.jar;C:\Users\lequa\.m2\repository\io\micrometer\micrometer-core\1.16.5\micrometer-core-1.16.5.jar;C:\Users\lequa\.m2\repository\org\hdrhistogram\HdrHistogram\2.2.2\HdrHistogram-2.2.2.jar;C:\Users\lequa\.m2\repository\org\latencyutils\LatencyUtils\2.0.3\LatencyUtils-2.0.3.jar;C:\Users\lequa\.m2\repository\com\zaxxer\HikariCP\7.0.2\HikariCP-7.0.2.jar;C:\Users\lequa\.m2\repository\org\springframework\boot\spring-boot-data-jpa\4.0.6\spring-boot-data-jpa-4.0.6.jar;C:\Users\lequa\.m2\repository\org\springframework\boot\spring-boot-data-commons\4.0.6\spring-boot-data-commons-4.0.6.jar;C:\Users\lequa\.m2\repository\org\springframework\boot\spring-boot-persistence\4.0.6\spring-boot-persistence-4.0.6.jar;C:\Users\lequa\.m2\repository\org\springframework\data\spring-data-commons\4.0.5\spring-data-commons-4.0.5.jar;C:\Users\lequa\.m2\repository\org\springframework\boot\spring-boot-hibernate\4.0.6\spring-boot-hibernate-4.0.6.jar;C:\Users\lequa\.m2\repository\org\springframework\boot\spring-boot-jpa\4.0.6\spring-boot-jpa-4.0.6.jar;C:\Users\lequa\.m2\repository\jakarta\persistence\jakarta.persistence-api\3.2.0\jakarta.persistence-api-3.2.0.jar;C:\Users\lequa\.m2\repository\org\hibernate\orm\hibernate-core\7.2.12.Final\hibernate-core-7.2.12.Final.jar;C:\Users\lequa\.m2\repository\jakarta\transaction\jakarta.transaction-api\2.0.1\jakarta.transaction-api-2.0.1.jar;C:\Users\lequa\.m2\repository\org\hibernate\models\hibernate-models\1.0.1\hibernate-models-1.0.1.jar;C:\Users\lequa\.m2\repository\org\glassfish\jaxb\jaxb-runtime\4.0.6\jaxb-runtime-4.0.6.jar;C:\Users\lequa\.m2\repository\org\glassfish\jaxb\jaxb-core\4.0.6\jaxb-core-4.0.6.jar;C:\Users\lequa\.m2\repository\org\eclipse\angus\angus-activation\2.0.3\angus-activation-2.0.3.jar;C:\Users\lequa\.m2\repository\org\glassfish\jaxb\txw2\4.0.6\txw2-4.0.6.jar;C:\Users\lequa\.m2\repository\com\sun\istack\istack-commons-runtime\4.1.2\istack-commons-runtime-4.1.2.jar;C:\Users\lequa\.m2\repository\jakarta\inject\jakarta.inject-api\2.0.1\jakarta.inject-api-2.0.1.jar;C:\Users\lequa\.m2\repository\org\springframework\spring-orm\7.0.7\spring-orm-7.0.7.jar;C:\Users\lequa\.m2\repository\org\springframework\data\spring-data-jpa\4.0.5\spring-data-jpa-4.0.5.jar;C:\Users\lequa\.m2\repository\org\springframework\spring-tx\7.0.7\spring-tx-7.0.7.jar;C:\Users\lequa\.m2\repository\org\antlr\antlr4-runtime\4.13.2\antlr4-runtime-4.13.2.jar;C:\Users\lequa\.m2\repository\org\springframework\spring-aspects\7.0.7\spring-aspects-7.0.7.jar;C:\Users\lequa\.m2\repository\org\aspectj\aspectjweaver\1.9.25.1\aspectjweaver-1.9.25.1.jar;C:\Users\lequa\.m2\repository\org\springframework\boot\spring-boot-jdbc\4.0.6\spring-boot-jdbc-4.0.6.jar;C:\Users\lequa\.m2\repository\org\springframework\boot\spring-boot-sql\4.0.6\spring-boot-sql-4.0.6.jar;C:\Users\lequa\.m2\repository\org\springframework\boot\spring-boot-transaction\4.0.6\spring-boot-transaction-4.0.6.jar;C:\Users\lequa\.m2\repository\org\springframework\spring-jdbc\7.0.7\spring-jdbc-7.0.7.jar;C:\Users\lequa\.m2\repository\org\springframework\boot\spring-boot-security\4.0.6\spring-boot-security-4.0.6.jar;C:\Users\lequa\.m2\repository\org\springframework\security\spring-security-config\7.0.5\spring-security-config-7.0.5.jar;C:\Users\lequa\.m2\repository\org\springframework\spring-aop\7.0.7\spring-aop-7.0.7.jar;C:\Users\lequa\.m2\repository\org\springframework\spring-beans\7.0.7\spring-beans-7.0.7.jar;C:\Users\lequa\.m2\repository\org\springframework\boot\spring-boot-validation\4.0.6\spring-boot-validation-4.0.6.jar;C:\Users\lequa\.m2\repository\org\apache\tomcat\embed\tomcat-embed-el\11.0.21\tomcat-embed-el-11.0.21.jar;C:\Users\lequa\.m2\repository\org\hibernate\validator\hibernate-validator\9.0.1.Final\hibernate-validator-9.0.1.Final.jar;C:\Users\lequa\.m2\repository\jakarta\validation\jakarta.validation-api\3.1.1\jakarta.validation-api-3.1.1.jar;C:\Users\lequa\.m2\repository\org\jboss\logging\jboss-logging\3.6.3.Final\jboss-logging-3.6.3.Final.jar;C:\Users\lequa\.m2\repository\com\fasterxml\classmate\1.7.3\classmate-1.7.3.jar;C:\Users\lequa\.m2\repository\org\springframework\boot\spring-boot-jackson\4.0.6\spring-boot-jackson-4.0.6.jar;C:\Users\lequa\.m2\repository\tools\jackson\core\jackson-databind\3.1.2\jackson-databind-3.1.2.jar;C:\Users\lequa\.m2\repository\tools\jackson\core\jackson-core\3.1.2\jackson-core-3.1.2.jar;C:\Users\lequa\.m2\repository\org\apache\tomcat\embed\tomcat-embed-core\11.0.21\tomcat-embed-core-11.0.21.jar;C:\Users\lequa\.m2\repository\org\apache\tomcat\embed\tomcat-embed-websocket\11.0.21\tomcat-embed-websocket-11.0.21.jar;C:\Users\lequa\.m2\repository\org\springframework\boot\spring-boot-tomcat\4.0.6\spring-boot-tomcat-4.0.6.jar;C:\Users\lequa\.m2\repository\org\springframework\boot\spring-boot-http-converter\4.0.6\spring-boot-http-converter-4.0.6.jar;C:\Users\lequa\.m2\repository\org\springframework\spring-web\7.0.7\spring-web-7.0.7.jar;C:\Users\lequa\.m2\repository\org\springframework\boot\spring-boot-webmvc\4.0.6\spring-boot-webmvc-4.0.6.jar;C:\Users\lequa\.m2\repository\org\springframework\boot\spring-boot-servlet\4.0.6\spring-boot-servlet-4.0.6.jar;C:\Users\lequa\.m2\repository\org\springframework\spring-webmvc\7.0.7\spring-webmvc-7.0.7.jar;C:\Users\lequa\.m2\repository\org\springframework\boot\spring-boot-devtools\4.0.6\spring-boot-devtools-4.0.6.jar;C:\Users\lequa\.m2\repository\org\springframework\boot\spring-boot\4.0.6\spring-boot-4.0.6.jar;C:\Users\lequa\.m2\repository\org\springframework\spring-context\7.0.7\spring-context-7.0.7.jar;C:\Users\lequa\.m2\repository\org\springframework\boot\spring-boot-autoconfigure\4.0.6\spring-boot-autoconfigure-4.0.6.jar;C:\Users\lequa\.m2\repository\org\postgresql\postgresql\42.7.10\postgresql-42.7.10.jar;C:\Users\lequa\.m2\repository\org\checkerframework\checker-qual\3.52.0\checker-qual-3.52.0.jar;C:\Users\lequa\.m2\repository\jakarta\xml\bind\jakarta.xml.bind-api\4.0.4\jakarta.xml.bind-api-4.0.4.jar;C:\Users\lequa\.m2\repository\jakarta\activation\jakarta.activation-api\2.1.4\jakarta.activation-api-2.1.4.jar;C:\Users\lequa\.m2\repository\net\bytebuddy\byte-buddy\1.17.8\byte-buddy-1.17.8.jar;C:\Users\lequa\.m2\repository\org\springframework\spring-core\7.0.7\spring-core-7.0.7.jar;C:\Users\lequa\.m2\repository\commons-logging\commons-logging\1.3.6\commons-logging-1.3.6.jar;C:\Users\lequa\.m2\repository\org\springframework\security\spring-security-core\7.0.5\spring-security-core-7.0.5.jar;C:\Users\lequa\.m2\repository\org\springframework\security\spring-security-crypto\7.0.5\spring-security-crypto-7.0.5.jar;C:\Users\lequa\.m2\repository\org\springframework\spring-expression\7.0.7\spring-expression-7.0.7.jar;C:\Users\lequa\.m2\repository\org\springframework\security\spring-security-web\7.0.5\spring-security-web-7.0.5.jar;C:\Users\lequa\.m2\repository\org\apache\commons\commons-lang3\3.19.0\commons-lang3-3.19.0.jar;C:\Users\lequa\.m2\repository\org\springframework\boot\spring-boot-data-redis\4.0.6\spring-boot-data-redis-4.0.6.jar;C:\Users\lequa\.m2\repository\io\lettuce\lettuce-core\6.8.2.RELEASE\lettuce-core-6.8.2.RELEASE.jar;C:\Users\lequa\.m2\repository\redis\clients\authentication\redis-authx-core\0.1.1-beta2\redis-authx-core-0.1.1-beta2.jar;C:\Users\lequa\.m2\repository\io\projectreactor\reactor-core\3.8.5\reactor-core-3.8.5.jar;C:\Users\lequa\.m2\repository\io\netty\netty-resolver-dns\4.2.12.Final\netty-resolver-dns-4.2.12.Final.jar;C:\Users\lequa\.m2\repository\io\netty\netty-codec-dns\4.2.12.Final\netty-codec-dns-4.2.12.Final.jar;C:\Users\lequa\.m2\repository\org\springframework\data\spring-data-redis\4.0.5\spring-data-redis-4.0.5.jar;C:\Users\lequa\.m2\repository\org\springframework\data\spring-data-keyvalue\4.0.5\spring-data-keyvalue-4.0.5.jar;C:\Users\lequa\.m2\repository\org\springframework\spring-oxm\7.0.7\spring-oxm-7.0.7.jar;C:\Users\lequa\.m2\repository\org\springframework\spring-context-support\7.0.7\spring-context-support-7.0.7.jar;C:\Users\lequa\.m2\repository\org\springframework\boot\spring-boot-netty\4.0.6\spring-boot-netty-4.0.6.jar;C:\Users\lequa\.m2\repository\org\springdoc\springdoc-openapi-starter-webmvc-ui\3.0.2\springdoc-openapi-starter-webmvc-ui-3.0.2.jar;C:\Users\lequa\.m2\repository\org\springdoc\springdoc-openapi-starter-webmvc-api\3.0.2\springdoc-openapi-starter-webmvc-api-3.0.2.jar;C:\Users\lequa\.m2\repository\org\springdoc\springdoc-openapi-starter-common\3.0.2\springdoc-openapi-starter-common-3.0.2.jar;C:\Users\lequa\.m2\repository\io\swagger\core\v3\swagger-core-jakarta\2.2.43\swagger-core-jakarta-2.2.43.jar;C:\Users\lequa\.m2\repository\io\swagger\core\v3\swagger-annotations-jakarta\2.2.43\swagger-annotations-jakarta-2.2.43.jar;C:\Users\lequa\.m2\repository\io\swagger\core\v3\swagger-models-jakarta\2.2.43\swagger-models-jakarta-2.2.43.jar;C:\Users\lequa\.m2\repository\com\fasterxml\jackson\dataformat\jackson-dataformat-yaml\2.21.2\jackson-dataformat-yaml-2.21.2.jar;C:\Users\lequa\.m2\repository\com\fasterxml\jackson\datatype\jackson-datatype-jsr310\2.21.2\jackson-datatype-jsr310-2.21.2.jar;C:\Users\lequa\.m2\repository\org\springframework\boot\spring-boot-web-server\4.0.6\spring-boot-web-server-4.0.6.jar;C:\Users\lequa\.m2\repository\org\webjars\swagger-ui\5.32.0\swagger-ui-5.32.0.jar;C:\Users\lequa\.m2\repository\org\webjars\webjars-locator-lite\1.1.3\webjars-locator-lite-1.1.3.jar;C:\Users\lequa\.m2\repository\io\jsonwebtoken\jjwt-api\0.12.6\jjwt-api-0.12.6.jar;C:\Users\lequa\.m2\repository\io\jsonwebtoken\jjwt-impl\0.12.6\jjwt-impl-0.12.6.jar;C:\Users\lequa\.m2\repository\io\jsonwebtoken\jjwt-jackson\0.12.6\jjwt-jackson-0.12.6.jar;C:\Users\lequa\.m2\repository\com\fasterxml\jackson\core\jackson-databind\2.21.2\jackson-databind-2.21.2.jar;C:\Users\lequa\.m2\repository\com\fasterxml\jackson\core\jackson-annotations\2.21\jackson-annotations-2.21.jar;C:\Users\lequa\.m2\repository\com\fasterxml\jackson\core\jackson-core\2.21.2\jackson-core-2.21.2.jar;C:\Users\lequa\.m2\repository\com\google\api-client\google-api-client\2.7.2\google-api-client-2.7.2.jar;C:\Users\lequa\.m2\repository\commons-codec\commons-codec\1.19.0\commons-codec-1.19.0.jar;C:\Users\lequa\.m2\repository\com\google\oauth-client\google-oauth-client\1.36.0\google-oauth-client-1.36.0.jar;C:\Users\lequa\.m2\repository\com\google\auth\google-auth-library-credentials\1.30.0\google-auth-library-credentials-1.30.0.jar;C:\Users\lequa\.m2\repository\com\google\auth\google-auth-library-oauth2-http\1.30.0\google-auth-library-oauth2-http-1.30.0.jar;C:\Users\lequa\.m2\repository\com\google\auto\value\auto-value-annotations\1.11.0\auto-value-annotations-1.11.0.jar;C:\Users\lequa\.m2\repository\com\google\code\findbugs\jsr305\3.0.2\jsr305-3.0.2.jar;C:\Users\lequa\.m2\repository\com\google\errorprone\error_prone_annotations\2.35.1\error_prone_annotations-2.35.1.jar;C:\Users\lequa\.m2\repository\com\google\http-client\google-http-client-gson\1.45.2\google-http-client-gson-1.45.2.jar;C:\Users\lequa\.m2\repository\com\google\code\gson\gson\2.13.2\gson-2.13.2.jar;C:\Users\lequa\.m2\repository\com\google\guava\guava\33.1.0-jre\guava-33.1.0-jre.jar;C:\Users\lequa\.m2\repository\com\google\guava\failureaccess\1.0.2\failureaccess-1.0.2.jar;C:\Users\lequa\.m2\repository\com\google\guava\listenablefuture\9999.0-empty-to-avoid-conflict-with-guava\listenablefuture-9999.0-empty-to-avoid-conflict-with-guava.jar;C:\Users\lequa\.m2\repository\com\google\j2objc\j2objc-annotations\3.0.0\j2objc-annotations-3.0.0.jar;C:\Users\lequa\.m2\repository\com\google\http-client\google-http-client-apache-v2\1.45.2\google-http-client-apache-v2-1.45.2.jar;C:\Users\lequa\.m2\repository\org\apache\httpcomponents\httpcore\4.4.16\httpcore-4.4.16.jar;C:\Users\lequa\.m2\repository\org\apache\httpcomponents\httpclient\4.5.14\httpclient-4.5.14.jar;C:\Users\lequa\.m2\repository\com\google\http-client\google-http-client\1.45.2\google-http-client-1.45.2.jar;C:\Users\lequa\.m2\repository\io\grpc\grpc-context\1.68.2\grpc-context-1.68.2.jar;C:\Users\lequa\.m2\repository\io\grpc\grpc-api\1.68.2\grpc-api-1.68.2.jar;C:\Users\lequa\.m2\repository\io\opencensus\opencensus-api\0.31.1\opencensus-api-0.31.1.jar;C:\Users\lequa\.m2\repository\io\opencensus\opencensus-contrib-http-util\0.31.1\opencensus-contrib-http-util-0.31.1.jar;C:\Users\lequa\.m2\repository\software\amazon\awssdk\s3\2.31.15\s3-2.31.15.jar;C:\Users\lequa\.m2\repository\software\amazon\awssdk\aws-xml-protocol\2.31.15\aws-xml-protocol-2.31.15.jar;C:\Users\lequa\.m2\repository\software\amazon\awssdk\aws-query-protocol\2.31.15\aws-query-protocol-2.31.15.jar;C:\Users\lequa\.m2\repository\software\amazon\awssdk\protocol-core\2.31.15\protocol-core-2.31.15.jar;C:\Users\lequa\.m2\repository\software\amazon\awssdk\arns\2.31.15\arns-2.31.15.jar;C:\Users\lequa\.m2\repository\software\amazon\awssdk\profiles\2.31.15\profiles-2.31.15.jar;C:\Users\lequa\.m2\repository\software\amazon\awssdk\crt-core\2.31.15\crt-core-2.31.15.jar;C:\Users\lequa\.m2\repository\software\amazon\awssdk\http-auth\2.31.15\http-auth-2.31.15.jar;C:\Users\lequa\.m2\repository\software\amazon\awssdk\identity-spi\2.31.15\identity-spi-2.31.15.jar;C:\Users\lequa\.m2\repository\software\amazon\awssdk\http-auth-spi\2.31.15\http-auth-spi-2.31.15.jar;C:\Users\lequa\.m2\repository\org\reactivestreams\reactive-streams\1.0.4\reactive-streams-1.0.4.jar;C:\Users\lequa\.m2\repository\software\amazon\awssdk\http-auth-aws\2.31.15\http-auth-aws-2.31.15.jar;C:\Users\lequa\.m2\repository\software\amazon\awssdk\checksums\2.31.15\checksums-2.31.15.jar;C:\Users\lequa\.m2\repository\software\amazon\awssdk\checksums-spi\2.31.15\checksums-spi-2.31.15.jar;C:\Users\lequa\.m2\repository\software\amazon\awssdk\retries-spi\2.31.15\retries-spi-2.31.15.jar;C:\Users\lequa\.m2\repository\software\amazon\awssdk\sdk-core\2.31.15\sdk-core-2.31.15.jar;C:\Users\lequa\.m2\repository\software\amazon\awssdk\retries\2.31.15\retries-2.31.15.jar;C:\Users\lequa\.m2\repository\software\amazon\awssdk\auth\2.31.15\auth-2.31.15.jar;C:\Users\lequa\.m2\repository\software\amazon\awssdk\http-auth-aws-eventstream\2.31.15\http-auth-aws-eventstream-2.31.15.jar;C:\Users\lequa\.m2\repository\software\amazon\eventstream\eventstream\1.0.1\eventstream-1.0.1.jar;C:\Users\lequa\.m2\repository\software\amazon\awssdk\http-client-spi\2.31.15\http-client-spi-2.31.15.jar;C:\Users\lequa\.m2\repository\software\amazon\awssdk\regions\2.31.15\regions-2.31.15.jar;C:\Users\lequa\.m2\repository\software\amazon\awssdk\annotations\2.31.15\annotations-2.31.15.jar;C:\Users\lequa\.m2\repository\software\amazon\awssdk\utils\2.31.15\utils-2.31.15.jar;C:\Users\lequa\.m2\repository\software\amazon\awssdk\aws-core\2.31.15\aws-core-2.31.15.jar;C:\Users\lequa\.m2\repository\software\amazon\awssdk\metrics-spi\2.31.15\metrics-spi-2.31.15.jar;C:\Users\lequa\.m2\repository\software\amazon\awssdk\json-utils\2.31.15\json-utils-2.31.15.jar;C:\Users\lequa\.m2\repository\software\amazon\awssdk\third-party-jackson-core\2.31.15\third-party-jackson-core-2.31.15.jar;C:\Users\lequa\.m2\repository\software\amazon\awssdk\endpoints-spi\2.31.15\endpoints-spi-2.31.15.jar;C:\Users\lequa\.m2\repository\software\amazon\awssdk\apache-client\2.31.15\apache-client-2.31.15.jar;C:\Users\lequa\.m2\repository\software\amazon\awssdk\netty-nio-client\2.31.15\netty-nio-client-2.31.15.jar;C:\Users\lequa\.m2\repository\io\netty\netty-codec-http\4.2.12.Final\netty-codec-http-4.2.12.Final.jar;C:\Users\lequa\.m2\repository\io\netty\netty-codec-base\4.2.12.Final\netty-codec-base-4.2.12.Final.jar;C:\Users\lequa\.m2\repository\io\netty\netty-codec-compression\4.2.12.Final\netty-codec-compression-4.2.12.Final.jar;C:\Users\lequa\.m2\repository\io\netty\netty-codec-http2\4.2.12.Final\netty-codec-http2-4.2.12.Final.jar;C:\Users\lequa\.m2\repository\io\netty\netty-codec\4.2.12.Final\netty-codec-4.2.12.Final.jar;C:\Users\lequa\.m2\repository\io\netty\netty-codec-protobuf\4.2.12.Final\netty-codec-protobuf-4.2.12.Final.jar;C:\Users\lequa\.m2\repository\io\netty\netty-codec-marshalling\4.2.12.Final\netty-codec-marshalling-4.2.12.Final.jar;C:\Users\lequa\.m2\repository\io\netty\netty-transport\4.2.12.Final\netty-transport-4.2.12.Final.jar;C:\Users\lequa\.m2\repository\io\netty\netty-common\4.2.12.Final\netty-common-4.2.12.Final.jar;C:\Users\lequa\.m2\repository\io\netty\netty-buffer\4.2.12.Final\netty-buffer-4.2.12.Final.jar;C:\Users\lequa\.m2\repository\io\netty\netty-handler\4.2.12.Final\netty-handler-4.2.12.Final.jar;C:\Users\lequa\.m2\repository\io\netty\netty-transport-native-unix-common\4.2.12.Final\netty-transport-native-unix-common-4.2.12.Final.jar;C:\Users\lequa\.m2\repository\io\netty\netty-transport-classes-epoll\4.2.12.Final\netty-transport-classes-epoll-4.2.12.Final.jar;C:\Users\lequa\.m2\repository\io\netty\netty-resolver\4.2.12.Final\netty-resolver-4.2.12.Final.jar;C:\Users\lequa\.m2\repository\com\github\haifengl\smile-core\3.1.1\smile-core-3.1.1.jar;C:\Users\lequa\.m2\repository\com\github\haifengl\smile-base\3.1.1\smile-base-3.1.1.jar;C:\Users\lequa\.m2\repository\org\bytedeco\javacpp\1.5.10\javacpp-1.5.10-linux-x86_64.jar;C:\Users\lequa\.m2\repository\org\bytedeco\javacpp\1.5.10\javacpp-1.5.10-windows-x86_64.jar;C:\Users\lequa\.m2\repository\org\bytedeco\javacpp\1.5.10\javacpp-1.5.10-macosx-x86_64.jar;C:\Users\lequa\.m2\repository\org\bytedeco\javacpp\1.5.10\javacpp-1.5.10-macosx-arm64.jar;C:\Users\lequa\.m2\repository\org\bytedeco\openblas\0.3.26-1.5.10\openblas-0.3.26-1.5.10-linux-x86_64.jar;C:\Users\lequa\.m2\repository\org\bytedeco\javacpp\1.5.10\javacpp-1.5.10.jar;C:\Users\lequa\.m2\repository\org\bytedeco\openblas\0.3.26-1.5.10\openblas-0.3.26-1.5.10-windows-x86_64.jar;C:\Users\lequa\.m2\repository\org\bytedeco\openblas\0.3.26-1.5.10\openblas-0.3.26-1.5.10-macosx-x86_64.jar;C:\Users\lequa\.m2\repository\org\bytedeco\openblas\0.3.26-1.5.10\openblas-0.3.26-1.5.10-macosx-arm64.jar;C:\Users\lequa\.m2\repository\org\bytedeco\arpack-ng\3.9.1-1.5.10\arpack-ng-3.9.1-1.5.10.jar;C:\Users\lequa\.m2\repository\org\bytedeco\openblas\0.3.26-1.5.10\openblas-0.3.26-1.5.10.jar;C:\Users\lequa\.m2\repository\org\bytedeco\arpack-ng\3.9.1-1.5.10\arpack-ng-3.9.1-1.5.10-linux-x86_64.jar;C:\Users\lequa\.m2\repository\org\bytedeco\arpack-ng\3.9.1-1.5.10\arpack-ng-3.9.1-1.5.10-windows-x86_64.jar;C:\Users\lequa\.m2\repository\org\bytedeco\arpack-ng\3.9.1-1.5.10\arpack-ng-3.9.1-1.5.10-macosx-x86_64.jar;C:\Users\lequa\.m2\repository\com\epam\parso\2.0.14\parso-2.0.14.jar;C:\Users\lequa\.m2\repository\org\apache\commons\commons-csv\1.10.0\commons-csv-1.10.0.jar;C:\Users\lequa\.m2\repository\org\slf4j\slf4j-api\2.0.17\slf4j-api-2.0.17.jar
Launcher Type: SUN_STANDARD

[Global flags]
     intx CICompilerCount                          = 4                                         {product} {ergonomic}
     uint ConcGCThreads                            = 2                                         {product} {ergonomic}
     uint G1ConcRefinementThreads                  = 8                                         {product} {ergonomic}
   size_t G1HeapRegionSize                         = 1048576                                   {product} {ergonomic}
    uintx GCDrainStackTargetSize                   = 64                                        {product} {ergonomic}
   size_t InitialHeapSize                          = 130023424                                 {product} {ergonomic}
   size_t MarkStackSize                            = 4194304                                   {product} {ergonomic}
   size_t MaxHeapSize                              = 2055208960                                {product} {ergonomic}
   size_t MaxNewSize                               = 1233125376                                {product} {ergonomic}
   size_t MinHeapDeltaBytes                        = 1048576                                   {product} {ergonomic}
   size_t MinHeapSize                              = 8388608                                   {product} {ergonomic}
    uintx NonNMethodCodeHeapSize                   = 4096                                   {pd product} {ergonomic}
    uintx NonProfiledCodeHeapSize                  = 0                                      {pd product} {ergonomic}
     bool ProfileInterpreter                       = false                                  {pd product} {command line}
    uintx ProfiledCodeHeapSize                     = 0                                      {pd product} {ergonomic}
   size_t SoftMaxHeapSize                          = 2055208960                             {manageable} {ergonomic}
     intx TieredStopAtLevel                        = 1                                         {product} {command line}
     bool UseCompressedOops                        = true                           {product lp64_product} {ergonomic}
     bool UseG1GC                                  = true                                      {product} {ergonomic}
     bool UseLargePagesIndividualAllocation        = false                                  {pd product} {ergonomic}

Logging:
Log output configuration:
 #0: stdout all=warning uptime,level,tags foldmultilines=false
 #1: stderr all=off uptime,level,tags foldmultilines=false

Environment Variables:
JAVA_HOME=D:\Java\jdk-21
PATH=C:\Program Files\Volta\;D:\Eclipse Adoptium\jdk-21.0.9.10-hotspot\bin;C:\Program Files\BraveSoftware\Brave-Browser\Application;C:\Program Files\Common Files\Oracle\Java\javapath;C:\Program Files\Python39\Scripts\;C:\Program Files\Python39\;C:\WINDOWS\system32;C:\WINDOWS;C:\WINDOWS\System32\Wbem;C:\WINDOWS\System32\WindowsPowerShell\v1.0\;C:\WINDOWS\System32\OpenSSH\;D:\Git\cmd;D:\MinGW\bin;C:\Program Files\HP\HP One Agent;C:\Program Files\Git\cmd;C:\Program Files\Microsoft SQL Server\Client SDK\ODBC\170\Tools\Binn\;C:\Program Files\dotnet\;C:\msys64\mingw64\bin;D:\JetBrains\IntelliJ IDEA Community Edition 2023.3.3\bin;D:\PyCharm 2024.2\bin;C:\Users\lequ;D:\Java\jdk-21\bin;C:\Users\lequa\Downloads\apache-maven-3.9.9\bin;D:\MinGW\bin;C:\Program Files\Microsoft SQL Server\170\DTS\Binn\;D:\cursor\resources\app\bin;D:\apache-maven-3.9.12-bin\apache-maven-3.9.12\bin;C:\Program Files\Cloudflare\Cloudflare WARP\;C:\Program Files\Docker\Docker\resources\bin;C:\Program Files\nodejs\;C:\Users\lequa\AppData\Local\agy\bin;C:\Users\lequa\AppData\Local\Programs\Python\Python314\Scripts\;C:\Users\lequa\AppData\Local\Programs\Python\Python314\;d:\AppData\Local\Programs\cursor\resources\app\codeBin;C:\Users\lequa\AppData\Local\Volta\bin;D:\Python313\Scripts\;D:\Python313\;C:\msys64\mingw64\bin;D:\JetBrains\IntelliJ IDEA Community Edition 2023.3.3\bin;D:\JetBrains\PyCharm 2025.1.3.1\bin;C:\Users\lequa\AppData\Local\Muse Hub\lib;D:\JetBrains\IntelliJ IDEA 2025.3.1\bin;D:\JetBrains\WebStorm 2024.2.3\bin;D:\JetBrains\JetBrains Rider 2024.2.7\bin;C:\Users\lequa\.dotnet\tools;C:\Users\lequa\AppData\Local\Python\bin;C:\Users\lequa\AppData\Local\Programs\Microsoft VS Code\bin;D:\Programs\cursor\resources\app\bin;D:\AppData\Local\Programs\Kiro\bin;C:\Users\lequa\AppData\Roaming\npm;C:\Users\lequa\AppData\Local\JetBrains\Toolbox\scripts;D:\Programs\Antigravity IDE\bin
USERNAME=lequa
OS=Windows_NT
PROCESSOR_IDENTIFIER=Intel64 Family 6 Model 140 Stepping 1, GenuineIntel
TMP=C:\Users\lequa\AppData\Local\Temp
TEMP=C:\Users\lequa\AppData\Local\Temp




Periodic native trim disabled

---------------  S Y S T E M  ---------------

OS:
 Windows 11 , 64 bit Build 22621 (10.0.22621.5415)
OS uptime: 0 days 0:50 hours
Hyper-V role detected

CPU: total 8 (initial active 8) (4 cores per cpu, 2 threads per core) family 6 model 140 stepping 1 microcode 0xb4, cx8, cmov, fxsr, ht, mmx, 3dnowpref, sse, sse2, sse3, ssse3, sse4.1, sse4.2, popcnt, lzcnt, tsc, tscinvbit, avx, avx2, aes, erms, clmul, bmi1, bmi2, adx, avx512f, avx512dq, avx512cd, avx512bw, avx512vl, sha, fma, vzeroupper, avx512_vpopcntdq, avx512_vpclmulqdq, avx512_vaes, avx512_vnni, clflush, clflushopt, clwb, avx512_vbmi2, avx512_vbmi, hv, rdtscp, rdpid, fsrm, gfni, avx512_bitalg, f16c, cet_ibt, cet_ss, avx512_ifma
Processor Information for all 8 processors :
  Max Mhz: 2401, Current Mhz: 2400, Mhz Limit: 2376

Memory: 4k page, system-wide physical 7834M (259M free)
TotalPageFile size 15203M (AvailPageFile size 15M)
current process WorkingSet (physical memory assigned to process): 477M, peak: 537M
current process commit charge ("private bytes"): 564M, peak: 613M

vm_info: Java HotSpot(TM) 64-Bit Server VM (21.0.7+8-LTS-245) for windows-amd64 JRE (21.0.7+8-LTS-245), built on 2025-02-21T05:11:27Z by "mach5one" with MS VC++ 17.6 (VS2022)

END.
