#
# There is insufficient memory for the Java Runtime Environment to continue.
# Native memory allocation (malloc) failed to allocate 32784 bytes. Error detail: Chunk::new
# Possible reasons:
#   The system is out of physical RAM or swap space
#   This process is running with CompressedOops enabled, and the Java Heap may be blocking the growth of the native heap
# Possible solutions:
#   Reduce memory load on the system
#   Increase physical memory or swap space
#   Check if swap backing store is full
#   Decrease Java heap size (-Xmx/-Xms)
#   Decrease number of Java threads
#   Decrease Java thread stack sizes (-Xss)
#   Set larger code cache with -XX:ReservedCodeCacheSize=
#   JVM is running with Unscaled Compressed Oops mode in which the Java heap is
#     placed in the first 4GB address space. The Java Heap base address is the
#     maximum limit for the native heap growth. Please use -XX:HeapBaseMinAddress
#     to set the Java Heap base and to place the Java Heap above 4GB virtual address.
# This output file may be truncated or incomplete.
#
#  Out of Memory Error (arena.cpp:168), pid=21164, tid=4348
#
# JRE version: OpenJDK Runtime Environment Temurin-21.0.10+7 (21.0.10+7) (build 21.0.10+7-LTS)
# Java VM: OpenJDK 64-Bit Server VM Temurin-21.0.10+7 (21.0.10+7-LTS, mixed mode, sharing, tiered, compressed oops, compressed class ptrs, parallel gc, windows-amd64)
# No core dump will be written. Minidumps are not enabled by default on client versions of Windows
#

---------------  S U M M A R Y ------------

Command Line: --add-modules=ALL-SYSTEM --add-opens=java.base/java.util=ALL-UNNAMED --add-opens=java.base/java.lang=ALL-UNNAMED --add-opens=java.base/sun.nio.fs=ALL-UNNAMED -Declipse.application=org.eclipse.jdt.ls.core.id1 -Dosgi.bundles.defaultStartLevel=4 -Declipse.product=org.eclipse.jdt.ls.core.product -Djava.import.generatesMetadataFilesAtProjectRoot=false -DDetectVMInstallationsJob.disabled=true -Dfile.encoding=utf8 -XX:+UseParallelGC -XX:GCTimeRatio=4 -XX:AdaptiveSizePolicyWeight=90 -Dsun.zip.disableMemoryMapping=true -Xmx2G -Xms100m -Xlog:disable -javaagent:c:\Users\lequa\.antigravity\extensions\redhat.java-1.54.0-win32-x64\lombok\lombok-1.18.39-4050.jar c:\Users\lequa\.antigravity\extensions\redhat.java-1.54.0-win32-x64\server\plugins\org.eclipse.equinox.launcher_1.7.100.v20251111-0406.jar -configuration c:\Users\lequa\AppData\Roaming\Antigravity\User\globalStorage\redhat.java\1.54.0\config_ss_win -data c:\Users\lequa\AppData\Roaming\Antigravity\User\workspaceStorage\a5b70fa8f2d224bbf0d0530f3c5eba22\redhat.java\ss_ws --pipe=\\.\pipe\lsp-e6725557cdef016e938730382c1d5075-sock

Host: 11th Gen Intel(R) Core(TM) i5-1135G7 @ 2.40GHz, 8 cores, 7G,  Windows 11 , 64 bit Build 22621 (10.0.22621.5415)
Time: Tue Jun  2 10:13:42 2026 SE Asia Standard Time elapsed time: 10.449097 seconds (0d 0h 0m 10s)

---------------  T H R E A D  ---------------

Current thread (0x000001837d4f7df0):  JavaThread "C2 CompilerThread0" daemon [_thread_in_native, id=4348, stack(0x000000643a000000,0x000000643a100000) (1024K)]


Current CompileTask:
C2:10449 1945   !   4       java.io.BufferedInputStream::read (69 bytes)

Stack: [0x000000643a000000,0x000000643a100000]
Native frames: (J=compiled Java code, j=interpreted, Vv=VM code, C=native code)
V  [jvm.dll+0x6d7a39]
V  [jvm.dll+0x8b4b26]
V  [jvm.dll+0x8b70de]
V  [jvm.dll+0x8b77c3]
V  [jvm.dll+0x284346]
V  [jvm.dll+0xc66ed]
V  [jvm.dll+0xc6c31]
V  [jvm.dll+0xc6815]
V  [jvm.dll+0x6b2b0c]
V  [jvm.dll+0x65fe6f]
V  [jvm.dll+0x6657ef]
V  [jvm.dll+0x666736]
V  [jvm.dll+0x664a7b]
V  [jvm.dll+0x24c3db]
V  [jvm.dll+0x24bb40]
V  [jvm.dll+0x1cb34e]
V  [jvm.dll+0x25b85d]
V  [jvm.dll+0x259dea]
V  [jvm.dll+0x3f857e]
V  [jvm.dll+0x85f59d]
V  [jvm.dll+0x6d626d]
C  [ucrtbase.dll+0x29333]
C  [KERNEL32.DLL+0x1259d]
C  [ntdll.dll+0x5af78]


---------------  P R O C E S S  ---------------

Threads class SMR info:
_java_thread_list=0x000001837f111030, length=15, elements={
0x00000183687a1f90, 0x000001837d4e4fd0, 0x000001837d4e9c30, 0x000001837d4ec210,
0x000001837d4ed2e0, 0x000001837d4eed70, 0x000001837d4f4540, 0x000001837d4f7df0,
0x000001837d4fe540, 0x000001837ef641d0, 0x000001837f09e450, 0x000001837f461930,
0x000001837f6c3f40, 0x000001837f6c4880, 0x000001837eedf450
}

Java Threads: ( => current thread )
  0x00000183687a1f90 JavaThread "main"                              [_thread_blocked, id=20792, stack(0x0000006439600000,0x0000006439700000) (1024K)]
  0x000001837d4e4fd0 JavaThread "Reference Handler"          daemon [_thread_blocked, id=20788, stack(0x0000006439a00000,0x0000006439b00000) (1024K)]
  0x000001837d4e9c30 JavaThread "Finalizer"                  daemon [_thread_blocked, id=20764, stack(0x0000006439b00000,0x0000006439c00000) (1024K)]
  0x000001837d4ec210 JavaThread "Signal Dispatcher"          daemon [_thread_blocked, id=21168, stack(0x0000006439c00000,0x0000006439d00000) (1024K)]
  0x000001837d4ed2e0 JavaThread "Attach Listener"            daemon [_thread_blocked, id=20676, stack(0x0000006439d00000,0x0000006439e00000) (1024K)]
  0x000001837d4eed70 JavaThread "Service Thread"             daemon [_thread_blocked, id=1556, stack(0x0000006439e00000,0x0000006439f00000) (1024K)]
  0x000001837d4f4540 JavaThread "Monitor Deflation Thread"   daemon [_thread_blocked, id=7108, stack(0x0000006439f00000,0x000000643a000000) (1024K)]
=>0x000001837d4f7df0 JavaThread "C2 CompilerThread0"         daemon [_thread_in_native, id=4348, stack(0x000000643a000000,0x000000643a100000) (1024K)]
  0x000001837d4fe540 JavaThread "C1 CompilerThread0"         daemon [_thread_blocked, id=16436, stack(0x000000643a100000,0x000000643a200000) (1024K)]
  0x000001837ef641d0 JavaThread "Common-Cleaner"             daemon [_thread_blocked, id=11860, stack(0x000000643a200000,0x000000643a300000) (1024K)]
  0x000001837f09e450 JavaThread "Notification Thread"        daemon [_thread_blocked, id=20660, stack(0x000000643a300000,0x000000643a400000) (1024K)]
  0x000001837f461930 JavaThread "Active Thread: Equinox Container: 1be9d138-de26-4172-9416-ccc3fcc4bc57"        [_thread_blocked, id=21372, stack(0x000000643aa00000,0x000000643ab00000) (1024K)]
  0x000001837f6c3f40 JavaThread "Framework Event Dispatcher: Equinox Container: 1be9d138-de26-4172-9416-ccc3fcc4bc57" daemon [_thread_blocked, id=20176, stack(0x000000643ab00000,0x000000643ac00000) (1024K)]
  0x000001837f6c4880 JavaThread "Start Level: Equinox Container: 1be9d138-de26-4172-9416-ccc3fcc4bc57" daemon [_thread_in_vm, id=20580, stack(0x000000643ac00000,0x000000643ad00000) (1024K)]
  0x000001837eedf450 JavaThread "SCR Component Actor"        daemon [_thread_blocked, id=21260, stack(0x000000643ae00000,0x000000643af00000) (1024K)]
Total: 15

Other Threads:
  0x000001837d4e4810 VMThread "VM Thread"                           [id=20940, stack(0x0000006439900000,0x0000006439a00000) (1024K)]
  0x000001836aae3ef0 WatcherThread "VM Periodic Task Thread"        [id=19944, stack(0x0000006439800000,0x0000006439900000) (1024K)]
  0x000001836aa97530 WorkerThread "GC Thread#0"                     [id=20924, stack(0x0000006439700000,0x0000006439800000) (1024K)]
  0x000001837f2ce090 WorkerThread "GC Thread#1"                     [id=19284, stack(0x000000643a400000,0x000000643a500000) (1024K)]
  0x000001837f1e18b0 WorkerThread "GC Thread#2"                     [id=21212, stack(0x000000643a500000,0x000000643a600000) (1024K)]
  0x000001837f1e1c60 WorkerThread "GC Thread#3"                     [id=21220, stack(0x000000643a600000,0x000000643a700000) (1024K)]
  0x000001837f1e2010 WorkerThread "GC Thread#4"                     [id=21412, stack(0x000000643a700000,0x000000643a800000) (1024K)]
  0x000001837f1e23c0 WorkerThread "GC Thread#5"                     [id=21452, stack(0x000000643a800000,0x000000643a900000) (1024K)]
  0x000001837f1e2f80 WorkerThread "GC Thread#6"                     [id=19020, stack(0x000000643a900000,0x000000643aa00000) (1024K)]
  0x000001837f42f150 WorkerThread "GC Thread#7"                     [id=20768, stack(0x000000643ad00000,0x000000643ae00000) (1024K)]
Total: 10

Threads with active compile tasks:
C2 CompilerThread0  10863 1945   !   4       java.io.BufferedInputStream::read (69 bytes)
Total: 1

VM state: not at safepoint (normal execution)

VM Mutex/Monitor currently owned by a thread:  ([mutex/lock_event])
[0x00007ff8ebeac4e0] Metaspace_lock - owner thread: 0x000001837f6c4880

OutOfMemory and StackOverflow Exception counts:
OutOfMemoryError java_heap_errors=1
LinkageErrors=28

Heap address: 0x0000000080000000, size: 2048 MB, Compressed Oops mode: 32-bit

CDS archive(s) mapped at: [0x0000018304000000-0x0000018304ba0000-0x0000018304ba0000), size 12189696, SharedBaseAddress: 0x0000018304000000, ArchiveRelocationMode: 1.
Compressed class space mapped at: 0x0000018305000000-0x0000018345000000, reserved size: 1073741824
Narrow klass base: 0x0000018304000000, Narrow klass shift: 0, Narrow klass range: 0x100000000

GC Precious Log:
 CardTable entry size: 512
 CPUs: 8 total, 8 available
 Memory: 7834M
 Large Page Support: Disabled
 NUMA Support: Disabled
 Compressed Oops: Enabled (32-bit)
 Alignments: Space 512K, Generation 512K, Heap 2M
 Heap Min Capacity: 100M
 Heap Initial Capacity: 100M
 Heap Max Capacity: 2G
 Pre-touch: Disabled
 Parallel Workers: 8

Heap:
 PSYoungGen      total 29696K, used 21237K [0x00000000d5580000, 0x00000000d7680000, 0x0000000100000000)
  eden space 25600K, 67% used [0x00000000d5580000,0x00000000d66425f8,0x00000000d6e80000)
  from space 4096K, 99% used [0x00000000d7280000,0x00000000d767aff8,0x00000000d7680000)
  to   space 4096K, 0% used [0x00000000d6e80000,0x00000000d6e80000,0x00000000d7280000)
 ParOldGen       total 68608K, used 1161K [0x0000000080000000, 0x0000000084300000, 0x00000000d5580000)
  object space 68608K, 1% used [0x0000000080000000,0x00000000801226a8,0x0000000084300000)
 Metaspace       used 11100K, committed 11456K, reserved 1114112K
  class space    used 1192K, committed 1344K, reserved 1048576K

Card table byte_map: [0x000001836a3f0000,0x000001836a800000] _byte_map_base: 0x0000018369ff0000

Marking Bits: (ParMarkBitMap*) 0x00007ff8ebeb3450
 Begin Bits: [0x0000018300000000, 0x0000018302000000)
 End Bits:   [0x0000018302000000, 0x0000018304000000)

Polling page: 0x000001836a0a0000

Metaspace:

Usage:
  Non-class:      9.68 MB used.
      Class:      1.16 MB used.
       Both:     10.84 MB used.

Virtual space:
  Non-class space:       64.00 MB reserved,       9.88 MB ( 15%) committed,  1 nodes.
      Class space:        1.00 GB reserved,       1.31 MB ( <1%) committed,  1 nodes.
             Both:        1.06 GB reserved,      11.19 MB (  1%) committed. 

Chunk freelists:
   Non-Class:  5.86 MB
       Class:  14.66 MB
        Both:  20.52 MB

MaxMetaspaceSize: unlimited
CompressedClassSpaceSize: 1.00 GB
Initial GC threshold: 21.00 MB
Current GC threshold: 21.00 MB
CDS: on
 - commit_granule_bytes: 65536.
 - commit_granule_words: 8192.
 - virtual_space_node_default_size: 8388608.
 - enlarge_chunks_in_place: 1.
 - use_allocation_guard: 0.


Internal statistics:

num_allocs_failed_limit: 0.
num_arena_births: 254.
num_arena_deaths: 0.
num_vsnodes_births: 2.
num_vsnodes_deaths: 0.
num_space_committed: 179.
num_space_uncommitted: 0.
num_chunks_returned_to_freelist: 0.
num_chunks_taken_from_freelist: 564.
num_chunk_merges: 0.
num_chunk_splits: 363.
num_chunks_enlarged: 250.
num_inconsistent_stats: 0.

CodeHeap 'non-profiled nmethods': size=120000Kb used=806Kb max_used=806Kb free=119193Kb
 bounds [0x0000018375720000, 0x0000018375990000, 0x000001837cc50000]
CodeHeap 'profiled nmethods': size=120000Kb used=3896Kb max_used=3896Kb free=116103Kb
 bounds [0x000001836dc50000, 0x000001836e020000, 0x0000018375180000]
CodeHeap 'non-nmethods': size=5760Kb used=1239Kb max_used=1249Kb free=4521Kb
 bounds [0x0000018375180000, 0x00000183753f0000, 0x0000018375720000]
CodeCache: size=245760Kb, used=5941Kb, max_used=5951Kb, free=239817Kb
 total_blobs=2559, nmethods=2061, adapters=405, full_count=0
Compilation: enabled, stopped_count=0, restarted_count=0

Compilation events (20 events):
Event: 10.345 Thread 0x000001837d4f7df0 nmethod 1937 0x00000183757e4990 code [0x00000183757e4b20, 0x00000183757e4bf0]
Event: 10.394 Thread 0x000001837d4f7df0 1938       4       jdk.internal.org.objectweb.asm.SymbolTable$Entry::<init> (17 bytes)
Event: 10.395 Thread 0x000001837d4f7df0 nmethod 1938 0x00000183757e4c90 code [0x00000183757e4e20, 0x00000183757e4ed8]
Event: 10.395 Thread 0x000001837d4f7df0 1940       4       jdk.internal.org.objectweb.asm.SymbolTable::addConstantUtf8 (98 bytes)
Event: 10.412 Thread 0x000001837d4f7df0 nmethod 1940 0x00000183757e5290 code [0x00000183757e54c0, 0x00000183757e5f80]
Event: 10.412 Thread 0x000001837d4fe540 1941       3       java.lang.invoke.InnerClassLambdaMetafactory::getOpcodeOffset (38 bytes)
Event: 10.413 Thread 0x000001837d4fe540 nmethod 1941 0x000001836dfcbf90 code [0x000001836dfcc160, 0x000001836dfcc418]
Event: 10.416 Thread 0x000001837d4fe540 1942       3       sun.invoke.util.Wrapper::isDoubleWord (15 bytes)
Event: 10.417 Thread 0x000001837d4fe540 nmethod 1942 0x000001836dfcc510 code [0x000001836dfcc6a0, 0x000001836dfcc808]
Event: 10.420 Thread 0x000001837d4f7df0 1944       4       java.lang.Object::equals (11 bytes)
Event: 10.420 Thread 0x000001837d4f7df0 nmethod 1944 0x00000183757e6a10 code [0x00000183757e6ba0, 0x00000183757e6c38]
Event: 10.433 Thread 0x000001837d4f7df0 1945   !   4       java.io.BufferedInputStream::read (69 bytes)
Event: 10.436 Thread 0x000001837d4fe540 1953   !   3       org.eclipse.osgi.container.ModuleDatabase::getWiring (31 bytes)
Event: 10.437 Thread 0x000001837d4fe540 nmethod 1953 0x000001836dfcc890 code [0x000001836dfccb00, 0x000001836dfcd470]
Event: 10.440 Thread 0x000001837d4fe540 1954       3       java.util.concurrent.locks.AbstractQueuedSynchronizer::acquireShared (20 bytes)
Event: 10.440 Thread 0x000001837d4fe540 nmethod 1954 0x000001836dfcd910 code [0x000001836dfcdae0, 0x000001836dfcdd50]
Event: 10.442 Thread 0x000001837d4fe540 1955       3       org.eclipse.osgi.internal.loader.ModuleClassLoader::getClassLoadingLock (9 bytes)
Event: 10.442 Thread 0x000001837d4fe540 nmethod 1955 0x000001836dfcde10 code [0x000001836dfcdfc0, 0x000001836dfce100]
Event: 10.442 Thread 0x000001837d4fe540 1956       3       org.eclipse.osgi.internal.container.KeyBasedLockStore::getLock (105 bytes)
Event: 10.443 Thread 0x000001837d4fe540 nmethod 1956 0x000001836dfce210 code [0x000001836dfce4e0, 0x000001836dfcf508]

GC Heap History (4 events):
Event: 4.110 GC heap before
{Heap before GC invocations=1 (full 0):
 PSYoungGen      total 29696K, used 25600K [0x00000000d5580000, 0x00000000d7680000, 0x0000000100000000)
  eden space 25600K, 100% used [0x00000000d5580000,0x00000000d6e80000,0x00000000d6e80000)
  from space 4096K, 0% used [0x00000000d7280000,0x00000000d7280000,0x00000000d7680000)
  to   space 4096K, 0% used [0x00000000d6e80000,0x00000000d6e80000,0x00000000d7280000)
 ParOldGen       total 68608K, used 0K [0x0000000080000000, 0x0000000084300000, 0x00000000d5580000)
  object space 68608K, 0% used [0x0000000080000000,0x0000000080000000,0x0000000084300000)
 Metaspace       used 4358K, committed 4608K, reserved 1114112K
  class space    used 474K, committed 576K, reserved 1048576K
}
Event: 4.131 GC heap after
{Heap after GC invocations=1 (full 0):
 PSYoungGen      total 29696K, used 3303K [0x00000000d5580000, 0x00000000d7680000, 0x0000000100000000)
  eden space 25600K, 0% used [0x00000000d5580000,0x00000000d5580000,0x00000000d6e80000)
  from space 4096K, 80% used [0x00000000d6e80000,0x00000000d71b9e98,0x00000000d7280000)
  to   space 4096K, 0% used [0x00000000d7280000,0x00000000d7280000,0x00000000d7680000)
 ParOldGen       total 68608K, used 0K [0x0000000080000000, 0x0000000084300000, 0x00000000d5580000)
  object space 68608K, 0% used [0x0000000080000000,0x0000000080000000,0x0000000084300000)
 Metaspace       used 4358K, committed 4608K, reserved 1114112K
  class space    used 474K, committed 576K, reserved 1048576K
}
Event: 10.002 GC heap before
{Heap before GC invocations=2 (full 0):
 PSYoungGen      total 29696K, used 28903K [0x00000000d5580000, 0x00000000d7680000, 0x0000000100000000)
  eden space 25600K, 100% used [0x00000000d5580000,0x00000000d6e80000,0x00000000d6e80000)
  from space 4096K, 80% used [0x00000000d6e80000,0x00000000d71b9e98,0x00000000d7280000)
  to   space 4096K, 0% used [0x00000000d7280000,0x00000000d7280000,0x00000000d7680000)
 ParOldGen       total 68608K, used 0K [0x0000000080000000, 0x0000000084300000, 0x00000000d5580000)
  object space 68608K, 0% used [0x0000000080000000,0x0000000080000000,0x0000000084300000)
 Metaspace       used 8077K, committed 8384K, reserved 1114112K
  class space    used 851K, committed 960K, reserved 1048576K
}
Event: 10.009 GC heap after
{Heap after GC invocations=2 (full 0):
 PSYoungGen      total 29696K, used 4075K [0x00000000d5580000, 0x00000000d7680000, 0x0000000100000000)
  eden space 25600K, 0% used [0x00000000d5580000,0x00000000d5580000,0x00000000d6e80000)
  from space 4096K, 99% used [0x00000000d7280000,0x00000000d767aff8,0x00000000d7680000)
  to   space 4096K, 0% used [0x00000000d6e80000,0x00000000d6e80000,0x00000000d7280000)
 ParOldGen       total 68608K, used 1161K [0x0000000080000000, 0x0000000084300000, 0x00000000d5580000)
  object space 68608K, 1% used [0x0000000080000000,0x00000000801226a8,0x0000000084300000)
 Metaspace       used 8077K, committed 8384K, reserved 1114112K
  class space    used 851K, committed 960K, reserved 1048576K
}

Dll operation events (9 events):
Event: 0.109 Loaded shared library c:\Users\lequa\.antigravity\extensions\redhat.java-1.54.0-win32-x64\jre\21.0.10-win32-x86_64\bin\java.dll
Event: 0.329 Loaded shared library c:\Users\lequa\.antigravity\extensions\redhat.java-1.54.0-win32-x64\jre\21.0.10-win32-x86_64\bin\zip.dll
Event: 0.412 Loaded shared library C:\Users\lequa\.antigravity\extensions\redhat.java-1.54.0-win32-x64\jre\21.0.10-win32-x86_64\bin\instrument.dll
Event: 0.475 Loaded shared library C:\Users\lequa\.antigravity\extensions\redhat.java-1.54.0-win32-x64\jre\21.0.10-win32-x86_64\bin\net.dll
Event: 0.528 Loaded shared library C:\Users\lequa\.antigravity\extensions\redhat.java-1.54.0-win32-x64\jre\21.0.10-win32-x86_64\bin\nio.dll
Event: 0.547 Loaded shared library C:\Users\lequa\.antigravity\extensions\redhat.java-1.54.0-win32-x64\jre\21.0.10-win32-x86_64\bin\zip.dll
Event: 0.656 Loaded shared library C:\Users\lequa\.antigravity\extensions\redhat.java-1.54.0-win32-x64\jre\21.0.10-win32-x86_64\bin\jimage.dll
Event: 1.120 Loaded shared library c:\Users\lequa\.antigravity\extensions\redhat.java-1.54.0-win32-x64\jre\21.0.10-win32-x86_64\bin\verify.dll
Event: 9.987 Loaded shared library C:\Users\lequa\AppData\Roaming\Antigravity\User\globalStorage\redhat.java\1.54.0\config_ss_win\org.eclipse.equinox.launcher\org.eclipse.equinox.launcher.win32.win32.x86_64_1.3.0.v20260203-2149\eclipse_11919.dll

Deoptimization events (20 events):
Event: 10.292 Thread 0x000001837f6c4880 Uncommon trap: trap_request=0xffffffde fr.pc=0x00000183757e3b4c relative=0x000000000000012c
Event: 10.292 Thread 0x000001837f6c4880 Uncommon trap: reason=class_check action=maybe_recompile pc=0x00000183757e3b4c method=jdk.internal.misc.Unsafe.allocateUninitializedArray(Ljava/lang/Class;I)Ljava/lang/Object; @ 51 c2
Event: 10.292 Thread 0x000001837f6c4880 DEOPT PACKING pc=0x00000183757e3b4c sp=0x000000643acf9ac0
Event: 10.292 Thread 0x000001837f6c4880 DEOPT UNPACKING pc=0x00000183751d6da2 sp=0x000000643acf9a38 mode 2
Event: 10.307 Thread 0x000001837f6c4880 Uncommon trap: trap_request=0xffffff45 fr.pc=0x00000183757e26f4 relative=0x0000000000000994
Event: 10.307 Thread 0x000001837f6c4880 Uncommon trap: reason=unstable_if action=reinterpret pc=0x00000183757e26f4 method=java.util.concurrent.ConcurrentHashMap.putVal(Ljava/lang/Object;Ljava/lang/Object;Z)Ljava/lang/Object; @ 148 c2
Event: 10.307 Thread 0x000001837f6c4880 DEOPT PACKING pc=0x00000183757e26f4 sp=0x000000643acf9160
Event: 10.307 Thread 0x000001837f6c4880 DEOPT UNPACKING pc=0x00000183751d6da2 sp=0x000000643acf90d0 mode 2
Event: 10.318 Thread 0x000001837f6c4880 Uncommon trap: trap_request=0xffffff45 fr.pc=0x00000183757d51f0 relative=0x00000000000014f0
Event: 10.318 Thread 0x000001837f6c4880 Uncommon trap: reason=unstable_if action=reinterpret pc=0x00000183757d51f0 method=java.io.WinNTFileSystem.normalize(Ljava/lang/String;II)Ljava/lang/String; @ 100 c2
Event: 10.318 Thread 0x000001837f6c4880 DEOPT PACKING pc=0x00000183757d51f0 sp=0x000000643acf95b0
Event: 10.319 Thread 0x000001837f6c4880 DEOPT UNPACKING pc=0x00000183751d6da2 sp=0x000000643acf94f0 mode 2
Event: 10.382 Thread 0x000001837f6c4880 Uncommon trap: trap_request=0xffffff45 fr.pc=0x00000183757a8014 relative=0x0000000000000074
Event: 10.382 Thread 0x000001837f6c4880 Uncommon trap: reason=unstable_if action=reinterpret pc=0x00000183757a8014 method=java.io.BufferedInputStream.getBufIfOpen(Z)[B @ 13 c2
Event: 10.382 Thread 0x000001837f6c4880 DEOPT PACKING pc=0x00000183757a8014 sp=0x000000643acf8ec0
Event: 10.382 Thread 0x000001837f6c4880 DEOPT UNPACKING pc=0x00000183751d6da2 sp=0x000000643acf8de8 mode 2
Event: 10.392 Thread 0x000001837f6c4880 Uncommon trap: trap_request=0xffffff45 fr.pc=0x00000183757a7d34 relative=0x0000000000000094
Event: 10.392 Thread 0x000001837f6c4880 Uncommon trap: reason=unstable_if action=reinterpret pc=0x00000183757a7d34 method=java.io.BufferedInputStream.getBufIfOpen(Z)[B @ 13 c2
Event: 10.392 Thread 0x000001837f6c4880 DEOPT PACKING pc=0x00000183757a7d34 sp=0x000000643acf8fe0
Event: 10.392 Thread 0x000001837f6c4880 DEOPT UNPACKING pc=0x00000183751d6da2 sp=0x000000643acf8f70 mode 2

Classes loaded (20 events):
Event: 10.348 Loading class java/lang/CloneNotSupportedException
Event: 10.348 Loading class java/lang/CloneNotSupportedException done
Event: 10.413 Loading class java/util/stream/ReferencePipeline$5
Event: 10.413 Loading class java/util/stream/LongPipeline$StatelessOp
Event: 10.415 Loading class java/util/stream/LongPipeline
Event: 10.415 Loading class java/util/stream/LongStream
Event: 10.416 Loading class java/util/stream/LongStream done
Event: 10.416 Loading class java/util/stream/LongPipeline done
Event: 10.416 Loading class java/util/stream/LongPipeline$StatelessOp done
Event: 10.416 Loading class java/util/stream/ReferencePipeline$5 done
Event: 10.416 Loading class java/util/function/LongBinaryOperator
Event: 10.416 Loading class java/util/function/LongBinaryOperator done
Event: 10.417 Loading class java/util/stream/ReduceOps$10
Event: 10.417 Loading class java/util/stream/ReduceOps$10 done
Event: 10.417 Loading class java/util/stream/ReduceOps$8ReducingSink
Event: 10.417 Loading class java/util/stream/Sink$OfLong
Event: 10.418 Loading class java/util/stream/Sink$OfLong done
Event: 10.418 Loading class java/util/stream/ReduceOps$8ReducingSink done
Event: 10.418 Loading class java/util/stream/ReferencePipeline$5$1
Event: 10.418 Loading class java/util/stream/ReferencePipeline$5$1 done

Classes unloaded (0 events):
No events

Classes redefined (0 events):
No events

Internal exceptions (20 events):
Event: 4.182 Thread 0x00000183687a1f90 Exception <a 'java/lang/ClassNotFoundException'{0x00000000d5587fa0}: sun/net/www/protocol/c/Handler> (0x00000000d5587fa0) 
thrown [s\src\hotspot\share\classfile\systemDictionary.cpp, line 312]
Event: 4.483 Thread 0x00000183687a1f90 Exception <a 'java/io/FileNotFoundException'{0x00000000d55b0868}> (0x00000000d55b0868) 
thrown [s\src\hotspot\share\prims\jni.cpp, line 520]
Event: 4.653 Thread 0x00000183687a1f90 Implicit null exception at 0x000001837577c229 to 0x000001837577cac8
Event: 4.654 Thread 0x00000183687a1f90 Implicit null exception at 0x000001837579139a to 0x00000183757915a0
Event: 4.654 Thread 0x00000183687a1f90 Exception <a 'java/lang/NoSuchMethodError'{0x00000000d56e1538}: 'void java.lang.invoke.DirectMethodHandle$Holder.invokeStatic(java.lang.Object, java.lang.Object, java.lang.Object, java.lang.Object)'> (0x00000000d56e1538) 
thrown [s\src\hotspot\share\interpreter\linkResolver.cpp, line 773]
Event: 4.656 Thread 0x00000183687a1f90 Implicit null exception at 0x0000018375782a1a to 0x0000018375782c24
Event: 4.656 Thread 0x00000183687a1f90 Implicit null exception at 0x000001837577ff3d to 0x000001837577ffc1
Event: 5.069 Thread 0x00000183687a1f90 Exception <a 'java/lang/NoSuchMethodError'{0x00000000d59a7118}: 'void java.lang.invoke.DirectMethodHandle$Holder.invokeSpecial(java.lang.Object, java.lang.Object, java.lang.Object)'> (0x00000000d59a7118) 
thrown [s\src\hotspot\share\interpreter\linkResolver.cpp, line 773]
Event: 7.398 Thread 0x00000183687a1f90 Exception <a 'java/lang/NoSuchMethodError'{0x00000000d62da220}: 'int java.lang.invoke.DirectMethodHandle$Holder.invokeVirtual(java.lang.Object, java.lang.Object)'> (0x00000000d62da220) 
thrown [s\src\hotspot\share\interpreter\linkResolver.cpp, line 773]
Event: 7.856 Thread 0x00000183687a1f90 Exception <a 'java/lang/NoSuchMethodError'{0x00000000d6460068}: 'int java.lang.invoke.DirectMethodHandle$Holder.invokeStaticInit(java.lang.Object, java.lang.Object, java.lang.Object, java.lang.Object)'> (0x00000000d6460068) 
thrown [s\src\hotspot\share\interpreter\linkResolver.cpp, line 773]
Event: 7.859 Thread 0x00000183687a1f90 Exception <a 'java/lang/IncompatibleClassChangeError'{0x00000000d64686c0}: Found class java.lang.Object, but interface was expected> (0x00000000d64686c0) 
thrown [s\src\hotspot\share\interpreter\linkResolver.cpp, line 840]
Event: 7.863 Thread 0x00000183687a1f90 Exception <a 'java/lang/NoSuchMethodError'{0x00000000d646f590}: 'void java.lang.invoke.DirectMethodHandle$Holder.invokeStaticInit(java.lang.Object, java.lang.Object)'> (0x00000000d646f590) 
thrown [s\src\hotspot\share\interpreter\linkResolver.cpp, line 773]
Event: 7.864 Thread 0x00000183687a1f90 Exception <a 'java/lang/NoSuchMethodError'{0x00000000d6479088}: 'int java.lang.invoke.DirectMethodHandle$Holder.invokeStaticInit(java.lang.Object, java.lang.Object)'> (0x00000000d6479088) 
thrown [s\src\hotspot\share\interpreter\linkResolver.cpp, line 773]
Event: 7.963 Thread 0x00000183687a1f90 Exception <a 'java/lang/NoSuchMethodError'{0x00000000d66e20d0}: 'java.lang.Object java.lang.invoke.DirectMethodHandle$Holder.newInvokeSpecial(java.lang.Object, int, java.lang.Object)'> (0x00000000d66e20d0) 
thrown [s\src\hotspot\share\interpreter\linkResolver.cpp, line 773]
Event: 8.120 Thread 0x00000183687a1f90 Exception <a 'java/lang/ClassNotFoundException'{0x00000000d69010f8}: sun/net/www/protocol/plurl/Handler> (0x00000000d69010f8) 
thrown [s\src\hotspot\share\classfile\systemDictionary.cpp, line 312]
Event: 8.120 Thread 0x00000183687a1f90 Exception <a 'java/lang/ClassNotFoundException'{0x00000000d6901f78}: sun/net/www/protocol/plurl/Handler> (0x00000000d6901f78) 
thrown [s\src\hotspot\share\classfile\systemDictionary.cpp, line 312]
Event: 9.956 Thread 0x00000183687a1f90 Exception <a 'java/lang/UnsatisfiedLinkError'{0x00000000d6d87ea0}: 'void org.eclipse.equinox.launcher.JNIBridge._update_splash()'> (0x00000000d6d87ea0) 
thrown [s\src\hotspot\share\prims\nativeLookup.cpp, line 415]
Event: 10.104 Thread 0x000001837f6c4880 Exception <a 'java/lang/NullPointerException'{0x00000000d58b3040}> (0x00000000d58b3040) 
thrown [s\src\hotspot\share\interpreter\linkResolver.cpp, line 1372]
Event: 10.104 Thread 0x000001837f6c4880 Exception <a 'java/lang/NullPointerException'{0x00000000d58b3320}> (0x00000000d58b3320) 
thrown [s\src\hotspot\share\interpreter\linkResolver.cpp, line 1372]
Event: 10.395 Thread 0x000001837f6c4880 Exception <a 'java/lang/NoSuchMethodError'{0x00000000d61abea8}: 'long java.lang.invoke.DirectMethodHandle$Holder.invokeSpecial(java.lang.Object, java.lang.Object)'> (0x00000000d61abea8) 
thrown [s\src\hotspot\share\interpreter\linkResolver.cpp, line 773]

ZGC Phase Switch (0 events):
No events

VM Operations (20 events):
Event: 5.138 Executing safepoint VM operation: Cleanup
Event: 5.138 Executing safepoint VM operation: Cleanup done
Event: 6.150 Executing safepoint VM operation: Cleanup
Event: 6.151 Executing safepoint VM operation: Cleanup done
Event: 7.162 Executing safepoint VM operation: Cleanup
Event: 7.162 Executing safepoint VM operation: Cleanup done
Event: 7.901 Executing non-safepoint VM operation: HandshakeAllThreads (Deoptimize)
Event: 7.902 Executing non-safepoint VM operation: HandshakeAllThreads (Deoptimize) done
Event: 7.941 Executing non-safepoint VM operation: HandshakeAllThreads (Deoptimize)
Event: 7.941 Executing non-safepoint VM operation: HandshakeAllThreads (Deoptimize) done
Event: 8.032 Executing non-safepoint VM operation: HandshakeAllThreads (Deoptimize)
Event: 8.033 Executing non-safepoint VM operation: HandshakeAllThreads (Deoptimize) done
Event: 8.113 Executing non-safepoint VM operation: HandshakeAllThreads (Deoptimize)
Event: 8.113 Executing non-safepoint VM operation: HandshakeAllThreads (Deoptimize) done
Event: 9.115 Executing safepoint VM operation: Cleanup
Event: 9.115 Executing safepoint VM operation: Cleanup done
Event: 10.002 Executing safepoint VM operation: ParallelGCFailedAllocation (Allocation Failure)
Event: 10.009 Executing safepoint VM operation: ParallelGCFailedAllocation (Allocation Failure) done
Event: 10.244 Executing non-safepoint VM operation: HandshakeAllThreads (Deoptimize)
Event: 10.244 Executing non-safepoint VM operation: HandshakeAllThreads (Deoptimize) done

Memory protections (0 events):
No events

Nmethod flushes (0 events):
No events

Events (15 events):
Event: 0.179 Thread 0x00000183687a1f90 Thread added: 0x00000183687a1f90
Event: 0.242 Thread 0x00000183687a1f90 Thread added: 0x000001837d4e4fd0
Event: 0.242 Thread 0x00000183687a1f90 Thread added: 0x000001837d4e9c30
Event: 0.244 Thread 0x00000183687a1f90 Thread added: 0x000001837d4ec210
Event: 0.244 Thread 0x00000183687a1f90 Thread added: 0x000001837d4ed2e0
Event: 0.244 Thread 0x00000183687a1f90 Thread added: 0x000001837d4eed70
Event: 0.244 Thread 0x00000183687a1f90 Thread added: 0x000001837d4f4540
Event: 0.245 Thread 0x00000183687a1f90 Thread added: 0x000001837d4f7df0
Event: 0.246 Thread 0x00000183687a1f90 Thread added: 0x000001837d4fe540
Event: 0.424 Thread 0x00000183687a1f90 Thread added: 0x000001837ef641d0
Event: 1.799 Thread 0x00000183687a1f90 Thread added: 0x000001837f09e450
Event: 7.885 Thread 0x00000183687a1f90 Thread added: 0x000001837f461930
Event: 9.950 Thread 0x00000183687a1f90 Thread added: 0x000001837f6c3f40
Event: 9.955 Thread 0x00000183687a1f90 Thread added: 0x000001837f6c4880
Event: 10.227 Thread 0x000001837f6c4880 Thread added: 0x000001837eedf450


Dynamic libraries:
0x00007ff788320000 - 0x00007ff78832e000 	c:\Users\lequa\.antigravity\extensions\redhat.java-1.54.0-win32-x64\jre\21.0.10-win32-x86_64\bin\java.exe
0x00007ff9c1e50000 - 0x00007ff9c2068000 	C:\WINDOWS\SYSTEM32\ntdll.dll
0x00007ff9c08b0000 - 0x00007ff9c0974000 	C:\WINDOWS\System32\KERNEL32.DLL
0x00007ff9bef60000 - 0x00007ff9bf333000 	C:\WINDOWS\System32\KERNELBASE.dll
0x00007ff9bf7b0000 - 0x00007ff9bf8c1000 	C:\WINDOWS\System32\ucrtbase.dll
0x00007ff974820000 - 0x00007ff97483e000 	c:\Users\lequa\.antigravity\extensions\redhat.java-1.54.0-win32-x64\jre\21.0.10-win32-x86_64\bin\VCRUNTIME140.dll
0x00007ff96d330000 - 0x00007ff96d348000 	c:\Users\lequa\.antigravity\extensions\redhat.java-1.54.0-win32-x64\jre\21.0.10-win32-x86_64\bin\jli.dll
0x00007ff9c1750000 - 0x00007ff9c1902000 	C:\WINDOWS\System32\USER32.dll
0x00007ff9bfa40000 - 0x00007ff9bfa66000 	C:\WINDOWS\System32\win32u.dll
0x00007ff9bfbd0000 - 0x00007ff9bfbf9000 	C:\WINDOWS\System32\GDI32.dll
0x00007ff9bf340000 - 0x00007ff9bf45b000 	C:\WINDOWS\System32\gdi32full.dll
0x00007ff9bf710000 - 0x00007ff9bf7aa000 	C:\WINDOWS\System32\msvcp_win.dll
0x00007ff9a6b10000 - 0x00007ff9a6dac000 	C:\WINDOWS\WinSxS\amd64_microsoft.windows.common-controls_6595b64144ccf1df_6.0.22621.6060_none_2712eda17382d24b\COMCTL32.dll
0x00007ff9c1910000 - 0x00007ff9c19b7000 	C:\WINDOWS\System32\msvcrt.dll
0x00007ff9c0af0000 - 0x00007ff9c0b21000 	C:\WINDOWS\System32\IMM32.DLL
0x0000000063910000 - 0x000000006391d000 	D:\360\Total Security\safemon\SafeWrapper.dll
0x00007ff9c0c40000 - 0x00007ff9c0cf1000 	C:\WINDOWS\System32\ADVAPI32.dll
0x00007ff9c1a90000 - 0x00007ff9c1b38000 	C:\WINDOWS\System32\sechost.dll
0x00007ff9bf8d0000 - 0x00007ff9bf8f8000 	C:\WINDOWS\System32\bcrypt.dll
0x00007ff9c1b50000 - 0x00007ff9c1c68000 	C:\WINDOWS\System32\RPCRT4.dll
0x00007ff9b4750000 - 0x00007ff9b4855000 	D:\360\Total Security\safemon\libzdtp64.dll
0x00007ff9c0eb0000 - 0x00007ff9c174c000 	C:\WINDOWS\System32\SHELL32.dll
0x00007ff9bf460000 - 0x00007ff9bf59f000 	C:\WINDOWS\System32\wintypes.dll
0x00007ff9bfdf0000 - 0x00007ff9c0181000 	C:\WINDOWS\System32\combase.dll
0x00007ff9bfc70000 - 0x00007ff9bfcd9000 	C:\WINDOWS\System32\SHLWAPI.dll
0x00007ff9be910000 - 0x00007ff9be91a000 	C:\WINDOWS\SYSTEM32\VERSION.dll
0x00007ff99f250000 - 0x00007ff99f25c000 	c:\Users\lequa\.antigravity\extensions\redhat.java-1.54.0-win32-x64\jre\21.0.10-win32-x86_64\bin\vcruntime140_1.dll
0x00007ff91c8b0000 - 0x00007ff91c93d000 	c:\Users\lequa\.antigravity\extensions\redhat.java-1.54.0-win32-x64\jre\21.0.10-win32-x86_64\bin\msvcp140.dll
0x00007ff8eb1f0000 - 0x00007ff8ebf91000 	c:\Users\lequa\.antigravity\extensions\redhat.java-1.54.0-win32-x64\jre\21.0.10-win32-x86_64\bin\server\jvm.dll
0x00007ff9bfce0000 - 0x00007ff9bfd51000 	C:\WINDOWS\System32\WS2_32.dll
0x00007ff9bee30000 - 0x00007ff9bee7d000 	C:\WINDOWS\SYSTEM32\POWRPROF.dll
0x00007ff9b44f0000 - 0x00007ff9b4524000 	C:\WINDOWS\SYSTEM32\WINMM.dll
0x00007ff9bee10000 - 0x00007ff9bee23000 	C:\WINDOWS\SYSTEM32\UMPDC.dll
0x00007ff9bde90000 - 0x00007ff9bdea8000 	C:\WINDOWS\SYSTEM32\kernel.appcore.dll
0x00007ff99e2d0000 - 0x00007ff99e2da000 	c:\Users\lequa\.antigravity\extensions\redhat.java-1.54.0-win32-x64\jre\21.0.10-win32-x86_64\bin\jimage.dll
0x00007ff9bc8b0000 - 0x00007ff9bcae3000 	C:\WINDOWS\SYSTEM32\DBGHELP.DLL
0x00007ff9bfaf0000 - 0x00007ff9bfbc8000 	C:\WINDOWS\System32\OLEAUT32.dll
0x00007ff9a0790000 - 0x00007ff9a07c2000 	C:\WINDOWS\SYSTEM32\dbgcore.DLL
0x00007ff9bfa70000 - 0x00007ff9bfaeb000 	C:\WINDOWS\System32\bcryptPrimitives.dll
0x00007ff9854b0000 - 0x00007ff9854bf000 	c:\Users\lequa\.antigravity\extensions\redhat.java-1.54.0-win32-x64\jre\21.0.10-win32-x86_64\bin\instrument.dll
0x00007ff9653e0000 - 0x00007ff965400000 	c:\Users\lequa\.antigravity\extensions\redhat.java-1.54.0-win32-x64\jre\21.0.10-win32-x86_64\bin\java.dll
0x00007ff9bcda0000 - 0x00007ff9bd6ba000 	C:\WINDOWS\SYSTEM32\windows.storage.dll
0x00007ff9c0b30000 - 0x00007ff9c0c34000 	C:\WINDOWS\System32\SHCORE.dll
0x00007ff9bee90000 - 0x00007ff9beeb5000 	C:\WINDOWS\SYSTEM32\profapi.dll
0x00007ff9653c0000 - 0x00007ff9653d8000 	c:\Users\lequa\.antigravity\extensions\redhat.java-1.54.0-win32-x64\jre\21.0.10-win32-x86_64\bin\zip.dll
0x00007ff97c1d0000 - 0x00007ff97c1e0000 	C:\Users\lequa\.antigravity\extensions\redhat.java-1.54.0-win32-x64\jre\21.0.10-win32-x86_64\bin\net.dll
0x00007ff9b6780000 - 0x00007ff9b68ac000 	C:\WINDOWS\SYSTEM32\WINHTTP.dll
0x00007ff9be360000 - 0x00007ff9be3c9000 	C:\WINDOWS\system32\mswsock.dll
0x00007ff960c70000 - 0x00007ff960c86000 	C:\Users\lequa\.antigravity\extensions\redhat.java-1.54.0-win32-x64\jre\21.0.10-win32-x86_64\bin\nio.dll
0x00007ff979c10000 - 0x00007ff979c20000 	c:\Users\lequa\.antigravity\extensions\redhat.java-1.54.0-win32-x64\jre\21.0.10-win32-x86_64\bin\verify.dll
0x00007ff96b4e0000 - 0x00007ff96b525000 	C:\Users\lequa\AppData\Roaming\Antigravity\User\globalStorage\redhat.java\1.54.0\config_ss_win\org.eclipse.equinox.launcher\org.eclipse.equinox.launcher.win32.win32.x86_64_1.3.0.v20260203-2149\eclipse_11919.dll
0x00007ff9c0d00000 - 0x00007ff9c0ea1000 	C:\WINDOWS\System32\ole32.dll

JVMTI agents:
c:\Users\lequa\.antigravity\extensions\redhat.java-1.54.0-win32-x64\lombok\lombok-1.18.39-4050.jar path:c:\Users\lequa\.antigravity\extensions\redhat.java-1.54.0-win32-x64\jre\21.0.10-win32-x86_64\bin\instrument.dll, loaded, initialized, instrumentlib options:none

dbghelp: loaded successfully - version: 4.0.5 - missing functions: none
symbol engine: initialized successfully - sym options: 0x614 - pdb path: .;c:\Users\lequa\.antigravity\extensions\redhat.java-1.54.0-win32-x64\jre\21.0.10-win32-x86_64\bin;C:\WINDOWS\SYSTEM32;C:\WINDOWS\WinSxS\amd64_microsoft.windows.common-controls_6595b64144ccf1df_6.0.22621.6060_none_2712eda17382d24b;D:\360\Total Security\safemon;c:\Users\lequa\.antigravity\extensions\redhat.java-1.54.0-win32-x64\jre\21.0.10-win32-x86_64\bin\server;C:\Users\lequa\AppData\Roaming\Antigravity\User\globalStorage\redhat.java\1.54.0\config_ss_win\org.eclipse.equinox.launcher\org.eclipse.equinox.launcher.win32.win32.x86_64_1.3.0.v20260203-2149

VM Arguments:
jvm_args: --add-modules=ALL-SYSTEM --add-opens=java.base/java.util=ALL-UNNAMED --add-opens=java.base/java.lang=ALL-UNNAMED --add-opens=java.base/sun.nio.fs=ALL-UNNAMED -Declipse.application=org.eclipse.jdt.ls.core.id1 -Dosgi.bundles.defaultStartLevel=4 -Declipse.product=org.eclipse.jdt.ls.core.product -Djava.import.generatesMetadataFilesAtProjectRoot=false -DDetectVMInstallationsJob.disabled=true -Dfile.encoding=utf8 -XX:+UseParallelGC -XX:GCTimeRatio=4 -XX:AdaptiveSizePolicyWeight=90 -Dsun.zip.disableMemoryMapping=true -Xmx2G -Xms100m -Xlog:disable -javaagent:c:\Users\lequa\.antigravity\extensions\redhat.java-1.54.0-win32-x64\lombok\lombok-1.18.39-4050.jar 
java_command: c:\Users\lequa\.antigravity\extensions\redhat.java-1.54.0-win32-x64\server\plugins\org.eclipse.equinox.launcher_1.7.100.v20251111-0406.jar -configuration c:\Users\lequa\AppData\Roaming\Antigravity\User\globalStorage\redhat.java\1.54.0\config_ss_win -data c:\Users\lequa\AppData\Roaming\Antigravity\User\workspaceStorage\a5b70fa8f2d224bbf0d0530f3c5eba22\redhat.java\ss_ws --pipe=\\.\pipe\lsp-e6725557cdef016e938730382c1d5075-sock
java_class_path (initial): c:\Users\lequa\.antigravity\extensions\redhat.java-1.54.0-win32-x64\server\plugins\org.eclipse.equinox.launcher_1.7.100.v20251111-0406.jar
Launcher Type: SUN_STANDARD

[Global flags]
    uintx AdaptiveSizePolicyWeight                 = 90                                        {product} {command line}
     intx CICompilerCount                          = 4                                         {product} {ergonomic}
    uintx GCTimeRatio                              = 4                                         {product} {command line}
   size_t InitialHeapSize                          = 104857600                                 {product} {command line}
   size_t MaxHeapSize                              = 2147483648                                {product} {command line}
   size_t MaxNewSize                               = 715653120                                 {product} {ergonomic}
   size_t MinHeapDeltaBytes                        = 524288                                    {product} {ergonomic}
   size_t MinHeapSize                              = 104857600                                 {product} {command line}
   size_t NewSize                                  = 34603008                                  {product} {ergonomic}
    uintx NonNMethodCodeHeapSize                   = 5839372                                {pd product} {ergonomic}
    uintx NonProfiledCodeHeapSize                  = 122909434                              {pd product} {ergonomic}
   size_t OldSize                                  = 70254592                                  {product} {ergonomic}
    uintx ProfiledCodeHeapSize                     = 122909434                              {pd product} {ergonomic}
    uintx ReservedCodeCacheSize                    = 251658240                              {pd product} {ergonomic}
     bool SegmentedCodeCache                       = true                                      {product} {ergonomic}
   size_t SoftMaxHeapSize                          = 2147483648                             {manageable} {ergonomic}
     bool UseCompressedOops                        = true                           {product lp64_product} {ergonomic}
     bool UseLargePagesIndividualAllocation        = false                                  {pd product} {ergonomic}
     bool UseParallelGC                            = true                                      {product} {command line}

Logging:
Log output configuration:
 #0: stdout all=off uptime,level,tags foldmultilines=false
 #1: stderr all=off uptime,level,tags foldmultilines=false

Release file:
JAVA_VERSION="21.0.10" 
MODULES="java.base java.compiler java.datatransfer java.xml java.prefs java.desktop java.instrument java.logging java.management java.security.sasl java.naming java.rmi java.management.rmi java.net.http java.scripting java.security.jgss java.transaction.xa java.sql java.sql.rowset java.xml.crypto java.se java.smartcardio jdk.accessibility jdk.internal.jvmstat jdk.attach jdk.charsets jdk.internal.opt jdk.zipfs jdk.compiler jdk.crypto.ec jdk.crypto.cryptoki jdk.crypto.mscapi jdk.dynalink jdk.internal.ed jdk.editpad jdk.hotspot.agent jdk.httpserver jdk.internal.le jdk.internal.vm.ci jdk.internal.vm.compiler jdk.internal.vm.compiler.management jdk.jartool jdk.javadoc jdk.jcmd jdk.management jdk.management.agent jdk.jconsole jdk.jdeps jdk.jdwp.agent jdk.jdi jdk.jfr jdk.jshell jdk.jsobject jdk.jstatd jdk.localedata jdk.management.jfr jdk.naming.dns jdk.naming.rmi jdk.net jdk.nio.mapmode jdk.random jdk.sctp jdk.security.auth jdk.security.jgss jdk.unsupported jdk.unsupported.desktop jdk.xml.dom" 

Environment Variables:
JAVA_HOME=D:\Java\jdk-21
PATH=C:\Program Files\Volta\;D:\Eclipse Adoptium\jdk-21.0.9.10-hotspot\bin;C:\Program Files\BraveSoftware\Brave-Browser\Application;C:\Program Files\Common Files\Oracle\Java\javapath;C:\Program Files\Python39\Scripts\;C:\Program Files\Python39\;C:\WINDOWS\system32;C:\WINDOWS;C:\WINDOWS\System32\Wbem;C:\WINDOWS\System32\WindowsPowerShell\v1.0\;C:\WINDOWS\System32\OpenSSH\;D:\Git\cmd;D:\MinGW\bin;C:\Program Files\HP\HP One Agent;C:\Program Files\Git\cmd;C:\Program Files\Microsoft SQL Server\Client SDK\ODBC\170\Tools\Binn\;C:\Program Files\dotnet\;C:\msys64\mingw64\bin;D:\JetBrains\IntelliJ IDEA Community Edition 2023.3.3\bin;D:\PyCharm 2024.2\bin;C:\Users\lequ;D:\Java\jdk-21\bin;C:\Users\lequa\Downloads\apache-maven-3.9.9\bin;D:\MinGW\bin;C:\Program Files\Microsoft SQL Server\170\DTS\Binn\;D:\cursor\resources\app\bin;D:\apache-maven-3.9.12-bin\apache-maven-3.9.12\bin;C:\Program Files\Cloudflare\Cloudflare WARP\;C:\Program Files\Docker\Docker\resources\bin;C:\Program Files\nodejs\;C:\Users\lequa\AppData\Local\Programs\Python\Python314\Scripts\;C:\Users\lequa\AppData\Local\Programs\Python\Python314\;d:\AppData\Local\Programs\cursor\resources\app\codeBin;C:\Users\lequa\AppData\Local\Volta\bin;D:\Python313\Scripts\;D:\Python313\;C:\msys64\mingw64\bin;D:\JetBrains\IntelliJ IDEA Community Edition 2023.3.3\bin;D:\JetBrains\PyCharm 2025.1.3.1\bin;C:\Users\lequa\AppData\Local\Muse Hub\lib;D:\JetBrains\IntelliJ IDEA 2025.3.1\bin;D:\JetBrains\WebStorm 2024.2.3\bin;D:\JetBrains\JetBrains Rider 2024.2.7\bin;C:\Users\lequa\.dotnet\tools;C:\Users\lequa\AppData\Local\Python\bin;D:\Antigravity\bin;C:\Users\lequa\AppData\Local\Programs\Microsoft VS Code\bin;D:\Programs\cursor\resources\app\bin;D:\AppData\Local\Programs\Kiro\bin;C:\Users\lequa\AppData\Roaming\npm;C:\Users\lequa\AppData\Local\JetBrains\Toolbox\scripts;
USERNAME=lequa
OS=Windows_NT
PROCESSOR_IDENTIFIER=Intel64 Family 6 Model 140 Stepping 1, GenuineIntel
TMP=C:\Users\lequa\AppData\Local\Temp
TEMP=C:\Users\lequa\AppData\Local\Temp




Periodic native trim disabled

---------------  S Y S T E M  ---------------

OS:
 Windows 11 , 64 bit Build 22621 (10.0.22621.5415)
OS uptime: 0 days 0:34 hours
Hyper-V role detected

CPU: total 8 (initial active 8) (4 cores per cpu, 2 threads per core) family 6 model 140 stepping 1 microcode 0xb4, cx8, cmov, fxsr, ht, mmx, 3dnowpref, sse, sse2, sse3, ssse3, sse4.1, sse4.2, popcnt, lzcnt, tsc, tscinvbit, avx, avx2, aes, erms, clmul, bmi1, bmi2, adx, avx512f, avx512dq, avx512cd, avx512bw, avx512vl, sha, fma, vzeroupper, avx512_vpopcntdq, avx512_vpclmulqdq, avx512_vaes, avx512_vnni, clflush, clflushopt, clwb, avx512_vbmi2, avx512_vbmi, hv, rdtscp, rdpid, fsrm, gfni, avx512_bitalg, f16c, cet_ibt, cet_ss, avx512_ifma
Processor Information for the first 8 processors :
  Max Mhz: 2401, Current Mhz: 2400, Mhz Limit: 2376

Memory: 4k page, system-wide physical 7834M (196M free)
TotalPageFile size 17056M (AvailPageFile size 32M)
current process WorkingSet (physical memory assigned to process): 97M, peak: 97M
current process commit charge ("private bytes"): 242M, peak: 242M

vm_info: OpenJDK 64-Bit Server VM (21.0.10+7-LTS) for windows-amd64 JRE (21.0.10+7-LTS), built on 2026-01-20T00:00:00Z by "admin" with MS VC++ 17.12 (VS2022)

END.
